<html>
<body>
<pre>
<h1>µVision Build Log</h1>
<h2>Tool Versions:</h2>
IDE-Version: ¦ÌVision V5.41.0.0
Copyright (C) 2024 ARM Ltd and ARM Germany GmbH. All rights reserved.
License Information: Administrator Administrator, Administrator, LIC=ATTQ1-CK7W6-56BQ2-9G70N-NM03J-SZ96R
 
Tool Versions:
Toolchain:       MDK-ARM Plus  Version: 5.41.0.0
Toolchain Path:  D:\keilv5\ARM\ARMCLANG\Bin
C Compiler:      ArmClang.exe V6.22
Assembler:       Armasm.exe V6.22
Linker/Locator:  ArmLink.exe V6.22
Library Manager: ArmAr.exe V6.22
Hex Converter:   FromElf.exe V6.22
CPU DLL:         SARMCM3.DLL V5.41.0.0
Dialog DLL:      DARMCM1.DLL V1.19.6.0
Target DLL:      CMSIS_AGDI.dll V1.33.21.0
Dialog DLL:      TARMCM1.DLL V1.14.6.0
 
<h2>Project:</h2>
E:\gfd\G2\myMCU_based_on_mspm0\test1\keil\myMCU.uvprojx
Project File Date:  03/04/2025

<h2>Output:</h2>
*** Using Compiler 'V6.22', folder: 'D:\keilv5\ARM\ARMCLANG\Bin'
Rebuild target 'myMCU'
Before Build - User command #1: cmd.exe /C "E:\gfd\G2\myMCU_based_on_mspm0\test1\keil\../tools/keil/syscfg.bat 'E:\gfd\G2\myMCU_based_on_mspm0\test1\keil\' myMCU.syscfg"
Using Sysconfig Tool from "C:\ti\sysconfig_1.21.2\sysconfig_cli.bat"
"Update the file located at <sdk path>/tools/keil/syscfg.bat to use a different version"
Running script...
Validating...
info: LFXT(/ti/clockTree/pinFunction.js) enable: After LFXT is enabled, the internal LFOSC is disabled, and cannot be re-enabled other than by executing a BOOTRST.
info: TIMER(/ti/driverlib/TIMER): Peripheral does not retain register contents in STOP or STANDBY modes. User should take care to save and restore register configuration in application. See Retention Configuration section for more details.
info: UART_0(/ti/driverlib/UART) DMA_CHANNEL_RX.channelID: Currently using a Full Channel.
Generating Code (myMCU.syscfg)...
Unchanged E:\gfd\G2\myMCU_based_on_mspm0\test1\keil\ti_msp_dl_config.c...
Unchanged E:\gfd\G2\myMCU_based_on_mspm0\test1\keil\ti_msp_dl_config.h...
Unchanged E:\gfd\G2\myMCU_based_on_mspm0\test1\keil\Event.dot...
assembling startup_mspm0g350x_uvision.s...
compiling BatConfig.c...
compiling UART_comm.c...
compiling FaultProtect.c...
compiling DataProcess.c...
compiling ti_msp_dl_config.c...
compiling PC_protocol.c...
compiling main.c...
compiling myMCUCommBSW.c...
compiling I2C_comm.c...
compiling BQ769x2_protocol.c...
compiling B5_SOC.c...
linking...
Program Size: Code=18172 RO-data=872 RW-data=56 ZI-data=1844  
FromELF: creating hex file...
"..\Objects\myMCU.axf" - 0 Error(s), 0 Warning(s).

<h2>Software Packages used:</h2>

Package Vendor: TexasInstruments
                https://software-dl.ti.com/msp430/esd/MSPM0-CMSIS/MSPM0G1X0X_G3X0X/latest/exports/TexasInstruments.MSPM0G1X0X_G3X0X_DFP.1.3.1.pack
                TexasInstruments::MSPM0G1X0X_G3X0X_DFP@1.3.1
                Device Family Pack for Texas Instruments MSPM0G1X0X_G3X0X Series

<h2>Collection of Component include folders:</h2>

<h2>Collection of Component Files used:</h2>
Build Time Elapsed:  00:00:03
</pre>
</body>
</html>
