Component: Arm Compiler for Embedded 6.22 Tool: armlink [5ee90200]

==============================================================================

Section Cross References

    ti_msp_dl_config.o(.text.SYSCFG_DL_init) refers to ti_msp_dl_config.o(.text.SYSCFG_DL_initPower) for SYSCFG_DL_initPower
    ti_msp_dl_config.o(.text.SYSCFG_DL_init) refers to ti_msp_dl_config.o(.text.SYSCFG_DL_GPIO_init) for SYSCFG_DL_GPIO_init
    ti_msp_dl_config.o(.text.SYSCFG_DL_init) refers to ti_msp_dl_config.o(.text.SYSCFG_DL_SYSCTL_init) for SYSCFG_DL_SYSCTL_init
    ti_msp_dl_config.o(.text.SYSCFG_DL_init) refers to ti_msp_dl_config.o(.text.SYSCFG_DL_TIMER_init) for SYSCFG_DL_TIMER_init
    ti_msp_dl_config.o(.text.SYSCFG_DL_init) refers to ti_msp_dl_config.o(.text.SYSCFG_DL_I2C_0_init) for SYSCFG_DL_I2C_0_init
    ti_msp_dl_config.o(.text.SYSCFG_DL_init) refers to ti_msp_dl_config.o(.text.SYSCFG_DL_UART_0_init) for SYSCFG_DL_UART_0_init
    ti_msp_dl_config.o(.text.SYSCFG_DL_init) refers to ti_msp_dl_config.o(.text.SYSCFG_DL_DMA_init) for SYSCFG_DL_DMA_init
    ti_msp_dl_config.o(.text.SYSCFG_DL_init) refers to ti_msp_dl_config.o(.text.SYSCFG_DL_SYSCTL_CLK_init) for SYSCFG_DL_SYSCTL_CLK_init
    ti_msp_dl_config.o(.text.SYSCFG_DL_init) refers to ti_msp_dl_config.o(.bss.gTIMERBackup) for gTIMERBackup
    ti_msp_dl_config.o(.ARM.exidx.text.SYSCFG_DL_init) refers to ti_msp_dl_config.o(.text.SYSCFG_DL_init) for [Anonymous Symbol]
    ti_msp_dl_config.o(.text.SYSCFG_DL_initPower) refers to dl_common.o(.text.DL_Common_delayCycles) for DL_Common_delayCycles
    ti_msp_dl_config.o(.ARM.exidx.text.SYSCFG_DL_initPower) refers to ti_msp_dl_config.o(.text.SYSCFG_DL_initPower) for [Anonymous Symbol]
    ti_msp_dl_config.o(.ARM.exidx.text.SYSCFG_DL_GPIO_init) refers to ti_msp_dl_config.o(.text.SYSCFG_DL_GPIO_init) for [Anonymous Symbol]
    ti_msp_dl_config.o(.text.SYSCFG_DL_SYSCTL_init) refers to dl_sysctl_mspm0g1x0x_g3x0x.o(.text.DL_SYSCTL_setLFCLKSourceLFXT) for DL_SYSCTL_setLFCLKSourceLFXT
    ti_msp_dl_config.o(.text.SYSCFG_DL_SYSCTL_init) refers to ti_msp_dl_config.o(.rodata.gLFCLKConfig) for [Anonymous Symbol]
    ti_msp_dl_config.o(.ARM.exidx.text.SYSCFG_DL_SYSCTL_init) refers to ti_msp_dl_config.o(.text.SYSCFG_DL_SYSCTL_init) for [Anonymous Symbol]
    ti_msp_dl_config.o(.text.SYSCFG_DL_TIMER_init) refers to dl_timer.o(.text.DL_Timer_setClockConfig) for DL_Timer_setClockConfig
    ti_msp_dl_config.o(.text.SYSCFG_DL_TIMER_init) refers to dl_timer.o(.text.DL_Timer_initTimerMode) for DL_Timer_initTimerMode
    ti_msp_dl_config.o(.text.SYSCFG_DL_TIMER_init) refers to ti_msp_dl_config.o(.rodata.gTIMERClockConfig) for [Anonymous Symbol]
    ti_msp_dl_config.o(.text.SYSCFG_DL_TIMER_init) refers to ti_msp_dl_config.o(.rodata.gTIMERTimerConfig) for [Anonymous Symbol]
    ti_msp_dl_config.o(.ARM.exidx.text.SYSCFG_DL_TIMER_init) refers to ti_msp_dl_config.o(.text.SYSCFG_DL_TIMER_init) for [Anonymous Symbol]
    ti_msp_dl_config.o(.text.SYSCFG_DL_I2C_0_init) refers to dl_i2c.o(.text.DL_I2C_setClockConfig) for DL_I2C_setClockConfig
    ti_msp_dl_config.o(.text.SYSCFG_DL_I2C_0_init) refers to ti_msp_dl_config.o(.rodata.gI2C_0ClockConfig) for [Anonymous Symbol]
    ti_msp_dl_config.o(.ARM.exidx.text.SYSCFG_DL_I2C_0_init) refers to ti_msp_dl_config.o(.text.SYSCFG_DL_I2C_0_init) for [Anonymous Symbol]
    ti_msp_dl_config.o(.text.SYSCFG_DL_UART_0_init) refers to dl_uart.o(.text.DL_UART_setClockConfig) for DL_UART_setClockConfig
    ti_msp_dl_config.o(.text.SYSCFG_DL_UART_0_init) refers to dl_uart.o(.text.DL_UART_init) for DL_UART_init
    ti_msp_dl_config.o(.text.SYSCFG_DL_UART_0_init) refers to ti_msp_dl_config.o(.rodata.gUART_0ClockConfig) for [Anonymous Symbol]
    ti_msp_dl_config.o(.text.SYSCFG_DL_UART_0_init) refers to ti_msp_dl_config.o(.rodata.gUART_0Config) for [Anonymous Symbol]
    ti_msp_dl_config.o(.ARM.exidx.text.SYSCFG_DL_UART_0_init) refers to ti_msp_dl_config.o(.text.SYSCFG_DL_UART_0_init) for [Anonymous Symbol]
    ti_msp_dl_config.o(.text.SYSCFG_DL_DMA_init) refers to ti_msp_dl_config.o(.text.SYSCFG_DL_DMA_CH0_init) for SYSCFG_DL_DMA_CH0_init
    ti_msp_dl_config.o(.ARM.exidx.text.SYSCFG_DL_DMA_init) refers to ti_msp_dl_config.o(.text.SYSCFG_DL_DMA_init) for [Anonymous Symbol]
    ti_msp_dl_config.o(.ARM.exidx.text.SYSCFG_DL_SYSCTL_CLK_init) refers to ti_msp_dl_config.o(.text.SYSCFG_DL_SYSCTL_CLK_init) for [Anonymous Symbol]
    ti_msp_dl_config.o(.text.SYSCFG_DL_saveConfiguration) refers to dl_timer.o(.text.DL_TimerA_saveConfiguration) for DL_TimerA_saveConfiguration
    ti_msp_dl_config.o(.text.SYSCFG_DL_saveConfiguration) refers to ti_msp_dl_config.o(.bss.gTIMERBackup) for gTIMERBackup
    ti_msp_dl_config.o(.ARM.exidx.text.SYSCFG_DL_saveConfiguration) refers to ti_msp_dl_config.o(.text.SYSCFG_DL_saveConfiguration) for [Anonymous Symbol]
[...]
    __arm_cp.16_1                            0x000020e8   Number         4  b5_soc.o(.text.BoxSOCCalVolCaliCal)
    __arm_cp.16_4                            0x000020ec   Number         4  b5_soc.o(.text.BoxSOCCalVolCaliCal)
    __arm_cp.16_5                            0x000020f0   Number         4  b5_soc.o(.text.BoxSOCCalVolCaliCal)
    __arm_cp.16_6                            0x000020f4   Number         4  b5_soc.o(.text.BoxSOCCalVolCaliCal)
    __arm_cp.16_7                            0x000020f8   Number         4  b5_soc.o(.text.BoxSOCCalVolCaliCal)
    __arm_cp.16_8                            0x000020fc   Number         4  b5_soc.o(.text.BoxSOCCalVolCaliCal)
    __arm_cp.16_9                            0x00002100   Number         4  b5_soc.o(.text.BoxSOCCalVolCaliCal)
    __arm_cp.16_10                           0x00002104   Number         4  b5_soc.o(.text.BoxSOCCalVolCaliCal)
    [Anonymous Symbol]                       0x00002108   Section        0  b5_soc.o(.text.BoxSOCInitEstimate)
    __arm_cp.9_0                             0x00002210   Number         4  b5_soc.o(.text.BoxSOCInitEstimate)
    __arm_cp.9_1                             0x00002214   Number         4  b5_soc.o(.text.BoxSOCInitEstimate)
    __arm_cp.9_2                             0x00002218   Number         4  b5_soc.o(.text.BoxSOCInitEstimate)
    __arm_cp.9_3                             0x0000221c   Number         4  b5_soc.o(.text.BoxSOCInitEstimate)
    [Anonymous Symbol]                       0x00002220   Section        0  b5_soc.o(.text.CaliK)
    __arm_cp.30_1                            0x00002348   Number         4  b5_soc.o(.text.CaliK)
    __arm_cp.30_2                            0x0000234c   Number         4  b5_soc.o(.text.CaliK)
    __arm_cp.30_3                            0x00002350   Number         4  b5_soc.o(.text.CaliK)
    __arm_cp.30_4                            0x00002354   Number         4  b5_soc.o(.text.CaliK)
    [Anonymous Symbol]                       0x00002358   Section        0  b5_soc.o(.text.CaliKChooseBasedOnSOC)
    __arm_cp.34_0                            0x000023d0   Number         4  b5_soc.o(.text.CaliKChooseBasedOnSOC)
    __arm_cp.34_1                            0x000023d4   Number         4  b5_soc.o(.text.CaliKChooseBasedOnSOC)
    __arm_cp.34_2                            0x000023d8   Number         4  b5_soc.o(.text.CaliKChooseBasedOnSOC)
    __arm_cp.34_3                            0x000023dc   Number         4  b5_soc.o(.text.CaliKChooseBasedOnSOC)
    __arm_cp.34_4                            0x000023e0   Number         4  b5_soc.o(.text.CaliKChooseBasedOnSOC)
    __arm_cp.34_5                            0x000023e4   Number         4  b5_soc.o(.text.CaliKChooseBasedOnSOC)
    __arm_cp.34_6                            0x000023e8   Number         4  b5_soc.o(.text.CaliKChooseBasedOnSOC)
    __arm_cp.34_7                            0x000023ec   Number         4  b5_soc.o(.text.CaliKChooseBasedOnSOC)
    __arm_cp.34_8                            0x000023f0   Number         4  b5_soc.o(.text.CaliKChooseBasedOnSOC)
    __arm_cp.34_9                            0x000023f4   Number         4  b5_soc.o(.text.CaliKChooseBasedOnSOC)
    __arm_cp.34_10                           0x000023f8   Number         4  b5_soc.o(.text.CaliKChooseBasedOnSOC)
    [Anonymous Symbol]                       0x000023fc   Section        0  bq769x2_protocol.o(.text.CellBalanceInit)
    [Anonymous Symbol]                       0x00002788   Section        0  bq769x2_protocol.o(.text.CellBalanceStatusGet)
    __arm_cp.21_0                            0x000027c0   Number         4  bq769x2_protocol.o(.text.CellBalanceStatusGet)
    __arm_cp.21_1                            0x000027c4   Number         4  bq769x2_protocol.o(.text.CellBalanceStatusGet)
    [Anonymous Symbol]                       0x000027c8   Section        0  b5_soc.o(.text.CellBalanceTask)
    __arm_cp.18_0                            0x00002bb4   Number         4  b5_soc.o(.text.CellBalanceTask)
    __arm_cp.18_1                            0x00002bb8   Number         4  b5_soc.o(.text.CellBalanceTask)
    __arm_cp.18_2                            0x00002bbc   Number         4  b5_soc.o(.text.CellBalanceTask)
    __arm_cp.18_3                            0x00002bc0   Number         4  b5_soc.o(.text.CellBalanceTask)
    __arm_cp.18_4                            0x00002bc4   Number         4  b5_soc.o(.text.CellBalanceTask)
    __arm_cp.18_5                            0x00002bc8   Number         4  b5_soc.o(.text.CellBalanceTask)
    __arm_cp.18_6                            0x00002bcc   Number         4  b5_soc.o(.text.CellBalanceTask)
    __arm_cp.18_7                            0x00002bd0   Number         4  b5_soc.o(.text.CellBalanceTask)
    [Anonymous Symbol]                       0x00002bd4   Section        0  bq769x2_protocol.o(.text.CloseCellBalance)
    [Anonymous Symbol]                       0x00002c24   Section        0  bq769x2_protocol.o(.text.CommandSubcommands)
    [Anonymous Symbol]                       0x00002c44   Section        0  dl_common.o(.text.DL_Common_delayCycles)
    [Anonymous Symbol]                       0x00002c50   Section        0  dl_dma.o(.text.DL_DMA_initChannel)
    __arm_cp.0_0                             0x00002c90   Number         4  dl_dma.o(.text.DL_DMA_initChannel)
    [Anonymous Symbol]                       0x00002c94   Section        0  dl_flashctl.o(.text.DL_FlashCTL_eraseMemoryFromRAM)
    __arm_cp.1_0                             0x00002ca8   Number         4  dl_flashctl.o(.text.DL_FlashCTL_eraseMemoryFromRAM)
    [Anonymous Symbol]                       0x00002cac   Section        0  dl_flashctl.o(.text.DL_FlashCTL_programMemory32WithECCGenerated)
    [Anonymous Symbol]                       0x00002cc8   Section        0  dl_flashctl.o(.text.DL_FlashCTL_unprotectSector)
    __arm_cp.39_0                            0x00002da8   Number         4  dl_flashctl.o(.text.DL_FlashCTL_unprotectSector)
    __arm_cp.39_1                            0x00002dac   Number         4  dl_flashctl.o(.text.DL_FlashCTL_unprotectSector)
    __arm_cp.39_2                            0x00002db0   Number         4  dl_flashctl.o(.text.DL_FlashCTL_unprotectSector)
    __arm_cp.39_3                            0x00002db4   Number         4  dl_flashctl.o(.text.DL_FlashCTL_unprotectSector)
    [Anonymous Symbol]                       0x00002db8   Section        0  dl_i2c.o(.text.DL_I2C_fillControllerTXFIFO)
    [Anonymous Symbol]                       0x00002de4   Section        0  dl_i2c.o(.text.DL_I2C_flushControllerRXFIFO)
    [Anonymous Symbol]                       0x00002e00   Section        0  dl_i2c.o(.text.DL_I2C_flushControllerTXFIFO)
    __arm_cp.3_0                             0x00002e24   Number         4  dl_i2c.o(.text.DL_I2C_flushControllerTXFIFO)
    [Anonymous Symbol]                       0x00002e28   Section        0  dl_i2c.o(.text.DL_I2C_setClockConfig)
    [Anonymous Symbol]                       0x00002e50   Section        0  dl_sysctl_mspm0g1x0x_g3x0x.o(.text.DL_SYSCTL_setLFCLKSourceLFXT)
    __arm_cp.1_0                             0x00002e90   Number         4  dl_sysctl_mspm0g1x0x_g3x0x.o(.text.DL_SYSCTL_setLFCLKSourceLFXT)
    __arm_cp.1_1                             0x00002e94   Number         4  dl_sysctl_mspm0g1x0x_g3x0x.o(.text.DL_SYSCTL_setLFCLKSourceLFXT)
    __arm_cp.1_2                             0x00002e98   Number         4  dl_sysctl_mspm0g1x0x_g3x0x.o(.text.DL_SYSCTL_setLFCLKSourceLFXT)
    __arm_cp.1_3                             0x00002e9c   Number         4  dl_sysctl_mspm0g1x0x_g3x0x.o(.text.DL_SYSCTL_setLFCLKSourceLFXT)
    [Anonymous Symbol]                       0x00002ea0   Section        0  dl_timer.o(.text.DL_Timer_initTimerMode)
    __arm_cp.2_0                             0x00002f80   Number         4  dl_timer.o(.text.DL_Timer_initTimerMode)
    __arm_cp.2_1                             0x00002f84   Number         4  dl_timer.o(.text.DL_Timer_initTimerMode)
    __arm_cp.2_2                             0x00002f88   Number         4  dl_timer.o(.text.DL_Timer_initTimerMode)
    __arm_cp.2_3                             0x00002f8c   Number         4  dl_timer.o(.text.DL_Timer_initTimerMode)
    [Anonymous Symbol]                       0x00002f90   Section        0  dl_timer.o(.text.DL_Timer_setClockConfig)
    __arm_cp.0_0                             0x00002fa8   Number         4  dl_timer.o(.text.DL_Timer_setClockConfig)
    [Anonymous Symbol]                       0x00002fac   Section        0  dl_uart.o(.text.DL_UART_fillTXFIFO)
    __arm_cp.11_0                            0x00002fd0   Number         4  dl_uart.o(.text.DL_UART_fillTXFIFO)
    [Anonymous Symbol]                       0x00002fd4   Section        0  dl_uart.o(.text.DL_UART_init)
    __arm_cp.0_0                             0x00003014   Number         4  dl_uart.o(.text.DL_UART_init)
    __arm_cp.0_1                             0x00003018   Number         4  dl_uart.o(.text.DL_UART_init)
    [Anonymous Symbol]                       0x0000301c   Section        0  dl_uart.o(.text.DL_UART_setClockConfig)
    [Anonymous Symbol]                       0x00003030   Section        0  faultprotect.o(.text.FaultDetect)
    __arm_cp.1_1                             0x00003070   Number         4  faultprotect.o(.text.FaultDetect)
    __arm_cp.1_2                             0x00003074   Number         4  faultprotect.o(.text.FaultDetect)
    __arm_cp.1_3                             0x00003078   Number         4  faultprotect.o(.text.FaultDetect)
    __arm_cp.1_4                             0x0000307c   Number         4  faultprotect.o(.text.FaultDetect)
    __arm_cp.1_5                             0x00003080   Number         4  faultprotect.o(.text.FaultDetect)
    __arm_cp.1_6                             0x00003084   Number         4  faultprotect.o(.text.FaultDetect)
    [Anonymous Symbol]                       0x00003088   Section        0  faultprotect.o(.text.FaultProtect_init)
    [Anonymous Symbol]                       0x0000308c   Section        0  main.o(.text.I2C1_IRQHandler)
    __arm_cp.3_0                             0x000030a0   Number         4  main.o(.text.I2C1_IRQHandler)
    [Anonymous Symbol]                       0x000030a4   Section        0  i2c_comm.o(.text.I2C_ReadReg)
    __arm_cp.2_4                             0x000031a0   Number         4  i2c_comm.o(.text.I2C_ReadReg)
    __arm_cp.2_5                             0x000031a4   Number         4  i2c_comm.o(.text.I2C_ReadReg)
    [Anonymous Symbol]                       0x000031a8   Section        0  i2c_comm.o(.text.I2C_WriteReg)
    __arm_cp.1_0                             0x00003248   Number         4  i2c_comm.o(.text.I2C_WriteReg)
    __arm_cp.1_1                             0x0000324c   Number         4  i2c_comm.o(.text.I2C_WriteReg)
    __arm_cp.1_2                             0x00003250   Number         4  i2c_comm.o(.text.I2C_WriteReg)
    __arm_cp.1_3                             0x00003254   Number         4  i2c_comm.o(.text.I2C_WriteReg)
    [Anonymous Symbol]                       0x00003258   Section        0  b5_soc.o(.text.InterpolVolBasedOnCur)
    __arm_cp.29_0                            0x000034f4   Number         4  b5_soc.o(.text.InterpolVolBasedOnCur)
    __arm_cp.29_1                            0x000034f8   Number         4  b5_soc.o(.text.InterpolVolBasedOnCur)
    __arm_cp.29_2                            0x000034fc   Number         4  b5_soc.o(.text.InterpolVolBasedOnCur)
    __arm_cp.29_3                            0x00003500   Number         4  b5_soc.o(.text.InterpolVolBasedOnCur)
    __arm_cp.29_4                            0x00003504   Number         4  b5_soc.o(.text.InterpolVolBasedOnCur)
    __arm_cp.29_5                            0x00003508   Number         4  b5_soc.o(.text.InterpolVolBasedOnCur)
    __arm_cp.29_6                            0x0000350c   Number         4  b5_soc.o(.text.InterpolVolBasedOnCur)
    __arm_cp.29_7                            0x00003510   Number         4  b5_soc.o(.text.InterpolVolBasedOnCur)
    [Anonymous Symbol]                       0x00003514   Section        0  bq769x2_protocol.o(.text.NotUsedPin_Initialize)
    [Anonymous Symbol]                       0x00003580   Section        0  bq769x2_protocol.o(.text.OpenCellBalance)
    [Anonymous Symbol]                       0x000035d4   Section        0  pc_protocol.o(.text.PC_ProcessData)
    __arm_cp.1_0                             0x0000366c   Number         4  pc_protocol.o(.text.PC_ProcessData)
    __arm_cp.1_1                             0x00003670   Number         4  pc_protocol.o(.text.PC_ProcessData)
    __arm_cp.1_3                             0x00003674   Number         4  pc_protocol.o(.text.PC_ProcessData)
    [Anonymous Symbol]                       0x00003678   Section        0  pc_protocol.o(.text.PC_protocol_init)
    [Anonymous Symbol]                       0x00003680   Section        0  b5_soc.o(.text.ResistanceCal)
    __arm_cp.11_0                            0x000038bc   Number         4  b5_soc.o(.text.ResistanceCal)
    __arm_cp.11_1                            0x000038c0   Number         4  b5_soc.o(.text.ResistanceCal)
    __arm_cp.11_2                            0x000038c4   Number         4  b5_soc.o(.text.ResistanceCal)
    __arm_cp.11_3                            0x000038c8   Number         4  b5_soc.o(.text.ResistanceCal)
    __arm_cp.11_4                            0x000038cc   Number         4  b5_soc.o(.text.ResistanceCal)
    __arm_cp.11_5                            0x000038d0   Number         4  b5_soc.o(.text.ResistanceCal)
    [Anonymous Symbol]                       0x000038d4   Section        0  ti_msp_dl_config.o(.text.SYSCFG_DL_DMA_CH0_init)
    __arm_cp.11_0                            0x000038e4   Number         4  ti_msp_dl_config.o(.text.SYSCFG_DL_DMA_CH0_init)
    __arm_cp.11_1                            0x000038e8   Number         4  ti_msp_dl_config.o(.text.SYSCFG_DL_DMA_CH0_init)
    [Anonymous Symbol]                       0x000038ec   Section        0  ti_msp_dl_config.o(.text.SYSCFG_DL_DMA_init)
    [Anonymous Symbol]                       0x000038f4   Section        0  ti_msp_dl_config.o(.text.SYSCFG_DL_GPIO_init)
    __arm_cp.2_0                             0x00003934   Number         4  ti_msp_dl_config.o(.text.SYSCFG_DL_GPIO_init)
    __arm_cp.2_1                             0x00003938   Number         4  ti_msp_dl_config.o(.text.SYSCFG_DL_GPIO_init)
    __arm_cp.2_2                             0x0000393c   Number         4  ti_msp_dl_config.o(.text.SYSCFG_DL_GPIO_init)
    __arm_cp.2_3                             0x00003940   Number         4  ti_msp_dl_config.o(.text.SYSCFG_DL_GPIO_init)
    __arm_cp.2_4                             0x00003944   Number         4  ti_msp_dl_config.o(.text.SYSCFG_DL_GPIO_init)
    [Anonymous Symbol]                       0x00003948   Section        0  ti_msp_dl_config.o(.text.SYSCFG_DL_I2C_0_init)
    __arm_cp.5_0                             0x00003994   Number         4  ti_msp_dl_config.o(.text.SYSCFG_DL_I2C_0_init)
    __arm_cp.5_1                             0x00003998   Number         4  ti_msp_dl_config.o(.text.SYSCFG_DL_I2C_0_init)
    __arm_cp.5_2                             0x0000399c   Number         4  ti_msp_dl_config.o(.text.SYSCFG_DL_I2C_0_init)
    [Anonymous Symbol]                       0x000039a0   Section        0  ti_msp_dl_config.o(.text.SYSCFG_DL_SYSCTL_CLK_init)
    __arm_cp.8_0                             0x000039c0   Number         4  ti_msp_dl_config.o(.text.SYSCFG_DL_SYSCTL_CLK_init)
    [Anonymous Symbol]                       0x000039c4   Section        0  ti_msp_dl_config.o(.text.SYSCFG_DL_SYSCTL_init)
    __arm_cp.3_0                             0x00003a00   Number         4  ti_msp_dl_config.o(.text.SYSCFG_DL_SYSCTL_init)
    __arm_cp.3_1                             0x00003a04   Number         4  ti_msp_dl_config.o(.text.SYSCFG_DL_SYSCTL_init)
    __arm_cp.3_2                             0x00003a08   Number         4  ti_msp_dl_config.o(.text.SYSCFG_DL_SYSCTL_init)
    [Anonymous Symbol]                       0x00003a0c   Section        0  ti_msp_dl_config.o(.text.SYSCFG_DL_TIMER_init)
    __arm_cp.4_0                             0x00003a3c   Number         4  ti_msp_dl_config.o(.text.SYSCFG_DL_TIMER_init)
    __arm_cp.4_1                             0x00003a40   Number         4  ti_msp_dl_config.o(.text.SYSCFG_DL_TIMER_init)
    __arm_cp.4_2                             0x00003a44   Number         4  ti_msp_dl_config.o(.text.SYSCFG_DL_TIMER_init)
    __arm_cp.4_3                             0x00003a48   Number         4  ti_msp_dl_config.o(.text.SYSCFG_DL_TIMER_init)
    __arm_cp.4_4                             0x00003a4c   Number         4  ti_msp_dl_config.o(.text.SYSCFG_DL_TIMER_init)
    __arm_cp.4_5                             0x00003a50   Number         4  ti_msp_dl_config.o(.text.SYSCFG_DL_TIMER_init)
    [Anonymous Symbol]                       0x00003a54   Section        0  ti_msp_dl_config.o(.text.SYSCFG_DL_UART_0_init)
    __arm_cp.6_0                             0x00003adc   Number         4  ti_msp_dl_config.o(.text.SYSCFG_DL_UART_0_init)
    __arm_cp.6_1                             0x00003ae0   Number         4  ti_msp_dl_config.o(.text.SYSCFG_DL_UART_0_init)
    __arm_cp.6_2                             0x00003ae4   Number         4  ti_msp_dl_config.o(.text.SYSCFG_DL_UART_0_init)
    __arm_cp.6_3                             0x00003ae8   Number         4  ti_msp_dl_config.o(.text.SYSCFG_DL_UART_0_init)
    __arm_cp.6_4                             0x00003aec   Number         4  ti_msp_dl_config.o(.text.SYSCFG_DL_UART_0_init)
    __arm_cp.6_5                             0x00003af0   Number         4  ti_msp_dl_config.o(.text.SYSCFG_DL_UART_0_init)
    __arm_cp.6_6                             0x00003af4   Number         4  ti_msp_dl_config.o(.text.SYSCFG_DL_UART_0_init)
    [Anonymous Symbol]                       0x00003af8   Section        0  ti_msp_dl_config.o(.text.SYSCFG_DL_init)
    __arm_cp.0_0                             0x00003b24   Number         4  ti_msp_dl_config.o(.text.SYSCFG_DL_init)
    [Anonymous Symbol]                       0x00003b28   Section        0  ti_msp_dl_config.o(.text.SYSCFG_DL_initPower)
    __arm_cp.1_0                             0x00003b54   Number         4  ti_msp_dl_config.o(.text.SYSCFG_DL_initPower)
    __arm_cp.1_1                             0x00003b58   Number         4  ti_msp_dl_config.o(.text.SYSCFG_DL_initPower)
    __arm_cp.1_2                             0x00003b5c   Number         4  ti_msp_dl_config.o(.text.SYSCFG_DL_initPower)
    __arm_cp.1_3                             0x00003b60   Number         4  ti_msp_dl_config.o(.text.SYSCFG_DL_initPower)
    __arm_cp.1_4                             0x00003b64   Number         4  ti_msp_dl_config.o(.text.SYSCFG_DL_initPower)
    __arm_cp.1_5                             0x00003b68   Number         4  ti_msp_dl_config.o(.text.SYSCFG_DL_initPower)
    __arm_cp.1_6                             0x00003b6c   Number         4  ti_msp_dl_config.o(.text.SYSCFG_DL_initPower)
    [Anonymous Symbol]                       0x00003b70   Section        0  b5_soc.o(.text.SingleBatSOCCalVolCali)
    __arm_cp.25_1                            0x00003cf8   Number         4  b5_soc.o(.text.SingleBatSOCCalVolCali)
    __arm_cp.25_2                            0x00003cfc   Number         4  b5_soc.o(.text.SingleBatSOCCalVolCali)
    __arm_cp.25_3                            0x00003d00   Number         4  b5_soc.o(.text.SingleBatSOCCalVolCali)
    [Anonymous Symbol]                       0x00003d04   Section        0  b5_soc.o(.text.SingleBatSOCCalVolCaliCal)
    __arm_cp.31_0                            0x00003da8   Number         4  b5_soc.o(.text.SingleBatSOCCalVolCaliCal)
    __arm_cp.31_1                            0x00003dac   Number         4  b5_soc.o(.text.SingleBatSOCCalVolCaliCal)
    __arm_cp.31_2                            0x00003db0   Number         4  b5_soc.o(.text.SingleBatSOCCalVolCaliCal)
    __arm_cp.31_3                            0x00003db4   Number         4  b5_soc.o(.text.SingleBatSOCCalVolCaliCal)
    __arm_cp.31_4                            0x00003db8   Number         4  b5_soc.o(.text.SingleBatSOCCalVolCaliCal)
    __arm_cp.31_5                            0x00003dbc   Number         4  b5_soc.o(.text.SingleBatSOCCalVolCaliCal)
    __arm_cp.31_6                            0x00003dc0   Number         4  b5_soc.o(.text.SingleBatSOCCalVolCaliCal)
    __arm_cp.31_7                            0x00003dc4   Number         4  b5_soc.o(.text.SingleBatSOCCalVolCaliCal)
    __arm_cp.31_9                            0x00003dc8   Number         4  b5_soc.o(.text.SingleBatSOCCalVolCaliCal)
    [Anonymous Symbol]                       0x00003dcc   Section        0  main.o(.text.TIMA0_IRQHandler)
    __arm_cp.2_0                             0x00003df0   Number         4  main.o(.text.TIMA0_IRQHandler)
    __arm_cp.2_1                             0x00003df4   Number         4  main.o(.text.TIMA0_IRQHandler)
    __arm_cp.2_2                             0x00003df8   Number         4  main.o(.text.TIMA0_IRQHandler)
    [Anonymous Symbol]                       0x00003dfc   Section        0  bq769x2_protocol.o(.text.Temperature_Pin_Initialize)
    [Anonymous Symbol]                       0x00003e6c   Section        0  main.o(.text.UART0_IRQHandler)
    __arm_cp.1_0                             0x00003e80   Number         4  main.o(.text.UART0_IRQHandler)
    [Anonymous Symbol]                       0x00003e84   Section        0  pc_protocol.o(.text.UART_FaultReset)
    __arm_cp.5_2                             0x00003ec0   Number         4  pc_protocol.o(.text.UART_FaultReset)
    [Anonymous Symbol]                       0x00003ec4   Section        0  uart_comm.o(.text.UART_WriteArray)
    __arm_cp.0_0                             0x00003f08   Number         4  uart_comm.o(.text.UART_WriteArray)
    __arm_cp.0_1                             0x00003f0c   Number         4  uart_comm.o(.text.UART_WriteArray)
    [Anonymous Symbol]                       0x00003f10   Section        0  bq769x2_protocol.o(.text.VcellMode_Initialize)
    [Anonymous Symbol]                       0x0000400c   Section        0  mymcucommbsw.o(.text.delayMS)
    [Anonymous Symbol]                       0x00004028   Section        0  mymcucommbsw.o(.text.delayUS)
    [Anonymous Symbol]                       0x00004044   Section        0  main.o(.text.main)
    __arm_cp.0_0                             0x000040f0   Number         4  main.o(.text.main)
    __arm_cp.0_1                             0x000040f4   Number         4  main.o(.text.main)
    __arm_cp.0_2                             0x000040f8   Number         4  main.o(.text.main)
    __arm_cp.0_3                             0x000040fc   Number         4  main.o(.text.main)
    __arm_cp.0_4                             0x00004100   Number         4  main.o(.text.main)
    __arm_cp.0_5                             0x00004104   Number         4  main.o(.text.main)
    __arm_cp.0_6                             0x00004108   Number         4  main.o(.text.main)
    __arm_cp.0_7                             0x0000410c   Number         4  main.o(.text.main)
    __arm_cp.0_8                             0x00004110   Number         4  main.o(.text.main)
    __arm_cp.0_9                             0x00004114   Number         4  main.o(.text.main)
    .text_divfast                            0x00004118   Section      502  aeabi_sdivfast.o(.text_divfast)
    Long Thumb to Thumb Veneer to DL_FlashCTL_executeCommandFromRAM 0x00004311   Thumb Code    12  anon$$obj.o(Veneer$$Code)
    x$fpl$fadd                               0x0000431c   Section      140  faddsub.o(x$fpl$fadd)
    _fadd1                                   0x00004329   Thumb Code     0  faddsub.o(x$fpl$fadd)
    x$fpl$fmul                               0x000043a8   Section      176  fmul.o(x$fpl$fmul)
    x$fpl$fsub                               0x00004458   Section      208  faddsub.o(x$fpl$fsub)
    _fsub1                                   0x00004465   Thumb Code     0  faddsub.o(x$fpl$fsub)
    fdiv_tab                                 0x00004528   Data          64  fdiv.o(.constdata)
    .constdata                               0x00004528   Section       64  fdiv.o(.constdata)
    x$fpl$usenofp                            0x00004528   Section        0  usenofp.o(x$fpl$usenofp)
    [Anonymous Symbol]                       0x000046ee   Section        0  b5_soc.o(.rodata.cst4)
    gDMA_CH0Config                           0x000046f4   Data          24  ti_msp_dl_config.o(.rodata.gDMA_CH0Config)
    [Anonymous Symbol]                       0x000046f4   Section        0  ti_msp_dl_config.o(.rodata.gDMA_CH0Config)
    gI2C_0ClockConfig                        0x0000470c   Data           2  ti_msp_dl_config.o(.rodata.gI2C_0ClockConfig)
    [Anonymous Symbol]                       0x0000470c   Section        0  ti_msp_dl_config.o(.rodata.gI2C_0ClockConfig)
    gLFCLKConfig                             0x0000470e   Data           3  ti_msp_dl_config.o(.rodata.gLFCLKConfig)
    [Anonymous Symbol]                       0x0000470e   Section        0  ti_msp_dl_config.o(.rodata.gLFCLKConfig)
    gTIMERClockConfig                        0x00004711   Data           3  ti_msp_dl_config.o(.rodata.gTIMERClockConfig)
    [Anonymous Symbol]                       0x00004711   Section        0  ti_msp_dl_config.o(.rodata.gTIMERClockConfig)
    gTIMERTimerConfig                        0x00004714   Data          20  ti_msp_dl_config.o(.rodata.gTIMERTimerConfig)
    [Anonymous Symbol]                       0x00004714   Section        0  ti_msp_dl_config.o(.rodata.gTIMERTimerConfig)
    gUART_0ClockConfig                       0x00004728   Data           2  ti_msp_dl_config.o(.rodata.gUART_0ClockConfig)
    [Anonymous Symbol]                       0x00004728   Section        0  ti_msp_dl_config.o(.rodata.gUART_0ClockConfig)
    gUART_0Config                            0x0000472a   Data          10  ti_msp_dl_config.o(.rodata.gUART_0Config)
    [Anonymous Symbol]                       0x0000472a   Section        0  ti_msp_dl_config.o(.rodata.gUART_0Config)
    DL_FlashCTL_executeCommandFromRAM        0x20200001   Thumb Code    52  dl_flashctl.o(.ramfunc)
    [Anonymous Symbol]                       0x20200000   Section        0  dl_flashctl.o(.ramfunc)
    __arm_cp.2_0                             0x20200030   Number         4  dl_flashctl.o(.ramfunc)
    .bss                                     0x20200060   Section       96  libspace.o(.bss)
    Heap_Mem                                 0x20200378   Data           0  startup_mspm0g350x_uvision.o(HEAP)
    Stack_Mem                                0x20200378   Data        1024  startup_mspm0g350x_uvision.o(STACK)
    HEAP                                     0x20200378   Section        0  startup_mspm0g350x_uvision.o(HEAP)
    STACK                                    0x20200378   Section     1024  startup_mspm0g350x_uvision.o(STACK)
    __initial_sp                             0x20200778   Data           0  startup_mspm0g350x_uvision.o(STACK)

    Global Symbols

    Symbol Name                              Value     Ov Type        Size  Object(Section)

    BuildAttributes$$THM_ISAv3M$S$PE$A:L22$X:L11$S22$IEEE1$IW$~IW$USESV6$~STKCKD$USESV7$~SHL$OTIME$ROPI$EBA8$UX$STANDARDLIB$REQ8$PRES8$EABIv2 0x00000000   Number         0  anon$$obj.o ABSOLUTE
    __Vectors                                0x00000000   Data           4  startup_mspm0g350x_uvision.o(RESET)
    __ARM_exceptions_init                     - Undefined Weak Reference
    __alloca_initialize                       - Undefined Weak Reference
    __arm_preinit_                            - Undefined Weak Reference
    __arm_relocate_pie_                       - Undefined Weak Reference
    __cpp_initialize__aeabi_                  - Undefined Weak Reference
    __cxa_finalize                            - Undefined Weak Reference
    __rt_locale                               - Undefined Weak Reference
    __sigvec_lookup                           - Undefined Weak Reference
    _atexit_init                              - Undefined Weak Reference
    _call_atexit_fns                          - Undefined Weak Reference
    _clock_init                               - Undefined Weak Reference
    _fp_trap_init                             - Undefined Weak Reference
    _fp_trap_shutdown                         - Undefined Weak Reference
    _get_lc_collate                           - Undefined Weak Reference
    _get_lc_ctype                             - Undefined Weak Reference
    _get_lc_monetary                          - Undefined Weak Reference
    _get_lc_numeric                           - Undefined Weak Reference
    _get_lc_time                              - Undefined Weak Reference
    _getenv_init                              - Undefined Weak Reference
    _handle_redirection                       - Undefined Weak Reference
    _init_alloc                               - Undefined Weak Reference
    _init_user_alloc                          - Undefined Weak Reference
    _initio                                   - Undefined Weak Reference
    _rand_init                                - Undefined Weak Reference
    _signal_finish                            - Undefined Weak Reference
    _signal_init                              - Undefined Weak Reference
    _terminate_alloc                          - Undefined Weak Reference
    _terminate_user_alloc                     - Undefined Weak Reference
    _terminateio                              - Undefined Weak Reference
    __Vectors_End                            0x000000c0   Data           0  startup_mspm0g350x_uvision.o(RESET)
    __Vectors_Size                           0x000000c0   Number         0  startup_mspm0g350x_uvision.o ABSOLUTE
    __main                                   0x000000c1   Thumb Code     8  __main.o(!!!main)
    __scatterload                            0x000000c9   Thumb Code     0  __scatter.o(!!!scatter)
    __scatterload_rt2                        0x000000c9   Thumb Code    74  __scatter.o(!!!scatter)
    __scatterload_rt2_thumb_only             0x000000c9   Thumb Code     0  __scatter.o(!!!scatter)
    __scatterload_loop                       0x000000d3   Thumb Code     0  __scatter.o(!!!scatter)
    __scatterload_copy                       0x00000121   Thumb Code    26  __scatter_copy.o(!!handler_copy)
    __scatterload_null                       0x00000141   Thumb Code     2  __scatter.o(!!handler_null)
    __scatterload_zeroinit                   0x00000149   Thumb Code    28  __scatter_zi.o(!!handler_zi)
    __rt_lib_init                            0x00000165   Thumb Code     0  libinit.o(.ARM.Collect$$libinit$$00000000)
    __rt_lib_init_alloca_1                   0x00000167   Thumb Code     0  libinit2.o(.ARM.Collect$$libinit$$00000030)
    __rt_lib_init_argv_1                     0x00000167   Thumb Code     0  libinit2.o(.ARM.Collect$$libinit$$0000002E)
    __rt_lib_init_atexit_1                   0x00000167   Thumb Code     0  libinit2.o(.ARM.Collect$$libinit$$0000001D)
    __rt_lib_init_clock_1                    0x00000167   Thumb Code     0  libinit2.o(.ARM.Collect$$libinit$$00000023)
    __rt_lib_init_cpp_1                      0x00000167   Thumb Code     0  libinit2.o(.ARM.Collect$$libinit$$00000034)
    __rt_lib_init_exceptions_1               0x00000167   Thumb Code     0  libinit2.o(.ARM.Collect$$libinit$$00000032)
    __rt_lib_init_fp_1                       0x00000167   Thumb Code     0  libinit2.o(.ARM.Collect$$libinit$$00000002)
    __rt_lib_init_fp_trap_1                  0x00000167   Thumb Code     0  libinit2.o(.ARM.Collect$$libinit$$00000021)
    __rt_lib_init_getenv_1                   0x00000167   Thumb Code     0  libinit2.o(.ARM.Collect$$libinit$$00000025)
    __rt_lib_init_heap_1                     0x00000167   Thumb Code     0  libinit2.o(.ARM.Collect$$libinit$$0000000C)
    __rt_lib_init_lc_collate_1               0x00000167   Thumb Code     0  libinit2.o(.ARM.Collect$$libinit$$00000013)
    __rt_lib_init_lc_ctype_1                 0x00000167   Thumb Code     0  libinit2.o(.ARM.Collect$$libinit$$00000015)
    __rt_lib_init_lc_monetary_1              0x00000167   Thumb Code     0  libinit2.o(.ARM.Collect$$libinit$$00000017)
    __rt_lib_init_lc_numeric_1               0x00000167   Thumb Code     0  libinit2.o(.ARM.Collect$$libinit$$00000019)
    __rt_lib_init_lc_time_1                  0x00000167   Thumb Code     0  libinit2.o(.ARM.Collect$$libinit$$0000001B)
    __rt_lib_init_preinit_1                  0x00000167   Thumb Code     0  libinit2.o(.ARM.Collect$$libinit$$00000006)
    __rt_lib_init_rand_1                     0x00000167   Thumb Code     0  libinit2.o(.ARM.Collect$$libinit$$00000010)
    __rt_lib_init_relocate_pie_1             0x00000167   Thumb Code     0  libinit2.o(.ARM.Collect$$libinit$$00000004)
    __rt_lib_init_return                     0x00000167   Thumb Code     0  libinit2.o(.ARM.Collect$$libinit$$00000035)
    __rt_lib_init_signal_1                   0x00000167   Thumb Code     0  libinit2.o(.ARM.Collect$$libinit$$0000001F)
    __rt_lib_init_stdio_1                    0x00000167   Thumb Code     0  libinit2.o(.ARM.Collect$$libinit$$00000027)
    __rt_lib_init_user_alloc_1               0x00000167   Thumb Code     0  libinit2.o(.ARM.Collect$$libinit$$0000000E)
    __rt_lib_shutdown                        0x00000169   Thumb Code     0  libshutdown.o(.ARM.Collect$$libshutdown$$00000000)
    __rt_lib_shutdown_cpp_1                  0x0000016b   Thumb Code     0  libshutdown2.o(.ARM.Collect$$libshutdown$$00000002)
    __rt_lib_shutdown_fp_trap_1              0x0000016b   Thumb Code     0  libshutdown2.o(.ARM.Collect$$libshutdown$$00000007)
    __rt_lib_shutdown_heap_1                 0x0000016b   Thumb Code     0  libshutdown2.o(.ARM.Collect$$libshutdown$$0000000F)
    __rt_lib_shutdown_return                 0x0000016b   Thumb Code     0  libshutdown2.o(.ARM.Collect$$libshutdown$$00000010)
    __rt_lib_shutdown_signal_1               0x0000016b   Thumb Code     0  libshutdown2.o(.ARM.Collect$$libshutdown$$0000000A)
    __rt_lib_shutdown_stdio_1                0x0000016b   Thumb Code     0  libshutdown2.o(.ARM.Collect$$libshutdown$$00000004)
    __rt_lib_shutdown_user_alloc_1           0x0000016b   Thumb Code     0  libshutdown2.o(.ARM.Collect$$libshutdown$$0000000C)
    __rt_entry                               0x0000016d   Thumb Code     0  __rtentry.o(.ARM.Collect$$rtentry$$00000000)
    __rt_entry_presh_1                       0x0000016d   Thumb Code     0  __rtentry2.o(.ARM.Collect$$rtentry$$00000002)
    __rt_entry_sh                            0x0000016d   Thumb Code     0  __rtentry4.o(.ARM.Collect$$rtentry$$00000004)
    __rt_entry_li                            0x00000173   Thumb Code     0  __rtentry2.o(.ARM.Collect$$rtentry$$0000000A)
    __rt_entry_postsh_1                      0x00000173   Thumb Code     0  __rtentry2.o(.ARM.Collect$$rtentry$$00000009)
    __rt_entry_main                          0x00000177   Thumb Code     0  __rtentry2.o(.ARM.Collect$$rtentry$$0000000D)
    __rt_entry_postli_1                      0x00000177   Thumb Code     0  __rtentry2.o(.ARM.Collect$$rtentry$$0000000C)
    __rt_exit                                0x0000017f   Thumb Code     0  rtexit.o(.ARM.Collect$$rtexit$$00000000)
    __rt_exit_ls                             0x00000181   Thumb Code     0  rtexit2.o(.ARM.Collect$$rtexit$$00000003)
    __rt_exit_prels_1                        0x00000181   Thumb Code     0  rtexit2.o(.ARM.Collect$$rtexit$$00000002)
    __rt_exit_exit                           0x00000185   Thumb Code     0  rtexit2.o(.ARM.Collect$$rtexit$$00000004)
    __aeabi_memcpy4                          0x0000018d   Thumb Code    56  rt_memcpy.o(.emb_text)
    __aeabi_memcpy8                          0x0000018d   Thumb Code     0  rt_memcpy.o(.emb_text)
    Reset_Handler                            0x000001c5   Thumb Code     4  startup_mspm0g350x_uvision.o(.text)
    NMI_Handler                              0x000001c9   Thumb Code     2  startup_mspm0g350x_uvision.o(.text)
    HardFault_Handler                        0x000001cb   Thumb Code     2  startup_mspm0g350x_uvision.o(.text)
    SVC_Handler                              0x000001cd   Thumb Code     2  startup_mspm0g350x_uvision.o(.text)
    PendSV_Handler                           0x000001cf   Thumb Code     2  startup_mspm0g350x_uvision.o(.text)
    SysTick_Handler                          0x000001d1   Thumb Code     2  startup_mspm0g350x_uvision.o(.text)
    ADC0_IRQHandler                          0x000001d3   Thumb Code     0  startup_mspm0g350x_uvision.o(.text)
    ADC1_IRQHandler                          0x000001d3   Thumb Code     0  startup_mspm0g350x_uvision.o(.text)
    AES_IRQHandler                           0x000001d3   Thumb Code     0  startup_mspm0g350x_uvision.o(.text)
    CANFD0_IRQHandler                        0x000001d3   Thumb Code     0  startup_mspm0g350x_uvision.o(.text)
    DAC0_IRQHandler                          0x000001d3   Thumb Code     0  startup_mspm0g350x_uvision.o(.text)
    DMA_IRQHandler                           0x000001d3   Thumb Code     0  startup_mspm0g350x_uvision.o(.text)
    Default_Handler                          0x000001d3   Thumb Code     2  startup_mspm0g350x_uvision.o(.text)
    GROUP0_IRQHandler                        0x000001d3   Thumb Code     0  startup_mspm0g350x_uvision.o(.text)
    GROUP1_IRQHandler                        0x000001d3   Thumb Code     0  startup_mspm0g350x_uvision.o(.text)
    I2C0_IRQHandler                          0x000001d3   Thumb Code     0  startup_mspm0g350x_uvision.o(.text)
    RTC_IRQHandler                           0x000001d3   Thumb Code     0  startup_mspm0g350x_uvision.o(.text)
    SPI0_IRQHandler                          0x000001d3   Thumb Code     0  startup_mspm0g350x_uvision.o(.text)
    SPI1_IRQHandler                          0x000001d3   Thumb Code     0  startup_mspm0g350x_uvision.o(.text)
    TIMA1_IRQHandler                         0x000001d3   Thumb Code     0  startup_mspm0g350x_uvision.o(.text)
    TIMG0_IRQHandler                         0x000001d3   Thumb Code     0  startup_mspm0g350x_uvision.o(.text)
    TIMG12_IRQHandler                        0x000001d3   Thumb Code     0  startup_mspm0g350x_uvision.o(.text)
    TIMG6_IRQHandler                         0x000001d3   Thumb Code     0  startup_mspm0g350x_uvision.o(.text)
    TIMG7_IRQHandler                         0x000001d3   Thumb Code     0  startup_mspm0g350x_uvision.o(.text)
    TIMG8_IRQHandler                         0x000001d3   Thumb Code     0  startup_mspm0g350x_uvision.o(.text)
    UART1_IRQHandler                         0x000001d3   Thumb Code     0  startup_mspm0g350x_uvision.o(.text)
    UART2_IRQHandler                         0x000001d3   Thumb Code     0  startup_mspm0g350x_uvision.o(.text)
    UART3_IRQHandler                         0x000001d3   Thumb Code     0  startup_mspm0g350x_uvision.o(.text)
    __user_initial_stackheap                 0x000001d5   Thumb Code    10  startup_mspm0g350x_uvision.o(.text)
    __aeabi_memcpy                           0x000001f1   Thumb Code   130  rt_memcpy.o(.text)
    __rt_memcpy                              0x000001f1   Thumb Code     0  rt_memcpy.o(.text)
    _memset_w                                0x00000273   Thumb Code    26  rt_memclr.o(.text)
    _memset                                  0x0000028d   Thumb Code    30  rt_memclr.o(.text)
    __aeabi_memclr                           0x000002ab   Thumb Code     4  rt_memclr.o(.text)
    __rt_memclr                              0x000002ab   Thumb Code     0  rt_memclr.o(.text)
    __aeabi_memclr4                          0x000002af   Thumb Code     0  rt_memclr.o(.text)
    __aeabi_memclr8                          0x000002af   Thumb Code     0  rt_memclr.o(.text)
    __rt_memclr_w                            0x000002af   Thumb Code     4  rt_memclr.o(.text)
    __aeabi_uidivmod                         0x000002b5   Thumb Code    28  aeabi_sdivfast.o(.text)
    __aeabi_idivmod                          0x000002d1   Thumb Code   472  aeabi_sdivfast.o(.text)
    __use_two_region_memory                  0x000004ad   Thumb Code     2  heapauxi.o(.text)
    __rt_heap_escrow$2region                 0x000004af   Thumb Code     2  heapauxi.o(.text)
    __rt_heap_expand$2region                 0x000004b1   Thumb Code     2  heapauxi.o(.text)
    __aeabi_d2f                              0x000004b5   Thumb Code     0  d2f.o(.text)
    __truncdfsf2                             0x000004b5   Thumb Code     0  d2f.o(.text)
    _d2f                                     0x000004b5   Thumb Code   120  d2f.o(.text)
    __adddf3                                 0x00000829   Thumb Code     0  daddsub.o(.text)
    __aeabi_dadd                             0x00000829   Thumb Code     0  daddsub.o(.text)
    _dadd                                    0x00000829   Thumb Code    26  daddsub.o(.text)
    __aeabi_dsub                             0x00000843   Thumb Code     0  daddsub.o(.text)
    __subdf3                                 0x00000843   Thumb Code     0  daddsub.o(.text)
    _dsub                                    0x00000843   Thumb Code    22  daddsub.o(.text)
    __aeabi_drsub                            0x00000859   Thumb Code     0  daddsub.o(.text)
    _drsb                                    0x00000859   Thumb Code    28  daddsub.o(.text)
    __aeabi_d2iz                             0x00000889   Thumb Code     0  dfixi.o(.text)
    _dfix                                    0x00000889   Thumb Code    98  dfixi.o(.text)
    __aeabi_i2d_normalise                    0x000008f5   Thumb Code    66  dflti.o(.text)
    __aeabi_i2d                              0x00000937   Thumb Code    16  dflti.o(.text)
    _dflt                                    0x00000937   Thumb Code     0  dflti.o(.text)
    __aeabi_ui2d                             0x00000947   Thumb Code     6  dflti.o(.text)
    _dfltu                                   0x00000947   Thumb Code     0  dflti.o(.text)
    __aeabi_dmul                             0x0000094d   Thumb Code     0  dmul.o(.text)
    __muldf3                                 0x0000094d   Thumb Code     0  dmul.o(.text)
    _dmul                                    0x0000094d   Thumb Code   558  dmul.o(.text)
    __aeabi_fdiv                             0x00000b95   Thumb Code     0  fdiv.o(.text)
    __divsf3                                 0x00000b95   Thumb Code     0  fdiv.o(.text)
    _fdiv                                    0x00000b95   Thumb Code   334  fdiv.o(.text)
    _frdiv                                   0x00000ce3   Thumb Code     8  fdiv.o(.text)
    __aeabi_f2iz                             0x00000cf5   Thumb Code     0  ffixi.o(.text)
    _ffix                                    0x00000cf5   Thumb Code    76  ffixi.o(.text)
    __aeabi_f2uiz                            0x00000d41   Thumb Code     0  ffixui.o(.text)
    _ffixu                                   0x00000d41   Thumb Code    48  ffixui.o(.text)
    __aeabi_i2f_normalise                    0x00000d71   Thumb Code    72  fflti.o(.text)
    __aeabi_i2f                              0x00000db9   Thumb Code    16  fflti.o(.text)
    _fflt                                    0x00000db9   Thumb Code     0  fflti.o(.text)
    __aeabi_ui2f                             0x00000dc9   Thumb Code     6  fflti.o(.text)
    _ffltu                                   0x00000dc9   Thumb Code     0  fflti.o(.text)
    __user_setup_stackheap                   0x00000dcf   Thumb Code    62  sys_stackheap_outer.o(.text)
    exit                                     0x00000e0d   Thumb Code    16  exit.o(.text)
    __user_libspace                          0x00000e1d   Thumb Code     8  libspace.o(.text)
    __user_perproc_libspace                  0x00000e1d   Thumb Code     0  libspace.o(.text)
    __user_perthread_libspace                0x00000e1d   Thumb Code     0  libspace.o(.text)
    _sys_exit                                0x00000e25   Thumb Code     8  sys_exit.o(.text)
    __I$use$semihosting                      0x00000e31   Thumb Code     0  use_no_semi.o(.text)
    __use_no_semihosting_swi                 0x00000e31   Thumb Code     2  use_no_semi.o(.text)
    __semihosting_library_function           0x00000e33   Thumb Code     0  indicate_semi.o(.text)
    BMSBasicDataGet                          0x00000e35   Thumb Code   512  b5_soc.o(.text.BMSBasicDataGet)
    BMSCalTask                               0x0000103d   Thumb Code   296  b5_soc.o(.text.BMSCalTask)
    BMSCoulombTotalFinalUpdate               0x00001175   Thumb Code   120  b5_soc.o(.text.BMSCoulombTotalFinalUpdate)
    BMSInit                                  0x000011f1   Thumb Code    84  b5_soc.o(.text.BMSInit)
    BMSSingleBatVolCheck                     0x00001265   Thumb Code    48  b5_soc.o(.text.BMSSingleBatVolCheck)
    BMSStartUp                               0x0000129d   Thumb Code   240  b5_soc.o(.text.BMSStartUp)
    BMSTask                                  0x000013b9   Thumb Code    24  b5_soc.o(.text.BMSTask)
    BMSWriteEETask                           0x000013d1   Thumb Code   192  b5_soc.o(.text.BMSWriteEETask)
    BQ769x2_Init                             0x000014b1   Thumb Code  1332  bq769x2_protocol.o(.text.BQ769x2_Init)
    BQ769x2_ReadAlarmStatus                  0x000019e5   Thumb Code    44  bq769x2_protocol.o(.text.BQ769x2_ReadAlarmStatus)
    BQ769x2_ReadAllTemperatures              0x00001a15   Thumb Code   240  bq769x2_protocol.o(.text.BQ769x2_ReadAllTemperatures)
    BQ769x2_ReadCurrent                      0x00001b15   Thumb Code    44  bq769x2_protocol.o(.text.BQ769x2_ReadCurrent)
    BQ769x2_ReadFETStatus                    0x00001b45   Thumb Code    40  bq769x2_protocol.o(.text.BQ769x2_ReadFETStatus)
    BQ769x2_ReadSafetyStatus                 0x00001b71   Thumb Code   164  bq769x2_protocol.o(.text.BQ769x2_ReadSafetyStatus)
    BQ769x2_ReadVoltage                      0x00001c35   Thumb Code    56  bq769x2_protocol.o(.text.BQ769x2_ReadVoltage)
    BQDataGet                                0x00001c71   Thumb Code   396  dataprocess.o(.text.BQDataGet)
    BatSOCVolEst_NoCur                       0x00001e11   Thumb Code   264  b5_soc.o(.text.BatSOCVolEst_NoCur)
    BoxCoulombCount                          0x00001f1d   Thumb Code   100  b5_soc.o(.text.BoxCoulombCount)
    BoxSOCCalVolCaliCal                      0x00001f85   Thumb Code   356  b5_soc.o(.text.BoxSOCCalVolCaliCal)
    BoxSOCInitEstimate                       0x00002109   Thumb Code   264  b5_soc.o(.text.BoxSOCInitEstimate)
    CaliK                                    0x00002221   Thumb Code   296  b5_soc.o(.text.CaliK)
    CaliKChooseBasedOnSOC                    0x00002359   Thumb Code   120  b5_soc.o(.text.CaliKChooseBasedOnSOC)
    CellBalanceInit                          0x000023fd   Thumb Code   906  bq769x2_protocol.o(.text.CellBalanceInit)
    CellBalanceStatusGet                     0x00002789   Thumb Code    56  bq769x2_protocol.o(.text.CellBalanceStatusGet)
    CellBalanceTask                          0x000027c9   Thumb Code  1004  b5_soc.o(.text.CellBalanceTask)
    CloseCellBalance                         0x00002bd5   Thumb Code    80  bq769x2_protocol.o(.text.CloseCellBalance)
    CommandSubcommands                       0x00002c25   Thumb Code    32  bq769x2_protocol.o(.text.CommandSubcommands)
    DL_Common_delayCycles                    0x00002c45   Thumb Code    10  dl_common.o(.text.DL_Common_delayCycles)
    DL_DMA_initChannel                       0x00002c51   Thumb Code    68  dl_dma.o(.text.DL_DMA_initChannel)
    DL_FlashCTL_eraseMemoryFromRAM           0x00002c95   Thumb Code    24  dl_flashctl.o(.text.DL_FlashCTL_eraseMemoryFromRAM)
    DL_FlashCTL_programMemory32WithECCGenerated 0x00002cad   Thumb Code    28  dl_flashctl.o(.text.DL_FlashCTL_programMemory32WithECCGenerated)
    DL_FlashCTL_unprotectSector              0x00002cc9   Thumb Code   240  dl_flashctl.o(.text.DL_FlashCTL_unprotectSector)
    DL_I2C_fillControllerTXFIFO              0x00002db9   Thumb Code    44  dl_i2c.o(.text.DL_I2C_fillControllerTXFIFO)
    DL_I2C_flushControllerRXFIFO             0x00002de5   Thumb Code    28  dl_i2c.o(.text.DL_I2C_flushControllerRXFIFO)
    DL_I2C_flushControllerTXFIFO             0x00002e01   Thumb Code    40  dl_i2c.o(.text.DL_I2C_flushControllerTXFIFO)
    DL_I2C_setClockConfig                    0x00002e29   Thumb Code    38  dl_i2c.o(.text.DL_I2C_setClockConfig)
    DL_SYSCTL_setLFCLKSourceLFXT             0x00002e51   Thumb Code    80  dl_sysctl_mspm0g1x0x_g3x0x.o(.text.DL_SYSCTL_setLFCLKSourceLFXT)
    DL_Timer_initTimerMode                   0x00002ea1   Thumb Code   240  dl_timer.o(.text.DL_Timer_initTimerMode)
    DL_Timer_setClockConfig                  0x00002f91   Thumb Code    28  dl_timer.o(.text.DL_Timer_setClockConfig)
    DL_UART_fillTXFIFO                       0x00002fad   Thumb Code    40  dl_uart.o(.text.DL_UART_fillTXFIFO)
    DL_UART_init                             0x00002fd5   Thumb Code    72  dl_uart.o(.text.DL_UART_init)
    DL_UART_setClockConfig                   0x0000301d   Thumb Code    18  dl_uart.o(.text.DL_UART_setClockConfig)
    FaultDetect                              0x00003031   Thumb Code    64  faultprotect.o(.text.FaultDetect)
    FaultProtect_init                        0x00003089   Thumb Code     2  faultprotect.o(.text.FaultProtect_init)
    I2C1_IRQHandler                          0x0000308d   Thumb Code    20  main.o(.text.I2C1_IRQHandler)
    I2C_ReadReg                              0x000030a5   Thumb Code   252  i2c_comm.o(.text.I2C_ReadReg)
    I2C_WriteReg                             0x000031a9   Thumb Code   160  i2c_comm.o(.text.I2C_WriteReg)
    InterpolVolBasedOnCur                    0x00003259   Thumb Code   668  b5_soc.o(.text.InterpolVolBasedOnCur)
    NotUsedPin_Initialize                    0x00003515   Thumb Code   108  bq769x2_protocol.o(.text.NotUsedPin_Initialize)
    OpenCellBalance                          0x00003581   Thumb Code    84  bq769x2_protocol.o(.text.OpenCellBalance)
    PC_ProcessData                           0x000035d5   Thumb Code   152  pc_protocol.o(.text.PC_ProcessData)
    PC_protocol_init                         0x00003679   Thumb Code     8  pc_protocol.o(.text.PC_protocol_init)
    ResistanceCal                            0x00003681   Thumb Code   572  b5_soc.o(.text.ResistanceCal)
    SYSCFG_DL_DMA_CH0_init                   0x000038d5   Thumb Code    16  ti_msp_dl_config.o(.text.SYSCFG_DL_DMA_CH0_init)
    SYSCFG_DL_DMA_init                       0x000038ed   Thumb Code     8  ti_msp_dl_config.o(.text.SYSCFG_DL_DMA_init)
    SYSCFG_DL_GPIO_init                      0x000038f5   Thumb Code    64  ti_msp_dl_config.o(.text.SYSCFG_DL_GPIO_init)
    SYSCFG_DL_I2C_0_init                     0x00003949   Thumb Code    76  ti_msp_dl_config.o(.text.SYSCFG_DL_I2C_0_init)
    SYSCFG_DL_SYSCTL_CLK_init                0x000039a1   Thumb Code    32  ti_msp_dl_config.o(.text.SYSCFG_DL_SYSCTL_CLK_init)
    SYSCFG_DL_SYSCTL_init                    0x000039c5   Thumb Code    60  ti_msp_dl_config.o(.text.SYSCFG_DL_SYSCTL_init)
    SYSCFG_DL_TIMER_init                     0x00003a0d   Thumb Code    48  ti_msp_dl_config.o(.text.SYSCFG_DL_TIMER_init)
    SYSCFG_DL_UART_0_init                    0x00003a55   Thumb Code   136  ti_msp_dl_config.o(.text.SYSCFG_DL_UART_0_init)
    SYSCFG_DL_init                           0x00003af9   Thumb Code    44  ti_msp_dl_config.o(.text.SYSCFG_DL_init)
    SYSCFG_DL_initPower                      0x00003b29   Thumb Code    44  ti_msp_dl_config.o(.text.SYSCFG_DL_initPower)
    SingleBatSOCCalVolCali                   0x00003b71   Thumb Code   392  b5_soc.o(.text.SingleBatSOCCalVolCali)
    SingleBatSOCCalVolCaliCal                0x00003d05   Thumb Code   164  b5_soc.o(.text.SingleBatSOCCalVolCaliCal)
    TIMA0_IRQHandler                         0x00003dcd   Thumb Code    36  main.o(.text.TIMA0_IRQHandler)
    Temperature_Pin_Initialize               0x00003dfd   Thumb Code   110  bq769x2_protocol.o(.text.Temperature_Pin_Initialize)
    UART0_IRQHandler                         0x00003e6d   Thumb Code    20  main.o(.text.UART0_IRQHandler)
    UART_FaultReset                          0x00003e85   Thumb Code    60  pc_protocol.o(.text.UART_FaultReset)
    UART_WriteArray                          0x00003ec5   Thumb Code    68  uart_comm.o(.text.UART_WriteArray)
    VcellMode_Initialize                     0x00003f11   Thumb Code   252  bq769x2_protocol.o(.text.VcellMode_Initialize)
    delayMS                                  0x0000400d   Thumb Code    28  mymcucommbsw.o(.text.delayMS)
    delayUS                                  0x00004029   Thumb Code    26  mymcucommbsw.o(.text.delayUS)
    main                                     0x00004045   Thumb Code   172  main.o(.text.main)
    __aeabi_uidiv                            0x00004119   Thumb Code    68  aeabi_sdivfast.o(.text_divfast)
    __aeabi_idiv                             0x0000415d   Thumb Code   434  aeabi_sdivfast.o(.text_divfast)
    __aeabi_fadd                             0x0000431d   Thumb Code     0  faddsub.o(x$fpl$fadd)
    _fadd                                    0x0000431d   Thumb Code   134  faddsub.o(x$fpl$fadd)
    __aeabi_fmul                             0x000043a9   Thumb Code     0  fmul.o(x$fpl$fmul)
    _fmul                                    0x000043a9   Thumb Code   172  fmul.o(x$fpl$fmul)
    __aeabi_fsub                             0x00004459   Thumb Code     0  faddsub.o(x$fpl$fsub)
    _fsub                                    0x00004459   Thumb Code   204  faddsub.o(x$fpl$fsub)
    __I$use$fp                               0x00004528   Number         0  usenofp.o(x$fpl$usenofp)
    BatCommPoint                             0x00004568   Data           8  b5_soc.o(.rodata.BatCommPoint)
    Cali_K_chg_Higher_SOC                    0x00004570   Data           8  batconfig.o(.rodata.Cali_K_chg_Higher_SOC)
    Cali_K_chg_Lower_SOC                     0x00004578   Data           8  batconfig.o(.rodata.Cali_K_chg_Lower_SOC)
    Cali_K_dchg_Higher_SOC                   0x00004580   Data           8  batconfig.o(.rodata.Cali_K_dchg_Higher_SOC)
    Cali_K_dchg_Lower_SOC                    0x00004588   Data           8  batconfig.o(.rodata.Cali_K_dchg_Lower_SOC)
    Cali_T0_vol_tbl                          0x00004590   Data          48  batconfig.o(.rodata.Cali_T0_vol_tbl)
    Cali_T15_vol_tbl                         0x000045c0   Data          48  batconfig.o(.rodata.Cali_T15_vol_tbl)
    Cali_T25_vol_tbl                         0x000045f0   Data          48  batconfig.o(.rodata.Cali_T25_vol_tbl)
    Cali_T35_vol_tbl                         0x00004620   Data          48  batconfig.o(.rodata.Cali_T35_vol_tbl)
    Cali_T45_vol_tbl                         0x00004650   Data          48  batconfig.o(.rodata.Cali_T45_vol_tbl)
    Cali_T_tbl                               0x00004680   Data          10  batconfig.o(.rodata.Cali_T_tbl)
    Cali_chg_SOC_tbl                         0x0000468a   Data           8  batconfig.o(.rodata.Cali_chg_SOC_tbl)
    Cali_dchg_SOC_tbl                        0x00004692   Data           8  batconfig.o(.rodata.Cali_dchg_SOC_tbl)
    Cali_delt_chg_SOC_region                 0x0000469a   Data           8  batconfig.o(.rodata.Cali_delt_chg_SOC_region)
    Cali_delt_dchg_SOC_region                0x000046a2   Data           8  batconfig.o(.rodata.Cali_delt_dchg_SOC_region)
    NoCur_SOCErrRange                        0x000046aa   Data          17  batconfig.o(.rodata.NoCur_SOCErrRange)
    NoCur_SOCRange                           0x000046bb   Data          17  batconfig.o(.rodata.NoCur_SOCRange)
    NoCur_VolTable                           0x000046cc   Data          34  batconfig.o(.rodata.NoCur_VolTable)
    packInfo                                 0x00004734   Data          62  batconfig.o(.rodata.packInfo)
    Region$$Table$$Base                      0x00004778   Number         0  anon$$obj.o(Region$$Table)
    Region$$Table$$Limit                     0x000047a8   Number         0  anon$$obj.o(Region$$Table)
    Cali_T_Vol_tbl                           0x20200034   Data          20  batconfig.o(.data.Cali_T_Vol_tbl)
    SW_VER                                   0x20200048   Data           4  main.o(.data.SW_VER)
    nocur_voltbl                             0x2020004c   Data          16  batconfig.o(.data.nocur_voltbl)
    __libspace_start                         0x20200060   Data          96  libspace.o(.bss)
    AlarmBits                                0x202000c0   Data           2  bq769x2_protocol.o(.bss.AlarmBits)
    __temporary_stack_top$libspace           0x202000c0   Data           0  libspace.o(.bss)
    BoxSOCEEBuffer                           0x202000c4   Data           4  b5_soc.o(.bss.BoxSOCEEBuffer)
    CB_ActiveCells                           0x202000c8   Data           2  bq769x2_protocol.o(.bss.CB_ActiveCells)
    FET_Status                               0x202000ca   Data           1  bq769x2_protocol.o(.bss.FET_Status)
    I2C_dead                                 0x202000cb   Data           1  i2c_comm.o(.bss.I2C_dead)
    OCD_Fault                                0x202000cc   Data           1  bq769x2_protocol.o(.bss.OCD_Fault)
    OV_Fault                                 0x202000cd   Data           1  bq769x2_protocol.o(.bss.OV_Fault)
    Pack_Current                             0x202000ce   Data           2  bq769x2_protocol.o(.bss.Pack_Current)
    PcPointBuffer                            0x202000d0   Data         118  pc_protocol.o(.bss.PcPointBuffer)
    ProtectionsTriggered                     0x20200146   Data           1  bq769x2_protocol.o(.bss.ProtectionsTriggered)
    RX_32Byte                                0x20200147   Data          32  bq769x2_protocol.o(.bss.RX_32Byte)
    RX_data                                  0x20200167   Data           2  bq769x2_protocol.o(.bss.RX_data)
    RecBuffer                                0x20200170   Data           8  pc_protocol.o(.bss.RecBuffer)
    SCD_Fault                                0x20200178   Data           1  bq769x2_protocol.o(.bss.SCD_Fault)
    SendBuffer                               0x20200179   Data           8  pc_protocol.o(.bss.SendBuffer)
    SingleBatSOCEEReadBuffer                 0x20200184   Data          32  b5_soc.o(.bss.SingleBatSOCEEReadBuffer)
    SingleBatSOCEEWriteBuffer                0x202001a4   Data          32  b5_soc.o(.bss.SingleBatSOCEEWriteBuffer)
    SingleBatTempEEWriteBuffer               0x202001c4   Data          16  b5_soc.o(.bss.SingleBatTempEEWriteBuffer)
    Temperature                              0x202001d4   Data          16  bq769x2_protocol.o(.bss.Temperature)
    UART_Fault                               0x202001e4   Data           1  pc_protocol.o(.bss.UART_Fault)
    UV_Fault                                 0x202001e5   Data           1  bq769x2_protocol.o(.bss.UV_Fault)
    batBMS                                   0x202001e8   Data          64  b5_soc.o(.bss.batBMS)
    boxBMS                                   0x20200228   Data          28  b5_soc.o(.bss.boxBMS)
    boxInfo                                  0x20200244   Data          24  b5_soc.o(.bss.boxInfo)
    cellBalance                              0x2020025c   Data          40  b5_soc.o(.bss.cellBalance)
    cellR                                    0x20200284   Data          38  b5_soc.o(.bss.cellR)
    chgdchgStatus                            0x202002aa   Data           2  b5_soc.o(.bss.chgdchgStatus)
    dC                                       0x202002ac   Data           4  b5_soc.o(.bss.dC)
    gTIMERBackup                             0x202002b0   Data         188  ti_msp_dl_config.o(.bss.gTIMERBackup)
    value_SafetyStatusA                      0x2020036c   Data           1  bq769x2_protocol.o(.bss.value_SafetyStatusA)
    value_SafetyStatusB                      0x2020036d   Data           1  bq769x2_protocol.o(.bss.value_SafetyStatusB)
    value_SafetyStatusC                      0x2020036e   Data           1  bq769x2_protocol.o(.bss.value_SafetyStatusC)
    writeEEcnt                               0x20200370   Data           2  b5_soc.o(.bss.writeEEcnt)



==============================================================================

Memory Map of the image

  Image Entry point : 0x000000c1

  Load Region LR_IROM1 (Base: 0x00000000, Size: 0x00004808, Max: 0x00020000, ABSOLUTE)

    Execution Region ER_IROM1 (Exec base: 0x00000000, Load base: 0x00000000, Size: 0x000047a8, Max: 0x00020000, ABSOLUTE)

    Exec Addr    Load Addr    Size         Type   Attr      Idx    E Section Name        Object

    0x00000000   0x00000000   0x000000c0   Data   RO           43    RESET               startup_mspm0g350x_uvision.o
    0x000000c0   0x000000c0   0x00000008   Code   RO          784  * !!!main             c_p.l(__main.o)
    0x000000c8   0x000000c8   0x00000054   Code   RO          989    !!!scatter          c_p.l(__scatter.o)
    0x0000011c   0x0000011c   0x00000004   PAD
    0x00000120   0x00000120   0x0000001a   Code   RO          993    !!handler_copy      c_p.l(__scatter_copy.o)
    0x0000013a   0x0000013a   0x00000006   PAD
    0x00000140   0x00000140   0x00000002   Code   RO          990    !!handler_null      c_p.l(__scatter.o)
    0x00000142   0x00000142   0x00000006   PAD
    0x00000148   0x00000148   0x0000001c   Code   RO          995    !!handler_zi        c_p.l(__scatter_zi.o)
    0x00000164   0x00000164   0x00000002   Code   RO          850    .ARM.Collect$$libinit$$00000000  c_p.l(libinit.o)
    0x00000166   0x00000166   0x00000000   Code   RO          864    .ARM.Collect$$libinit$$00000002  c_p.l(libinit2.o)
    0x00000166   0x00000166   0x00000000   Code   RO          866    .ARM.Collect$$libinit$$00000004  c_p.l(libinit2.o)
    0x00000166   0x00000166   0x00000000   Code   RO          868    .ARM.Collect$$libinit$$00000006  c_p.l(libinit2.o)
    0x00000166   0x00000166   0x00000000   Code   RO          871    .ARM.Collect$$libinit$$0000000C  c_p.l(libinit2.o)
    0x00000166   0x00000166   0x00000000   Code   RO          873    .ARM.Collect$$libinit$$0000000E  c_p.l(libinit2.o)
    0x00000166   0x00000166   0x00000000   Code   RO          875    .ARM.Collect$$libinit$$00000010  c_p.l(libinit2.o)
    0x00000166   0x00000166   0x00000000   Code   RO          878    .ARM.Collect$$libinit$$00000013  c_p.l(libinit2.o)
    0x00000166   0x00000166   0x00000000   Code   RO          880    .ARM.Collect$$libinit$$00000015  c_p.l(libinit2.o)
    0x00000166   0x00000166   0x00000000   Code   RO          882    .ARM.Collect$$libinit$$00000017  c_p.l(libinit2.o)
    0x00000166   0x00000166   0x00000000   Code   RO          884    .ARM.Collect$$libinit$$00000019  c_p.l(libinit2.o)
    0x00000166   0x00000166   0x00000000   Code   RO          886    .ARM.Collect$$libinit$$0000001B  c_p.l(libinit2.o)
    0x00000166   0x00000166   0x00000000   Code   RO          888    .ARM.Collect$$libinit$$0000001D  c_p.l(libinit2.o)
    0x00000166   0x00000166   0x00000000   Code   RO          890    .ARM.Collect$$libinit$$0000001F  c_p.l(libinit2.o)
    0x00000166   0x00000166   0x00000000   Code   RO          892    .ARM.Collect$$libinit$$00000021  c_p.l(libinit2.o)
    0x00000166   0x00000166   0x00000000   Code   RO          894    .ARM.Collect$$libinit$$00000023  c_p.l(libinit2.o)
    0x00000166   0x00000166   0x00000000   Code   RO          896    .ARM.Collect$$libinit$$00000025  c_p.l(libinit2.o)
    0x00000166   0x00000166   0x00000000   Code   RO          898    .ARM.Collect$$libinit$$00000027  c_p.l(libinit2.o)
    0x00000166   0x00000166   0x00000000   Code   RO          902    .ARM.Collect$$libinit$$0000002E  c_p.l(libinit2.o)
    0x00000166   0x00000166   0x00000000   Code   RO          904    .ARM.Collect$$libinit$$00000030  c_p.l(libinit2.o)
    0x00000166   0x00000166   0x00000000   Code   RO          906    .ARM.Collect$$libinit$$00000032  c_p.l(libinit2.o)
    0x00000166   0x00000166   0x00000000   Code   RO          908    .ARM.Collect$$libinit$$00000034  c_p.l(libinit2.o)
    0x00000166   0x00000166   0x00000002   Code   RO          909    .ARM.Collect$$libinit$$00000035  c_p.l(libinit2.o)
    0x00000168   0x00000168   0x00000002   Code   RO          944    .ARM.Collect$$libshutdown$$00000000  c_p.l(libshutdown.o)
    0x0000016a   0x0000016a   0x00000000   Code   RO          972    .ARM.Collect$$libshutdown$$00000002  c_p.l(libshutdown2.o)
    0x0000016a   0x0000016a   0x00000000   Code   RO          974    .ARM.Collect$$libshutdown$$00000004  c_p.l(libshutdown2.o)
    0x0000016a   0x0000016a   0x00000000   Code   RO          977    .ARM.Collect$$libshutdown$$00000007  c_p.l(libshutdown2.o)
    0x0000016a   0x0000016a   0x00000000   Code   RO          980    .ARM.Collect$$libshutdown$$0000000A  c_p.l(libshutdown2.o)
    0x0000016a   0x0000016a   0x00000000   Code   RO          982    .ARM.Collect$$libshutdown$$0000000C  c_p.l(libshutdown2.o)
    0x0000016a   0x0000016a   0x00000000   Code   RO          985    .ARM.Collect$$libshutdown$$0000000F  c_p.l(libshutdown2.o)
    0x0000016a   0x0000016a   0x00000002   Code   RO          986    .ARM.Collect$$libshutdown$$00000010  c_p.l(libshutdown2.o)
    0x0000016c   0x0000016c   0x00000000   Code   RO          813    .ARM.Collect$$rtentry$$00000000  c_p.l(__rtentry.o)
    0x0000016c   0x0000016c   0x00000000   Code   RO          820    .ARM.Collect$$rtentry$$00000002  c_p.l(__rtentry2.o)
    0x0000016c   0x0000016c   0x00000006   Code   RO          832    .ARM.Collect$$rtentry$$00000004  c_p.l(__rtentry4.o)
    0x00000172   0x00000172   0x00000000   Code   RO          822    .ARM.Collect$$rtentry$$00000009  c_p.l(__rtentry2.o)
    0x00000172   0x00000172   0x00000004   Code   RO          823    .ARM.Collect$$rtentry$$0000000A  c_p.l(__rtentry2.o)
    0x00000176   0x00000176   0x00000000   Code   RO          825    .ARM.Collect$$rtentry$$0000000C  c_p.l(__rtentry2.o)
    0x00000176   0x00000176   0x00000008   Code   RO          826    .ARM.Collect$$rtentry$$0000000D  c_p.l(__rtentry2.o)
    0x0000017e   0x0000017e   0x00000002   Code   RO          855    .ARM.Collect$$rtexit$$00000000  c_p.l(rtexit.o)
    0x00000180   0x00000180   0x00000000   Code   RO          915    .ARM.Collect$$rtexit$$00000002  c_p.l(rtexit2.o)
    0x00000180   0x00000180   0x00000004   Code   RO          916    .ARM.Collect$$rtexit$$00000003  c_p.l(rtexit2.o)
    0x00000184   0x00000184   0x00000006   Code   RO          917    .ARM.Collect$$rtexit$$00000004  c_p.l(rtexit2.o)
    0x0000018a   0x0000018a   0x00000002   PAD
    0x0000018c   0x0000018c   0x00000038   Code   RO          768    .emb_text           c_p.l(rt_memcpy.o)
    0x000001c4   0x000001c4   0x0000002c   Code   RO           44    .text               startup_mspm0g350x_uvision.o
    0x000001f0   0x000001f0   0x00000082   Code   RO          769    .text               c_p.l(rt_memcpy.o)
    0x00000272   0x00000272   0x00000040   Code   RO          772    .text               c_p.l(rt_memclr.o)
    0x000002b2   0x000002b2   0x00000002   PAD
    0x000002b4   0x000002b4   0x000001f8   Code   RO          774    .text               c_p.l(aeabi_sdivfast.o)
    0x000004ac   0x000004ac   0x00000006   Code   RO          782    .text               c_p.l(heapauxi.o)
    0x000004b2   0x000004b2   0x00000002   PAD
    0x000004b4   0x000004b4   0x0000007c   Code   RO          786    .text               fz_ps.l(d2f.o)
    0x00000530   0x00000530   0x00000358   Code   RO          788    .text               fz_ps.l(daddsub.o)
    0x00000888   0x00000888   0x0000006c   Code   RO          790    .text               fz_ps.l(dfixi.o)
    0x000008f4   0x000008f4   0x00000058   Code   RO          792    .text               fz_ps.l(dflti.o)
    0x0000094c   0x0000094c   0x00000248   Code   RO          794    .text               fz_ps.l(dmul.o)
    0x00000b94   0x00000b94   0x00000160   Code   RO          802    .text               fz_ps.l(fdiv.o)
    0x00000cf4   0x00000cf4   0x0000004c   Code   RO          805    .text               fz_ps.l(ffixi.o)
    0x00000d40   0x00000d40   0x00000030   Code   RO          807    .text               fz_ps.l(ffixui.o)
    0x00000d70   0x00000d70   0x0000005e   Code   RO          809    .text               fz_ps.l(fflti.o)
    0x00000dce   0x00000dce   0x0000003e   Code   RO          836    .text               c_p.l(sys_stackheap_outer.o)
    0x00000e0c   0x00000e0c   0x00000010   Code   RO          839    .text               c_p.l(exit.o)
    0x00000e1c   0x00000e1c   0x00000008   Code   RO          851    .text               c_p.l(libspace.o)
    0x00000e24   0x00000e24   0x0000000c   Code   RO          910    .text               c_p.l(sys_exit.o)
    0x00000e30   0x00000e30   0x00000002   Code   RO          933    .text               c_p.l(use_no_semi.o)
    0x00000e32   0x00000e32   0x00000000   Code   RO          935    .text               c_p.l(indicate_semi.o)
    0x00000e32   0x00000e32   0x00000002   PAD
    0x00000e34   0x00000e34   0x00000208   Code   RO          272    .text.BMSBasicDataGet  b5_soc.o
    0x0000103c   0x0000103c   0x00000138   Code   RO          274    .text.BMSCalTask    b5_soc.o
    0x00001174   0x00001174   0x0000007c   Code   RO          276    .text.BMSCoulombTotalFinalUpdate  b5_soc.o
    0x000011f0   0x000011f0   0x00000074   Code   RO          266    .text.BMSInit       b5_soc.o
    0x00001264   0x00001264   0x00000038   Code   RO          304    .text.BMSSingleBatVolCheck  b5_soc.o
    0x0000129c   0x0000129c   0x0000011c   Code   RO          270    .text.BMSStartUp    b5_soc.o
    0x000013b8   0x000013b8   0x00000018   Code   RO          268    .text.BMSTask       b5_soc.o
    0x000013d0   0x000013d0   0x000000e0   Code   RO          278    .text.BMSWriteEETask  b5_soc.o
    0x000014b0   0x000014b0   0x00000534   Code   RO          103    .text.BQ769x2_Init  bq769x2_protocol.o
    0x000019e4   0x000019e4   0x00000030   Code   RO          113    .text.BQ769x2_ReadAlarmStatus  bq769x2_protocol.o
    0x00001a14   0x00001a14   0x00000100   Code   RO          129    .text.BQ769x2_ReadAllTemperatures  bq769x2_protocol.o
    0x00001b14   0x00001b14   0x00000030   Code   RO          125    .text.BQ769x2_ReadCurrent  bq769x2_protocol.o
    0x00001b44   0x00001b44   0x0000002c   Code   RO          119    .text.BQ769x2_ReadFETStatus  bq769x2_protocol.o
    0x00001b70   0x00001b70   0x000000c4   Code   RO          115    .text.BQ769x2_ReadSafetyStatus  bq769x2_protocol.o
    0x00001c34   0x00001c34   0x0000003c   Code   RO          121    .text.BQ769x2_ReadVoltage  bq769x2_protocol.o
    0x00001c70   0x00001c70   0x000001a0   Code   RO          244    .text.BQDataGet     dataprocess.o
    0x00001e10   0x00001e10   0x0000010c   Code   RO          314    .text.BatSOCVolEst_NoCur  b5_soc.o
    0x00001f1c   0x00001f1c   0x00000068   Code   RO          292    .text.BoxCoulombCount  b5_soc.o
    0x00001f84   0x00001f84   0x00000184   Code   RO          298    .text.BoxSOCCalVolCaliCal  b5_soc.o
    0x00002108   0x00002108   0x00000118   Code   RO          284    .text.BoxSOCInitEstimate  b5_soc.o
    0x00002220   0x00002220   0x00000138   Code   RO          326    .text.CaliK         b5_soc.o
    0x00002358   0x00002358   0x000000a4   Code   RO          334    .text.CaliKChooseBasedOnSOC  b5_soc.o
    0x000023fc   0x000023fc   0x0000038a   Code   RO          111    .text.CellBalanceInit  bq769x2_protocol.o
    0x00002786   0x00002786   0x00000002   PAD
    0x00002788   0x00002788   0x00000040   Code   RO          133    .text.CellBalanceStatusGet  bq769x2_protocol.o
    0x000027c8   0x000027c8   0x0000040c   Code   RO          302    .text.CellBalanceTask  b5_soc.o
    0x00002bd4   0x00002bd4   0x00000050   Code   RO          135    .text.CloseCellBalance  bq769x2_protocol.o
    0x00002c24   0x00002c24   0x00000020   Code   RO           97    .text.CommandSubcommands  bq769x2_protocol.o
    0x00002c44   0x00002c44   0x0000000a   Code   RO          387    .text.DL_Common_delayCycles  driverlib.a(dl_common.o)
    0x00002c4e   0x00002c4e   0x00000002   PAD
    0x00002c50   0x00002c50   0x00000044   Code   RO          396    .text.DL_DMA_initChannel  driverlib.a(dl_dma.o)
    0x00002c94   0x00002c94   0x00000018   Code   RO          408    .text.DL_FlashCTL_eraseMemoryFromRAM  driverlib.a(dl_flashctl.o)
    0x00002cac   0x00002cac   0x0000001c   Code   RO          458    .text.DL_FlashCTL_programMemory32WithECCGenerated  driverlib.a(dl_flashctl.o)
    0x00002cc8   0x00002cc8   0x000000f0   Code   RO          484    .text.DL_FlashCTL_unprotectSector  driverlib.a(dl_flashctl.o)
    0x00002db8   0x00002db8   0x0000002c   Code   RO          570    .text.DL_I2C_fillControllerTXFIFO  driverlib.a(dl_i2c.o)
    0x00002de4   0x00002de4   0x0000001c   Code   RO          574    .text.DL_I2C_flushControllerRXFIFO  driverlib.a(dl_i2c.o)
    0x00002e00   0x00002e00   0x00000028   Code   RO          572    .text.DL_I2C_flushControllerTXFIFO  driverlib.a(dl_i2c.o)
    0x00002e28   0x00002e28   0x00000026   Code   RO          566    .text.DL_I2C_setClockConfig  driverlib.a(dl_i2c.o)
    0x00002e4e   0x00002e4e   0x00000002   PAD
    0x00002e50   0x00002e50   0x00000050   Code   RO          737    .text.DL_SYSCTL_setLFCLKSourceLFXT  driverlib.a(dl_sysctl_mspm0g1x0x_g3x0x.o)
    0x00002ea0   0x00002ea0   0x000000f0   Code   RO          602    .text.DL_Timer_initTimerMode  driverlib.a(dl_timer.o)
    0x00002f90   0x00002f90   0x0000001c   Code   RO          598    .text.DL_Timer_setClockConfig  driverlib.a(dl_timer.o)
    0x00002fac   0x00002fac   0x00000028   Code   RO          717    .text.DL_UART_fillTXFIFO  driverlib.a(dl_uart.o)
    0x00002fd4   0x00002fd4   0x00000048   Code   RO          695    .text.DL_UART_init  driverlib.a(dl_uart.o)
    0x0000301c   0x0000301c   0x00000012   Code   RO          697    .text.DL_UART_setClockConfig  driverlib.a(dl_uart.o)
    0x0000302e   0x0000302e   0x00000002   PAD
    0x00003030   0x00003030   0x00000058   Code   RO          257    .text.FaultDetect   faultprotect.o
    0x00003088   0x00003088   0x00000002   Code   RO          255    .text.FaultProtect_init  faultprotect.o
    0x0000308a   0x0000308a   0x00000002   PAD
    0x0000308c   0x0000308c   0x00000018   Code   RO           57    .text.I2C1_IRQHandler  main.o
    0x000030a4   0x000030a4   0x00000104   Code   RO           73    .text.I2C_ReadReg   i2c_comm.o
    0x000031a8   0x000031a8   0x000000b0   Code   RO           71    .text.I2C_WriteReg  i2c_comm.o
    0x00003258   0x00003258   0x000002bc   Code   RO          324    .text.InterpolVolBasedOnCur  b5_soc.o
    0x00003514   0x00003514   0x0000006c   Code   RO          105    .text.NotUsedPin_Initialize  bq769x2_protocol.o
    0x00003580   0x00003580   0x00000054   Code   RO          137    .text.OpenCellBalance  bq769x2_protocol.o
    0x000035d4   0x000035d4   0x000000a4   Code   RO          189    .text.PC_ProcessData  pc_protocol.o
    0x00003678   0x00003678   0x00000008   Code   RO          195    .text.PC_protocol_init  pc_protocol.o
    0x00003680   0x00003680   0x00000254   Code   RO          288    .text.ResistanceCal  b5_soc.o
    0x000038d4   0x000038d4   0x00000018   Code   RO           24    .text.SYSCFG_DL_DMA_CH0_init  ti_msp_dl_config.o
    0x000038ec   0x000038ec   0x00000008   Code   RO           16    .text.SYSCFG_DL_DMA_init  ti_msp_dl_config.o
    0x000038f4   0x000038f4   0x00000054   Code   RO            6    .text.SYSCFG_DL_GPIO_init  ti_msp_dl_config.o
    0x00003948   0x00003948   0x00000058   Code   RO           12    .text.SYSCFG_DL_I2C_0_init  ti_msp_dl_config.o
    0x000039a0   0x000039a0   0x00000024   Code   RO           18    .text.SYSCFG_DL_SYSCTL_CLK_init  ti_msp_dl_config.o
    0x000039c4   0x000039c4   0x00000048   Code   RO            8    .text.SYSCFG_DL_SYSCTL_init  ti_msp_dl_config.o
    0x00003a0c   0x00003a0c   0x00000048   Code   RO           10    .text.SYSCFG_DL_TIMER_init  ti_msp_dl_config.o
    0x00003a54   0x00003a54   0x000000a4   Code   RO           14    .text.SYSCFG_DL_UART_0_init  ti_msp_dl_config.o
    0x00003af8   0x00003af8   0x00000030   Code   RO            2    .text.SYSCFG_DL_init  ti_msp_dl_config.o
    0x00003b28   0x00003b28   0x00000048   Code   RO            4    .text.SYSCFG_DL_initPower  ti_msp_dl_config.o
    0x00003b70   0x00003b70   0x00000194   Code   RO          316    .text.SingleBatSOCCalVolCali  b5_soc.o
    0x00003d04   0x00003d04   0x000000c8   Code   RO          328    .text.SingleBatSOCCalVolCaliCal  b5_soc.o
    0x00003dcc   0x00003dcc   0x00000030   Code   RO           55    .text.TIMA0_IRQHandler  main.o
    0x00003dfc   0x00003dfc   0x0000006e   Code   RO          107    .text.Temperature_Pin_Initialize  bq769x2_protocol.o
    0x00003e6a   0x00003e6a   0x00000002   PAD
    0x00003e6c   0x00003e6c   0x00000018   Code   RO           53    .text.UART0_IRQHandler  main.o
    0x00003e84   0x00003e84   0x00000040   Code   RO          197    .text.UART_FaultReset  pc_protocol.o
    0x00003ec4   0x00003ec4   0x0000004c   Code   RO          177    .text.UART_WriteArray  uart_comm.o
    0x00003f10   0x00003f10   0x000000fc   Code   RO          109    .text.VcellMode_Initialize  bq769x2_protocol.o
    0x0000400c   0x0000400c   0x0000001c   Code   RO          228    .text.delayMS       mymcucommbsw.o
    0x00004028   0x00004028   0x0000001a   Code   RO          230    .text.delayUS       mymcucommbsw.o
    0x00004042   0x00004042   0x00000002   PAD
    0x00004044   0x00004044   0x000000d4   Code   RO           51    .text.main          main.o
    0x00004118   0x00004118   0x000001f6   Code   RO          775    .text_divfast       c_p.l(aeabi_sdivfast.o)
    0x0000430e   0x0000430e   0x00000002   PAD
    0x00004310   0x00004310   0x0000000c   Ven    RO          997    Veneer$$Code        anon$$obj.o
    0x0000431c   0x0000431c   0x0000008c   Code   RO          796    x$fpl$fadd          fz_ps.l(faddsub.o)
    0x000043a8   0x000043a8   0x000000b0   Code   RO          811    x$fpl$fmul          fz_ps.l(fmul.o)
    0x00004458   0x00004458   0x000000d0   Code   RO          798    x$fpl$fsub          fz_ps.l(faddsub.o)
    0x00004528   0x00004528   0x00000000   Code   RO          818    x$fpl$usenofp       fz_ps.l(usenofp.o)
    0x00004528   0x00004528   0x00000040   Data   RO          803    .constdata          fz_ps.l(fdiv.o)
    0x00004568   0x00004568   0x00000008   Data   RO          345    .rodata.BatCommPoint  b5_soc.o
    0x00004570   0x00004570   0x00000008   Data   RO          372    .rodata.Cali_K_chg_Higher_SOC  batconfig.o
    0x00004578   0x00004578   0x00000008   Data   RO          373    .rodata.Cali_K_chg_Lower_SOC  batconfig.o
    0x00004580   0x00004580   0x00000008   Data   RO          370    .rodata.Cali_K_dchg_Higher_SOC  batconfig.o
    0x00004588   0x00004588   0x00000008   Data   RO          371    .rodata.Cali_K_dchg_Lower_SOC  batconfig.o
    0x00004590   0x00004590   0x00000030   Data   RO          374    .rodata.Cali_T0_vol_tbl  batconfig.o
    0x000045c0   0x000045c0   0x00000030   Data   RO          375    .rodata.Cali_T15_vol_tbl  batconfig.o
    0x000045f0   0x000045f0   0x00000030   Data   RO          376    .rodata.Cali_T25_vol_tbl  batconfig.o
    0x00004620   0x00004620   0x00000030   Data   RO          377    .rodata.Cali_T35_vol_tbl  batconfig.o
    0x00004650   0x00004650   0x00000030   Data   RO          378    .rodata.Cali_T45_vol_tbl  batconfig.o
    0x00004680   0x00004680   0x0000000a   Data   RO          365    .rodata.Cali_T_tbl  batconfig.o
    0x0000468a   0x0000468a   0x00000008   Data   RO          366    .rodata.Cali_chg_SOC_tbl  batconfig.o
    0x00004692   0x00004692   0x00000008   Data   RO          367    .rodata.Cali_dchg_SOC_tbl  batconfig.o
    0x0000469a   0x0000469a   0x00000008   Data   RO          368    .rodata.Cali_delt_chg_SOC_region  batconfig.o
    0x000046a2   0x000046a2   0x00000008   Data   RO          369    .rodata.Cali_delt_dchg_SOC_region  batconfig.o
    0x000046aa   0x000046aa   0x00000011   Data   RO          364    .rodata.NoCur_SOCErrRange  batconfig.o
    0x000046bb   0x000046bb   0x00000011   Data   RO          363    .rodata.NoCur_SOCRange  batconfig.o
    0x000046cc   0x000046cc   0x00000022   Data   RO          362    .rodata.NoCur_VolTable  batconfig.o
    0x000046ee   0x000046ee   0x00000004   Data   RO          352    .rodata.cst4        b5_soc.o
    0x000046f2   0x000046f2   0x00000002   PAD
    0x000046f4   0x000046f4   0x00000018   Data   RO           33    .rodata.gDMA_CH0Config  ti_msp_dl_config.o
    0x0000470c   0x0000470c   0x00000002   Data   RO           30    .rodata.gI2C_0ClockConfig  ti_msp_dl_config.o
    0x0000470e   0x0000470e   0x00000003   Data   RO           27    .rodata.gLFCLKConfig  ti_msp_dl_config.o
    0x00004711   0x00004711   0x00000003   Data   RO           28    .rodata.gTIMERClockConfig  ti_msp_dl_config.o
    0x00004714   0x00004714   0x00000014   Data   RO           29    .rodata.gTIMERTimerConfig  ti_msp_dl_config.o
    0x00004728   0x00004728   0x00000002   Data   RO           31    .rodata.gUART_0ClockConfig  ti_msp_dl_config.o
    0x0000472a   0x0000472a   0x0000000a   Data   RO           32    .rodata.gUART_0Config  ti_msp_dl_config.o
    0x00004734   0x00004734   0x0000003e   Data   RO          380    .rodata.packInfo    batconfig.o
    0x00004772   0x00004772   0x00000006   PAD
    0x00004778   0x00004778   0x00000030   Data   RO          988    Region$$Table       anon$$obj.o


    Execution Region RW_IRAM2 (Exec base: 0x20200000, Load base: 0x000047a8, Size: 0x00000778, Max: 0x00008000, ABSOLUTE)

    Exec Addr    Load Addr    Size         Type   Attr      Idx    E Section Name        Object

    0x20200000   0x000047a8   0x00000034   Code   RO          410    .ramfunc            driverlib.a(dl_flashctl.o)
    0x20200034   0x000047dc   0x00000014   Data   RW          379    .data.Cali_T_Vol_tbl  batconfig.o
    0x20200048   0x000047f0   0x00000004   Data   RW           59    .data.SW_VER        main.o
    0x2020004c   0x000047f4   0x00000010   Data   RW          381    .data.nocur_voltbl  batconfig.o
    0x2020005c   0x00004804   0x00000004   PAD
    0x20200060        -       0x00000060   Zero   RW          852    .bss                c_p.l(libspace.o)
    0x202000c0        -       0x00000002   Zero   RW          145    .bss.AlarmBits      bq769x2_protocol.o
    0x202000c2   0x00004804   0x00000002   PAD
    0x202000c4        -       0x00000004   Zero   RW          336    .bss.BoxSOCEEBuffer  b5_soc.o
    0x202000c8        -       0x00000002   Zero   RW          146    .bss.CB_ActiveCells  bq769x2_protocol.o
    0x202000ca        -       0x00000001   Zero   RW          165    .bss.FET_Status     bq769x2_protocol.o
    0x202000cb        -       0x00000001   Zero   RW           76    .bss.I2C_dead       i2c_comm.o
    0x202000cc        -       0x00000001   Zero   RW          150    .bss.OCD_Fault      bq769x2_protocol.o
    0x202000cd        -       0x00000001   Zero   RW          148    .bss.OV_Fault       bq769x2_protocol.o
    0x202000ce        -       0x00000002   Zero   RW          144    .bss.Pack_Current   bq769x2_protocol.o
    0x202000d0        -       0x00000076   Zero   RW          201    .bss.PcPointBuffer  pc_protocol.o
    0x20200146        -       0x00000001   Zero   RW          151    .bss.ProtectionsTriggered  bq769x2_protocol.o
    0x20200147        -       0x00000020   Zero   RW          157    .bss.RX_32Byte      bq769x2_protocol.o
    0x20200167        -       0x00000002   Zero   RW          158    .bss.RX_data        bq769x2_protocol.o
    0x20200169   0x00004804   0x00000007   PAD
    0x20200170        -       0x00000008   Zero   RW          199    .bss.RecBuffer      pc_protocol.o
    0x20200178        -       0x00000001   Zero   RW          149    .bss.SCD_Fault      bq769x2_protocol.o
    0x20200179        -       0x00000008   Zero   RW          200    .bss.SendBuffer     pc_protocol.o
    0x20200181   0x00004804   0x00000003   PAD
    0x20200184        -       0x00000020   Zero   RW          340    .bss.SingleBatSOCEEReadBuffer  b5_soc.o
    0x202001a4        -       0x00000020   Zero   RW          341    .bss.SingleBatSOCEEWriteBuffer  b5_soc.o
    0x202001c4        -       0x00000010   Zero   RW          342    .bss.SingleBatTempEEWriteBuffer  b5_soc.o
    0x202001d4        -       0x00000010   Zero   RW          140    .bss.Temperature    bq769x2_protocol.o
    0x202001e4        -       0x00000001   Zero   RW          203    .bss.UART_Fault     pc_protocol.o
    0x202001e5        -       0x00000001   Zero   RW          147    .bss.UV_Fault       bq769x2_protocol.o
    0x202001e6   0x00004804   0x00000002   PAD
    0x202001e8        -       0x00000040   Zero   RW          348    .bss.batBMS         b5_soc.o
    0x20200228        -       0x0000001c   Zero   RW          346    .bss.boxBMS         b5_soc.o
    0x20200244        -       0x00000018   Zero   RW          347    .bss.boxInfo        b5_soc.o
    0x2020025c        -       0x00000028   Zero   RW          350    .bss.cellBalance    b5_soc.o
    0x20200284        -       0x00000026   Zero   RW          349    .bss.cellR          b5_soc.o
    0x202002aa        -       0x00000002   Zero   RW          351    .bss.chgdchgStatus  b5_soc.o
    0x202002ac        -       0x00000004   Zero   RW          344    .bss.dC             b5_soc.o
    0x202002b0        -       0x000000bc   Zero   RW           26    .bss.gTIMERBackup   ti_msp_dl_config.o
    0x2020036c        -       0x00000001   Zero   RW          159    .bss.value_SafetyStatusA  bq769x2_protocol.o
    0x2020036d        -       0x00000001   Zero   RW          160    .bss.value_SafetyStatusB  bq769x2_protocol.o
    0x2020036e        -       0x00000001   Zero   RW          161    .bss.value_SafetyStatusC  bq769x2_protocol.o
    0x2020036f   0x00004804   0x00000001   PAD
    0x20200370        -       0x00000002   Zero   RW          343    .bss.writeEEcnt     b5_soc.o
    0x20200372   0x00004804   0x00000006   PAD
    0x20200378        -       0x00000000   Zero   RW           42    HEAP                startup_mspm0g350x_uvision.o
    0x20200378        -       0x00000400   Zero   RW           41    STACK               startup_mspm0g350x_uvision.o



  Load Region LR_BCR (Base: 0x41c00000, Size: 0x00000000, Max: 0x00000100, ABSOLUTE)

    Execution Region BCR_CONFIG (Exec base: 0x41c00000, Load base: 0x41c00000, Size: 0x00000000, Max: 0x00000080, ABSOLUTE)

    **** No section assigned to this execution region ****



  Load Region LR_BSL (Base: 0x41c00100, Size: 0x00000000, Max: 0x00000100, ABSOLUTE)

    Execution Region BSL_CONFIG (Exec base: 0x41c00100, Load base: 0x41c00100, Size: 0x00000000, Max: 0x00000080, ABSOLUTE)

    **** No section assigned to this execution region ****


==============================================================================

Image component sizes


      Code (inc. data)   RO Data    RW Data    ZI Data      Debug   Object Name

      6112        396         12          0        286      28329   b5_soc.o
         0          0        444         36          0       3259   batconfig.o
      3620         72          0          0         65      33937   bq769x2_protocol.o
       416         20          0          0          0       5176   dataprocess.o
        90         24          0          0          0       1585   faultprotect.o
       436         24          0          0          1       7508   i2c_comm.o
       308         60          0          4          0      17993   main.o
        54          0          0          0          0       9697   mymcucommbsw.o
       236         16          0          0        135       6720   pc_protocol.o
        44         18        192          0       1024        672   startup_mspm0g350x_uvision.o
       668        140         64          0        188      34734   ti_msp_dl_config.o
        76          8          0          0          0       2922   uart_comm.o

    ----------------------------------------------------------------------
     12080        782        768         40       1724     152532   Object Totals
        12          4         48          0          0          0   (incl. Generated)
         8          0          8          0         25          0   (incl. Padding)

    ----------------------------------------------------------------------

      Code (inc. data)   RO Data    RW Data    ZI Data      Debug   Library Member Name

         8          0          0          0          0         68   __main.o
         0          0          0          0          0          0   __rtentry.o
        12          0          0          0          0          0   __rtentry2.o
         6          0          0          0          0          0   __rtentry4.o
        86         10          0          0          0          0   __scatter.o
        26          0          0          0          0          0   __scatter_copy.o
        28          0          0          0          0          0   __scatter_zi.o
      1006          4          0          0          0        184   aeabi_sdivfast.o
        16          0          0          0          0         68   exit.o
         6          0          0          0          0        136   heapauxi.o
         0          0          0          0          0          0   indicate_semi.o
         2          0          0          0          0          0   libinit.o
         2          0          0          0          0          0   libinit2.o
         2          0          0          0          0          0   libshutdown.o
         2          0          0          0          0          0   libshutdown2.o
         8          4          0          0         96         68   libspace.o
        64          0          0          0          0        108   rt_memclr.o
       186          0          0          0          0        144   rt_memcpy.o
         2          0          0          0          0          0   rtexit.o
        10          0          0          0          0          0   rtexit2.o
        12          4          0          0          0         60   sys_exit.o
        62          0          0          0          0         80   sys_stackheap_outer.o
         2          0          0          0          0         68   use_no_semi.o
        10          0          0          0          0        803   dl_common.o
        68          4          0          0          0       4505   dl_dma.o
       344         24          0          0          0      63542   dl_flashctl.o
       150          4          0          0          0       8590   dl_i2c.o
        80         16          0          0          0      18491   dl_sysctl_mspm0g1x0x_g3x0x.o
       268        160          0          0          0      39888   dl_timer.o
       130         12          0          0          0      14128   dl_uart.o
       124          4          0          0          0         72   d2f.o
       856         20          0          0          0        208   daddsub.o
       108         10          0          0          0         72   dfixi.o
        88          0          0          0          0         92   dflti.o
       584         26          0          0          0         84   dmul.o
       348          8          0          0          0        160   faddsub.o
       352         10         64          0          0         92   fdiv.o
        76          0          0          0          0         68   ffixi.o
        48          0          0          0          0         60   ffixui.o
        94          0          0          0          0         92   fflti.o
       176          4          0          0          0         80   fmul.o
         0          0          0          0          0          0   usenofp.o

    ----------------------------------------------------------------------
      5484        328         64          0         96     152011   Library Totals
        32          4          0          0          0          0   (incl. Padding)

    ----------------------------------------------------------------------

      Code (inc. data)   RO Data    RW Data    ZI Data      Debug   Library Name

      1548         22          0          0         96        984   c_p.l
      1050        220          0          0          0     149947   driverlib.a
      2854         82         64          0          0       1080   fz_ps.l

    ----------------------------------------------------------------------
      5484        328         64          0         96     152011   Library Totals

    ----------------------------------------------------------------------

==============================================================================


      Code (inc. data)   RO Data    RW Data    ZI Data      Debug   

     17564       1110        832         40       1820     303403   Grand Totals
     17564       1110        832         40       1820     303403   ELF Image Totals
     17564       1110        832         40          0          0   ROM Totals

==============================================================================

    Total RO  Size (Code + RO Data)                18396 (  17.96kB)
    Total RW  Size (RW Data + ZI Data)              1860 (   1.82kB)
    Total ROM Size (Code + RO Data + RW Data)      18436 (  18.00kB)

==============================================================================

