Component: Arm Compiler for Embedded 6.22 Tool: armlink [5ee90200]

==============================================================================

Section Cross References

    ti_msp_dl_config.o(.text.SYSCFG_DL_init) refers to ti_msp_dl_config.o(.text.SYSCFG_DL_initPower) for SYSCFG_DL_initPower
    ti_msp_dl_config.o(.text.SYSCFG_DL_init) refers to ti_msp_dl_config.o(.text.SYSCFG_DL_GPIO_init) for SYSCFG_DL_GPIO_init
    ti_msp_dl_config.o(.text.SYSCFG_DL_init) refers to ti_msp_dl_config.o(.text.SYSCFG_DL_SYSCTL_init) for SYSCFG_DL_SYSCTL_init
    ti_msp_dl_config.o(.text.SYSCFG_DL_init) refers to ti_msp_dl_config.o(.text.SYSCFG_DL_TIMER_init) for SYSCFG_DL_TIMER_init
    ti_msp_dl_config.o(.text.SYSCFG_DL_init) refers to ti_msp_dl_config.o(.text.SYSCFG_DL_I2C_0_init) for SYSCFG_DL_I2C_0_init
    ti_msp_dl_config.o(.text.SYSCFG_DL_init) refers to ti_msp_dl_config.o(.text.SYSCFG_DL_UART_0_init) for SYSCFG_DL_UART_0_init
    ti_msp_dl_config.o(.text.SYSCFG_DL_init) refers to ti_msp_dl_config.o(.text.SYSCFG_DL_DMA_init) for SYSCFG_DL_DMA_init
    ti_msp_dl_config.o(.text.SYSCFG_DL_init) refers to ti_msp_dl_config.o(.text.SYSCFG_DL_SYSCTL_CLK_init) for SYSCFG_DL_SYSCTL_CLK_init
    ti_msp_dl_config.o(.text.SYSCFG_DL_init) refers to ti_msp_dl_config.o(.bss.gTIMERBackup) for gTIMERBackup
    ti_msp_dl_config.o(.ARM.exidx.text.SYSCFG_DL_init) refers to ti_msp_dl_config.o(.text.SYSCFG_DL_init) for [Anonymous Symbol]
    ti_msp_dl_config.o(.text.SYSCFG_DL_initPower) refers to dl_common.o(.text.DL_Common_delayCycles) for DL_Common_delayCycles
    ti_msp_dl_config.o(.ARM.exidx.text.SYSCFG_DL_initPower) refers to ti_msp_dl_config.o(.text.SYSCFG_DL_initPower) for [Anonymous Symbol]
    ti_msp_dl_config.o(.ARM.exidx.text.SYSCFG_DL_GPIO_init) refers to ti_msp_dl_config.o(.text.SYSCFG_DL_GPIO_init) for [Anonymous Symbol]
    ti_msp_dl_config.o(.text.SYSCFG_DL_SYSCTL_init) refers to dl_sysctl_mspm0g1x0x_g3x0x.o(.text.DL_SYSCTL_setLFCLKSourceLFXT) for DL_SYSCTL_setLFCLKSourceLFXT
    ti_msp_dl_config.o(.text.SYSCFG_DL_SYSCTL_init) refers to ti_msp_dl_config.o(.rodata.gLFCLKConfig) for [Anonymous Symbol]
    ti_msp_dl_config.o(.ARM.exidx.text.SYSCFG_DL_SYSCTL_init) refers to ti_msp_dl_config.o(.text.SYSCFG_DL_SYSCTL_init) for [Anonymous Symbol]
    ti_msp_dl_config.o(.text.SYSCFG_DL_TIMER_init) refers to dl_timer.o(.text.DL_Timer_setClockConfig) for DL_Timer_setClockConfig
    ti_msp_dl_config.o(.text.SYSCFG_DL_TIMER_init) refers to dl_timer.o(.text.DL_Timer_initTimerMode) for DL_Timer_initTimerMode
    ti_msp_dl_config.o(.text.SYSCFG_DL_TIMER_init) refers to ti_msp_dl_config.o(.rodata.gTIMERClockConfig) for [Anonymous Symbol]
    ti_msp_dl_config.o(.text.SYSCFG_DL_TIMER_init) refers to ti_msp_dl_config.o(.rodata.gTIMERTimerConfig) for [Anonymous Symbol]
    ti_msp_dl_config.o(.ARM.exidx.text.SYSCFG_DL_TIMER_init) refers to ti_msp_dl_config.o(.text.SYSCFG_DL_TIMER_init) for [Anonymous Symbol]
    ti_msp_dl_config.o(.text.SYSCFG_DL_I2C_0_init) refers to dl_i2c.o(.text.DL_I2C_setClockConfig) for DL_I2C_setClockConfig
    ti_msp_dl_config.o(.text.SYSCFG_DL_I2C_0_init) refers to ti_msp_dl_config.o(.rodata.gI2C_0ClockConfig) for [Anonymous Symbol]
    ti_msp_dl_config.o(.ARM.exidx.text.SYSCFG_DL_I2C_0_init) refers to ti_msp_dl_config.o(.text.SYSCFG_DL_I2C_0_init) for [Anonymous Symbol]
    ti_msp_dl_config.o(.text.SYSCFG_DL_UART_0_init) refers to dl_uart.o(.text.DL_UART_setClockConfig) for DL_UART_setClockConfig
    ti_msp_dl_config.o(.text.SYSCFG_DL_UART_0_init) refers to dl_uart.o(.text.DL_UART_init) for DL_UART_init
    ti_msp_dl_config.o(.text.SYSCFG_DL_UART_0_init) refers to ti_msp_dl_config.o(.rodata.gUART_0ClockConfig) for [Anonymous Symbol]
    ti_msp_dl_config.o(.text.SYSCFG_DL_UART_0_init) refers to ti_msp_dl_config.o(.rodata.gUART_0Config) for [Anonymous Symbol]
    ti_msp_dl_config.o(.ARM.exidx.text.SYSCFG_DL_UART_0_init) refers to ti_msp_dl_config.o(.text.SYSCFG_DL_UART_0_init) for [Anonymous Symbol]
    ti_msp_dl_config.o(.text.SYSCFG_DL_DMA_init) refers to ti_msp_dl_config.o(.text.SYSCFG_DL_DMA_CH0_init) for SYSCFG_DL_DMA_CH0_init
    ti_msp_dl_config.o(.ARM.exidx.text.SYSCFG_DL_DMA_init) refers to ti_msp_dl_config.o(.text.SYSCFG_DL_DMA_init) for [Anonymous Symbol]
    ti_msp_dl_config.o(.ARM.exidx.text.SYSCFG_DL_SYSCTL_CLK_init) refers to ti_msp_dl_config.o(.text.SYSCFG_DL_SYSCTL_CLK_init) for [Anonymous Symbol]
    ti_msp_dl_config.o(.text.SYSCFG_DL_saveConfiguration) refers to dl_timer.o(.text.DL_TimerA_saveConfiguration) for DL_TimerA_saveConfiguration
    ti_msp_dl_config.o(.text.SYSCFG_DL_saveConfiguration) refers to ti_msp_dl_config.o(.bss.gTIMERBackup) for gTIMERBackup
    ti_msp_dl_config.o(.ARM.exidx.text.SYSCFG_DL_saveConfiguration) refers to ti_msp_dl_config.o(.text.SYSCFG_DL_saveConfiguration) for [Anonymous Symbol]
[...]
    ../clib/signal.c                         0x00000000   Number         0  defsig_general.o ABSOLUTE
    ../clib/signal.c                         0x00000000   Number         0  defsig_abrt_inner.o ABSOLUTE
    ../clib/signal.c                         0x00000000   Number         0  defsig_rtred_inner.o ABSOLUTE
    ../clib/signal.c                         0x00000000   Number         0  defsig_rtmem_inner.o ABSOLUTE
    ../clib/signal.c                         0x00000000   Number         0  defsig_rtmem_outer.o ABSOLUTE
    ../clib/signal.c                         0x00000000   Number         0  defsig_rtmem_formal.o ABSOLUTE
    ../clib/signal.c                         0x00000000   Number         0  defsig_stak_inner.o ABSOLUTE
    ../clib/signal.c                         0x00000000   Number         0  defsig_pvfn_inner.o ABSOLUTE
    ../clib/signal.c                         0x00000000   Number         0  defsig_cppl_inner.o ABSOLUTE
    ../clib/signal.c                         0x00000000   Number         0  defsig_segv_inner.o ABSOLUTE
    ../clib/signal.c                         0x00000000   Number         0  defsig_other.o ABSOLUTE
    ../clib/signal.s                         0x00000000   Number         0  defsig.o ABSOLUTE
    ../clib/stdlib.c                         0x00000000   Number         0  exit.o ABSOLUTE
    ../fplib/cfplib/d2f.c                    0x00000000   Number         0  d2f.o ABSOLUTE
    ../fplib/cfplib/daddsub.c                0x00000000   Number         0  daddsub.o ABSOLUTE
    ../fplib/cfplib/dmul.c                   0x00000000   Number         0  dmul.o ABSOLUTE
    ../fplib/cfplib/fdiv.c                   0x00000000   Number         0  fdiv.o ABSOLUTE
    ../fplib/cfplib/ffix.c                   0x00000000   Number         0  ffixi.o ABSOLUTE
    ../fplib/cfplib/fflt.c                   0x00000000   Number         0  dflti.o ABSOLUTE
    ../fplib/cfplib/fflt.c                   0x00000000   Number         0  fflti.o ABSOLUTE
    ../fplib/cfplib/fpinit.c                 0x00000000   Number         0  fpinit.o ABSOLUTE
    ../fplib/fmul6m.s                        0x00000000   Number         0  fmul.o ABSOLUTE
    ../fplib/usenofp.s                       0x00000000   Number         0  usenofp.o ABSOLUTE
    B5_SOC.c                                 0x00000000   Number         0  b5_soc.o ABSOLUTE
    BQ769x2_protocol.c                       0x00000000   Number         0  bq769x2_protocol.o ABSOLUTE
    BatConfig.c                              0x00000000   Number         0  batconfig.o ABSOLUTE
    DataProcess.c                            0x00000000   Number         0  dataprocess.o ABSOLUTE
    FaultProtect.c                           0x00000000   Number         0  faultprotect.o ABSOLUTE
    I2C_comm.c                               0x00000000   Number         0  i2c_comm.o ABSOLUTE
    PC_protocol.c                            0x00000000   Number         0  pc_protocol.o ABSOLUTE
    UART_comm.c                              0x00000000   Number         0  uart_comm.o ABSOLUTE
    dc.s                                     0x00000000   Number         0  dc.o ABSOLUTE
    dl_common.c                              0x00000000   Number         0  dl_common.o ABSOLUTE
    dl_dma.c                                 0x00000000   Number         0  dl_dma.o ABSOLUTE
    dl_flashctl.c                            0x00000000   Number         0  dl_flashctl.o ABSOLUTE
    dl_i2c.c                                 0x00000000   Number         0  dl_i2c.o ABSOLUTE
    dl_sysctl_mspm0g1x0x_g3x0x.c             0x00000000   Number         0  dl_sysctl_mspm0g1x0x_g3x0x.o ABSOLUTE
    dl_timer.c                               0x00000000   Number         0  dl_timer.o ABSOLUTE
    dl_uart.c                                0x00000000   Number         0  dl_uart.o ABSOLUTE
    main.c                                   0x00000000   Number         0  main.o ABSOLUTE
    myMCUCommBSW.c                           0x00000000   Number         0  mymcucommbsw.o ABSOLUTE
    startup_mspm0g350x_uvision.s             0x00000000   Number         0  startup_mspm0g350x_uvision.o ABSOLUTE
    ti_msp_dl_config.c                       0x00000000   Number         0  ti_msp_dl_config.o ABSOLUTE
    RESET                                    0x00000000   Section      192  startup_mspm0g350x_uvision.o(RESET)
    !!!main                                  0x000000c0   Section        8  __main.o(!!!main)
    !!!scatter                               0x000000c8   Section       84  __scatter.o(!!!scatter)
    !!handler_copy                           0x00000120   Section       26  __scatter_copy.o(!!handler_copy)
    !!handler_null                           0x00000140   Section        2  __scatter.o(!!handler_null)
    !!handler_zi                             0x00000148   Section       28  __scatter_zi.o(!!handler_zi)
    .ARM.Collect$$libinit$$00000000          0x00000164   Section        2  libinit.o(.ARM.Collect$$libinit$$00000000)
    .ARM.Collect$$libinit$$00000002          0x00000166   Section        0  libinit2.o(.ARM.Collect$$libinit$$00000002)
    .ARM.Collect$$libinit$$00000004          0x00000166   Section        0  libinit2.o(.ARM.Collect$$libinit$$00000004)
    .ARM.Collect$$libinit$$00000006          0x00000166   Section        0  libinit2.o(.ARM.Collect$$libinit$$00000006)
    .ARM.Collect$$libinit$$0000000C          0x00000166   Section        0  libinit2.o(.ARM.Collect$$libinit$$0000000C)
    .ARM.Collect$$libinit$$0000000E          0x00000166   Section        0  libinit2.o(.ARM.Collect$$libinit$$0000000E)
    .ARM.Collect$$libinit$$00000010          0x00000166   Section        0  libinit2.o(.ARM.Collect$$libinit$$00000010)
    .ARM.Collect$$libinit$$00000013          0x00000166   Section        0  libinit2.o(.ARM.Collect$$libinit$$00000013)
    .ARM.Collect$$libinit$$00000015          0x00000166   Section        0  libinit2.o(.ARM.Collect$$libinit$$00000015)
    .ARM.Collect$$libinit$$00000017          0x00000166   Section        0  libinit2.o(.ARM.Collect$$libinit$$00000017)
    .ARM.Collect$$libinit$$00000019          0x00000166   Section        0  libinit2.o(.ARM.Collect$$libinit$$00000019)
    .ARM.Collect$$libinit$$0000001B          0x00000166   Section        0  libinit2.o(.ARM.Collect$$libinit$$0000001B)
    .ARM.Collect$$libinit$$0000001D          0x00000166   Section        0  libinit2.o(.ARM.Collect$$libinit$$0000001D)
    .ARM.Collect$$libinit$$0000001F          0x00000166   Section        0  libinit2.o(.ARM.Collect$$libinit$$0000001F)
    .ARM.Collect$$libinit$$00000021          0x00000166   Section        0  libinit2.o(.ARM.Collect$$libinit$$00000021)
    .ARM.Collect$$libinit$$00000023          0x00000166   Section        0  libinit2.o(.ARM.Collect$$libinit$$00000023)
    .ARM.Collect$$libinit$$00000025          0x00000166   Section        0  libinit2.o(.ARM.Collect$$libinit$$00000025)
    .ARM.Collect$$libinit$$00000027          0x00000166   Section        0  libinit2.o(.ARM.Collect$$libinit$$00000027)
    .ARM.Collect$$libinit$$0000002E          0x00000166   Section        0  libinit2.o(.ARM.Collect$$libinit$$0000002E)
    .ARM.Collect$$libinit$$00000030          0x00000166   Section        0  libinit2.o(.ARM.Collect$$libinit$$00000030)
    .ARM.Collect$$libinit$$00000032          0x00000166   Section        0  libinit2.o(.ARM.Collect$$libinit$$00000032)
    .ARM.Collect$$libinit$$00000034          0x00000166   Section        0  libinit2.o(.ARM.Collect$$libinit$$00000034)
    .ARM.Collect$$libinit$$00000035          0x00000166   Section        2  libinit2.o(.ARM.Collect$$libinit$$00000035)
    .ARM.Collect$$libshutdown$$00000000      0x00000168   Section        2  libshutdown.o(.ARM.Collect$$libshutdown$$00000000)
    .ARM.Collect$$libshutdown$$00000002      0x0000016a   Section        0  libshutdown2.o(.ARM.Collect$$libshutdown$$00000002)
    .ARM.Collect$$libshutdown$$00000004      0x0000016a   Section        0  libshutdown2.o(.ARM.Collect$$libshutdown$$00000004)
    .ARM.Collect$$libshutdown$$00000007      0x0000016a   Section        0  libshutdown2.o(.ARM.Collect$$libshutdown$$00000007)
    .ARM.Collect$$libshutdown$$0000000A      0x0000016a   Section        0  libshutdown2.o(.ARM.Collect$$libshutdown$$0000000A)
    .ARM.Collect$$libshutdown$$0000000C      0x0000016a   Section        0  libshutdown2.o(.ARM.Collect$$libshutdown$$0000000C)
    .ARM.Collect$$libshutdown$$0000000F      0x0000016a   Section        0  libshutdown2.o(.ARM.Collect$$libshutdown$$0000000F)
    .ARM.Collect$$libshutdown$$00000010      0x0000016a   Section        2  libshutdown2.o(.ARM.Collect$$libshutdown$$00000010)
    .ARM.Collect$$rtentry$$00000000          0x0000016c   Section        0  __rtentry.o(.ARM.Collect$$rtentry$$00000000)
    .ARM.Collect$$rtentry$$00000002          0x0000016c   Section        0  __rtentry2.o(.ARM.Collect$$rtentry$$00000002)
    .ARM.Collect$$rtentry$$00000004          0x0000016c   Section        6  __rtentry4.o(.ARM.Collect$$rtentry$$00000004)
    .ARM.Collect$$rtentry$$00000009          0x00000172   Section        0  __rtentry2.o(.ARM.Collect$$rtentry$$00000009)
    .ARM.Collect$$rtentry$$0000000A          0x00000172   Section        4  __rtentry2.o(.ARM.Collect$$rtentry$$0000000A)
    .ARM.Collect$$rtentry$$0000000C          0x00000176   Section        0  __rtentry2.o(.ARM.Collect$$rtentry$$0000000C)
    .ARM.Collect$$rtentry$$0000000D          0x00000176   Section        8  __rtentry2.o(.ARM.Collect$$rtentry$$0000000D)
    .ARM.Collect$$rtexit$$00000000           0x0000017e   Section        2  rtexit.o(.ARM.Collect$$rtexit$$00000000)
    .ARM.Collect$$rtexit$$00000002           0x00000180   Section        0  rtexit2.o(.ARM.Collect$$rtexit$$00000002)
    .ARM.Collect$$rtexit$$00000003           0x00000180   Section        4  rtexit2.o(.ARM.Collect$$rtexit$$00000003)
    .ARM.Collect$$rtexit$$00000004           0x00000184   Section        6  rtexit2.o(.ARM.Collect$$rtexit$$00000004)
    .emb_text                                0x0000018c   Section       56  rt_memcpy.o(.emb_text)
    .text                                    0x000001c4   Section       44  startup_mspm0g350x_uvision.o(.text)
    .text                                    0x000001f0   Section        0  rt_memcpy.o(.text)
    .text                                    0x00000272   Section        0  rt_memclr.o(.text)
    .text                                    0x000002b4   Section      504  aeabi_sdivfast.o(.text)
    .text                                    0x000004ac   Section        0  heapauxi.o(.text)
    .text                                    0x000004b4   Section        0  d2f.o(.text)
    _dadd1                                   0x00000531   Thumb Code   290  daddsub.o(.text)
    .text                                    0x00000530   Section        0  daddsub.o(.text)
    _dsub1                                   0x00000653   Thumb Code   470  daddsub.o(.text)
    .text                                    0x00000888   Section        0  dflti.o(.text)
    .text                                    0x000008e0   Section        0  dmul.o(.text)
    .text                                    0x00000b28   Section        0  fdiv.o(.text)
    .text                                    0x00000c88   Section        0  ffixi.o(.text)
    .text                                    0x00000cd4   Section        0  fflti.o(.text)
    .text                                    0x00000d32   Section       62  sys_stackheap_outer.o(.text)
    .text                                    0x00000d70   Section        0  exit.o(.text)
    .text                                    0x00000d80   Section        8  libspace.o(.text)
    .text                                    0x00000d88   Section        0  sys_exit.o(.text)
    .text                                    0x00000d94   Section        2  use_no_semi.o(.text)
    .text                                    0x00000d96   Section        0  indicate_semi.o(.text)
    [Anonymous Symbol]                       0x00000d98   Section        0  b5_soc.o(.text.BMSCalTask)
    __arm_cp.4_0                             0x00001090   Number         4  b5_soc.o(.text.BMSCalTask)
    __arm_cp.4_1                             0x00001094   Number         4  b5_soc.o(.text.BMSCalTask)
    __arm_cp.4_2                             0x00001098   Number         4  b5_soc.o(.text.BMSCalTask)
    __arm_cp.4_3                             0x0000109c   Number         4  b5_soc.o(.text.BMSCalTask)
    __arm_cp.4_7                             0x000010a0   Number         4  b5_soc.o(.text.BMSCalTask)
    __arm_cp.4_8                             0x000010a4   Number         4  b5_soc.o(.text.BMSCalTask)
    __arm_cp.4_9                             0x000010a8   Number         4  b5_soc.o(.text.BMSCalTask)
    [Anonymous Symbol]                       0x000010ac   Section        0  b5_soc.o(.text.BMSCoulombTotalUpdate)
    [Anonymous Symbol]                       0x00001120   Section        0  b5_soc.o(.text.BMSInit)
    __arm_cp.0_2                             0x00001154   Number         4  b5_soc.o(.text.BMSInit)
    __arm_cp.0_3                             0x00001158   Number         4  b5_soc.o(.text.BMSInit)
    __arm_cp.0_4                             0x0000115c   Number         4  b5_soc.o(.text.BMSInit)
    __arm_cp.0_5                             0x00001160   Number         4  b5_soc.o(.text.BMSInit)
    [Anonymous Symbol]                       0x00001164   Section        0  b5_soc.o(.text.BMSSingleBatVolCheck)
    __arm_cp.14_0                            0x00001194   Number         4  b5_soc.o(.text.BMSSingleBatVolCheck)
    __arm_cp.14_1                            0x00001198   Number         4  b5_soc.o(.text.BMSSingleBatVolCheck)
    __arm_cp.14_3                            0x0000119c   Number         4  b5_soc.o(.text.BMSSingleBatVolCheck)
    [Anonymous Symbol]                       0x000011a0   Section        0  b5_soc.o(.text.BMSStartUp)
    __arm_cp.2_1                             0x000012c4   Number         4  b5_soc.o(.text.BMSStartUp)
    __arm_cp.2_2                             0x000012c8   Number         4  b5_soc.o(.text.BMSStartUp)
    __arm_cp.2_3                             0x000012cc   Number         4  b5_soc.o(.text.BMSStartUp)
    __arm_cp.2_5                             0x000012d0   Number         4  b5_soc.o(.text.BMSStartUp)
    __arm_cp.2_6                             0x000012d4   Number         4  b5_soc.o(.text.BMSStartUp)
    __arm_cp.2_7                             0x000012d8   Number         4  b5_soc.o(.text.BMSStartUp)
    __arm_cp.2_8                             0x000012dc   Number         4  b5_soc.o(.text.BMSStartUp)
    __arm_cp.2_9                             0x000012e0   Number         4  b5_soc.o(.text.BMSStartUp)
    [Anonymous Symbol]                       0x000012e4   Section        0  b5_soc.o(.text.BMSTask)
    __arm_cp.1_0                             0x0000135c   Number         4  b5_soc.o(.text.BMSTask)
    __arm_cp.1_1                             0x00001360   Number         4  b5_soc.o(.text.BMSTask)
    __arm_cp.1_3                             0x00001364   Number         4  b5_soc.o(.text.BMSTask)
    [Anonymous Symbol]                       0x00001368   Section        0  b5_soc.o(.text.BMSWriteEETask)
    __arm_cp.6_0                             0x00001408   Number         4  b5_soc.o(.text.BMSWriteEETask)
    __arm_cp.6_1                             0x0000140c   Number         4  b5_soc.o(.text.BMSWriteEETask)
    __arm_cp.6_2                             0x00001410   Number         4  b5_soc.o(.text.BMSWriteEETask)
    __arm_cp.6_3                             0x00001414   Number         4  b5_soc.o(.text.BMSWriteEETask)
    __arm_cp.6_4                             0x00001418   Number         4  b5_soc.o(.text.BMSWriteEETask)
    __arm_cp.6_5                             0x0000141c   Number         4  b5_soc.o(.text.BMSWriteEETask)
    __arm_cp.6_6                             0x00001420   Number         4  b5_soc.o(.text.BMSWriteEETask)
    [Anonymous Symbol]                       0x00001424   Section        0  bq769x2_protocol.o(.text.BQ769x2_Init)
    [Anonymous Symbol]                       0x000019cc   Section        0  bq769x2_protocol.o(.text.BQ769x2_ReadAlarmStatus)
    __arm_cp.9_1                             0x000019f0   Number         4  bq769x2_protocol.o(.text.BQ769x2_ReadAlarmStatus)
    [Anonymous Symbol]                       0x000019f4   Section        0  bq769x2_protocol.o(.text.BQ769x2_ReadAllTemperatures)
    __arm_cp.17_1                            0x00001acc   Number         4  bq769x2_protocol.o(.text.BQ769x2_ReadAllTemperatures)
    __arm_cp.17_2                            0x00001ad0   Number         4  bq769x2_protocol.o(.text.BQ769x2_ReadAllTemperatures)
    __arm_cp.17_3                            0x00001ad4   Number         4  bq769x2_protocol.o(.text.BQ769x2_ReadAllTemperatures)
    __arm_cp.17_4                            0x00001ad8   Number         4  bq769x2_protocol.o(.text.BQ769x2_ReadAllTemperatures)
    [Anonymous Symbol]                       0x00001adc   Section        0  bq769x2_protocol.o(.text.BQ769x2_ReadCurrent)
    [Anonymous Symbol]                       0x00001b00   Section        0  bq769x2_protocol.o(.text.BQ769x2_ReadFETStatus)
    __arm_cp.12_1                            0x00001b20   Number         4  bq769x2_protocol.o(.text.BQ769x2_ReadFETStatus)
    [Anonymous Symbol]                       0x00001b24   Section        0  bq769x2_protocol.o(.text.BQ769x2_ReadSafetyStatus)
    __arm_cp.10_1                            0x00001bb8   Number         4  bq769x2_protocol.o(.text.BQ769x2_ReadSafetyStatus)
    __arm_cp.10_2                            0x00001bbc   Number         4  bq769x2_protocol.o(.text.BQ769x2_ReadSafetyStatus)
    __arm_cp.10_3                            0x00001bc0   Number         4  bq769x2_protocol.o(.text.BQ769x2_ReadSafetyStatus)
    __arm_cp.10_4                            0x00001bc4   Number         4  bq769x2_protocol.o(.text.BQ769x2_ReadSafetyStatus)
    __arm_cp.10_5                            0x00001bc8   Number         4  bq769x2_protocol.o(.text.BQ769x2_ReadSafetyStatus)
    __arm_cp.10_6                            0x00001bcc   Number         4  bq769x2_protocol.o(.text.BQ769x2_ReadSafetyStatus)
    __arm_cp.10_7                            0x00001bd0   Number         4  bq769x2_protocol.o(.text.BQ769x2_ReadSafetyStatus)
    __arm_cp.10_8                            0x00001bd4   Number         4  bq769x2_protocol.o(.text.BQ769x2_ReadSafetyStatus)
    [Anonymous Symbol]                       0x00001bd8   Section        0  bq769x2_protocol.o(.text.BQ769x2_ReadVoltage)
    __arm_cp.13_0                            0x00001c0c   Number         4  bq769x2_protocol.o(.text.BQ769x2_ReadVoltage)
    [Anonymous Symbol]                       0x00001c10   Section        0  dataprocess.o(.text.BQDataGet)
    __arm_cp.1_0                             0x00001d4c   Number         4  dataprocess.o(.text.BQDataGet)
    __arm_cp.1_2                             0x00001d50   Number         4  dataprocess.o(.text.BQDataGet)
    __arm_cp.1_3                             0x00001d54   Number         4  dataprocess.o(.text.BQDataGet)
    __arm_cp.1_4                             0x00001d58   Number         4  dataprocess.o(.text.BQDataGet)
    [Anonymous Symbol]                       0x00001d5c   Section        0  b5_soc.o(.text.BoxCoulombCount)
    __arm_cp.12_0                            0x00001dc0   Number         4  b5_soc.o(.text.BoxCoulombCount)
    __arm_cp.12_1                            0x00001dc4   Number         4  b5_soc.o(.text.BoxCoulombCount)
    __arm_cp.12_2                            0x00001dc8   Number         4  b5_soc.o(.text.BoxCoulombCount)
    __arm_cp.12_3                            0x00001dcc   Number         4  b5_soc.o(.text.BoxCoulombCount)
    __arm_cp.12_4                            0x00001dd0   Number         4  b5_soc.o(.text.BoxCoulombCount)
    [Anonymous Symbol]                       0x00001dd4   Section        0  bq769x2_protocol.o(.text.CommandSubcommands)
    [Anonymous Symbol]                       0x00001df4   Section        0  dl_common.o(.text.DL_Common_delayCycles)
    [Anonymous Symbol]                       0x00001e00   Section        0  dl_dma.o(.text.DL_DMA_initChannel)
    __arm_cp.0_0                             0x00001e40   Number         4  dl_dma.o(.text.DL_DMA_initChannel)
    [Anonymous Symbol]                       0x00001e44   Section        0  dl_flashctl.o(.text.DL_FlashCTL_eraseMemoryFromRAM)
    __arm_cp.1_0                             0x00001e58   Number         4  dl_flashctl.o(.text.DL_FlashCTL_eraseMemoryFromRAM)
    [Anonymous Symbol]                       0x00001e5c   Section        0  dl_flashctl.o(.text.DL_FlashCTL_programMemory32WithECCGenerated)
    [Anonymous Symbol]                       0x00001e78   Section        0  dl_flashctl.o(.text.DL_FlashCTL_unprotectSector)
    __arm_cp.39_0                            0x00001f58   Number         4  dl_flashctl.o(.text.DL_FlashCTL_unprotectSector)
    __arm_cp.39_1                            0x00001f5c   Number         4  dl_flashctl.o(.text.DL_FlashCTL_unprotectSector)
    __arm_cp.39_2                            0x00001f60   Number         4  dl_flashctl.o(.text.DL_FlashCTL_unprotectSector)
    __arm_cp.39_3                            0x00001f64   Number         4  dl_flashctl.o(.text.DL_FlashCTL_unprotectSector)
    [Anonymous Symbol]                       0x00001f68   Section        0  dl_i2c.o(.text.DL_I2C_fillControllerTXFIFO)
    [Anonymous Symbol]                       0x00001f94   Section        0  dl_i2c.o(.text.DL_I2C_flushControllerRXFIFO)
    [Anonymous Symbol]                       0x00001fb0   Section        0  dl_i2c.o(.text.DL_I2C_flushControllerTXFIFO)
    __arm_cp.3_0                             0x00001fd4   Number         4  dl_i2c.o(.text.DL_I2C_flushControllerTXFIFO)
    [Anonymous Symbol]                       0x00001fd8   Section        0  dl_i2c.o(.text.DL_I2C_setClockConfig)
    [Anonymous Symbol]                       0x00002000   Section        0  dl_sysctl_mspm0g1x0x_g3x0x.o(.text.DL_SYSCTL_setLFCLKSourceLFXT)
    __arm_cp.1_0                             0x00002040   Number         4  dl_sysctl_mspm0g1x0x_g3x0x.o(.text.DL_SYSCTL_setLFCLKSourceLFXT)
    __arm_cp.1_1                             0x00002044   Number         4  dl_sysctl_mspm0g1x0x_g3x0x.o(.text.DL_SYSCTL_setLFCLKSourceLFXT)
    __arm_cp.1_2                             0x00002048   Number         4  dl_sysctl_mspm0g1x0x_g3x0x.o(.text.DL_SYSCTL_setLFCLKSourceLFXT)
    __arm_cp.1_3                             0x0000204c   Number         4  dl_sysctl_mspm0g1x0x_g3x0x.o(.text.DL_SYSCTL_setLFCLKSourceLFXT)
    [Anonymous Symbol]                       0x00002050   Section        0  dl_timer.o(.text.DL_Timer_initTimerMode)
    __arm_cp.2_0                             0x00002130   Number         4  dl_timer.o(.text.DL_Timer_initTimerMode)
    __arm_cp.2_1                             0x00002134   Number         4  dl_timer.o(.text.DL_Timer_initTimerMode)
    __arm_cp.2_2                             0x00002138   Number         4  dl_timer.o(.text.DL_Timer_initTimerMode)
    __arm_cp.2_3                             0x0000213c   Number         4  dl_timer.o(.text.DL_Timer_initTimerMode)
    [Anonymous Symbol]                       0x00002140   Section        0  dl_timer.o(.text.DL_Timer_setClockConfig)
    __arm_cp.0_0                             0x00002158   Number         4  dl_timer.o(.text.DL_Timer_setClockConfig)
    [Anonymous Symbol]                       0x0000215c   Section        0  dl_uart.o(.text.DL_UART_fillTXFIFO)
    __arm_cp.11_0                            0x00002180   Number         4  dl_uart.o(.text.DL_UART_fillTXFIFO)
    [Anonymous Symbol]                       0x00002184   Section        0  dl_uart.o(.text.DL_UART_init)
    __arm_cp.0_0                             0x000021c4   Number         4  dl_uart.o(.text.DL_UART_init)
    __arm_cp.0_1                             0x000021c8   Number         4  dl_uart.o(.text.DL_UART_init)
    [Anonymous Symbol]                       0x000021cc   Section        0  dl_uart.o(.text.DL_UART_setClockConfig)
    [Anonymous Symbol]                       0x000021e0   Section        0  faultprotect.o(.text.FaultDetect)
    __arm_cp.1_2                             0x00002220   Number         4  faultprotect.o(.text.FaultDetect)
    __arm_cp.1_3                             0x00002224   Number         4  faultprotect.o(.text.FaultDetect)
    __arm_cp.1_4                             0x00002228   Number         4  faultprotect.o(.text.FaultDetect)
    __arm_cp.1_5                             0x0000222c   Number         4  faultprotect.o(.text.FaultDetect)
    __arm_cp.1_6                             0x00002230   Number         4  faultprotect.o(.text.FaultDetect)
    [Anonymous Symbol]                       0x00002234   Section        0  faultprotect.o(.text.FaultProtect_init)
    [Anonymous Symbol]                       0x00002238   Section        0  main.o(.text.I2C1_IRQHandler)
    __arm_cp.3_0                             0x0000224c   Number         4  main.o(.text.I2C1_IRQHandler)
    [Anonymous Symbol]                       0x00002250   Section        0  i2c_comm.o(.text.I2C_ReadReg)
    __arm_cp.2_4                             0x0000234c   Number         4  i2c_comm.o(.text.I2C_ReadReg)
    __arm_cp.2_5                             0x00002350   Number         4  i2c_comm.o(.text.I2C_ReadReg)
    [Anonymous Symbol]                       0x00002354   Section        0  i2c_comm.o(.text.I2C_WriteReg)
    __arm_cp.1_1                             0x000023f4   Number         4  i2c_comm.o(.text.I2C_WriteReg)
    __arm_cp.1_2                             0x000023f8   Number         4  i2c_comm.o(.text.I2C_WriteReg)
    __arm_cp.1_3                             0x000023fc   Number         4  i2c_comm.o(.text.I2C_WriteReg)
    [Anonymous Symbol]                       0x00002400   Section        0  pc_protocol.o(.text.PC_ProcessData)
    __arm_cp.1_0                             0x00002498   Number         4  pc_protocol.o(.text.PC_ProcessData)
    __arm_cp.1_1                             0x0000249c   Number         4  pc_protocol.o(.text.PC_ProcessData)
    __arm_cp.1_3                             0x000024a0   Number         4  pc_protocol.o(.text.PC_ProcessData)
    [Anonymous Symbol]                       0x000024a4   Section        0  pc_protocol.o(.text.PC_protocol_init)
    __arm_cp.4_0                             0x000024ac   Number         4  pc_protocol.o(.text.PC_protocol_init)
    [Anonymous Symbol]                       0x000024b0   Section        0  ti_msp_dl_config.o(.text.SYSCFG_DL_DMA_CH0_init)
    __arm_cp.11_0                            0x000024c0   Number         4  ti_msp_dl_config.o(.text.SYSCFG_DL_DMA_CH0_init)
    __arm_cp.11_1                            0x000024c4   Number         4  ti_msp_dl_config.o(.text.SYSCFG_DL_DMA_CH0_init)
    [Anonymous Symbol]                       0x000024c8   Section        0  ti_msp_dl_config.o(.text.SYSCFG_DL_DMA_init)
    [Anonymous Symbol]                       0x000024d0   Section        0  ti_msp_dl_config.o(.text.SYSCFG_DL_GPIO_init)
    __arm_cp.2_0                             0x00002510   Number         4  ti_msp_dl_config.o(.text.SYSCFG_DL_GPIO_init)
    __arm_cp.2_1                             0x00002514   Number         4  ti_msp_dl_config.o(.text.SYSCFG_DL_GPIO_init)
    __arm_cp.2_2                             0x00002518   Number         4  ti_msp_dl_config.o(.text.SYSCFG_DL_GPIO_init)
    __arm_cp.2_3                             0x0000251c   Number         4  ti_msp_dl_config.o(.text.SYSCFG_DL_GPIO_init)
    __arm_cp.2_4                             0x00002520   Number         4  ti_msp_dl_config.o(.text.SYSCFG_DL_GPIO_init)
    [Anonymous Symbol]                       0x00002524   Section        0  ti_msp_dl_config.o(.text.SYSCFG_DL_I2C_0_init)
    __arm_cp.5_0                             0x00002570   Number         4  ti_msp_dl_config.o(.text.SYSCFG_DL_I2C_0_init)
    __arm_cp.5_1                             0x00002574   Number         4  ti_msp_dl_config.o(.text.SYSCFG_DL_I2C_0_init)
    __arm_cp.5_2                             0x00002578   Number         4  ti_msp_dl_config.o(.text.SYSCFG_DL_I2C_0_init)
    [Anonymous Symbol]                       0x0000257c   Section        0  ti_msp_dl_config.o(.text.SYSCFG_DL_SYSCTL_CLK_init)
    __arm_cp.8_0                             0x0000259c   Number         4  ti_msp_dl_config.o(.text.SYSCFG_DL_SYSCTL_CLK_init)
    [Anonymous Symbol]                       0x000025a0   Section        0  ti_msp_dl_config.o(.text.SYSCFG_DL_SYSCTL_init)
    __arm_cp.3_0                             0x000025dc   Number         4  ti_msp_dl_config.o(.text.SYSCFG_DL_SYSCTL_init)
    __arm_cp.3_1                             0x000025e0   Number         4  ti_msp_dl_config.o(.text.SYSCFG_DL_SYSCTL_init)
    __arm_cp.3_2                             0x000025e4   Number         4  ti_msp_dl_config.o(.text.SYSCFG_DL_SYSCTL_init)
    [Anonymous Symbol]                       0x000025e8   Section        0  ti_msp_dl_config.o(.text.SYSCFG_DL_TIMER_init)
    __arm_cp.4_0                             0x00002618   Number         4  ti_msp_dl_config.o(.text.SYSCFG_DL_TIMER_init)
    __arm_cp.4_1                             0x0000261c   Number         4  ti_msp_dl_config.o(.text.SYSCFG_DL_TIMER_init)
    __arm_cp.4_2                             0x00002620   Number         4  ti_msp_dl_config.o(.text.SYSCFG_DL_TIMER_init)
    __arm_cp.4_3                             0x00002624   Number         4  ti_msp_dl_config.o(.text.SYSCFG_DL_TIMER_init)
    __arm_cp.4_4                             0x00002628   Number         4  ti_msp_dl_config.o(.text.SYSCFG_DL_TIMER_init)
    __arm_cp.4_5                             0x0000262c   Number         4  ti_msp_dl_config.o(.text.SYSCFG_DL_TIMER_init)
    [Anonymous Symbol]                       0x00002630   Section        0  ti_msp_dl_config.o(.text.SYSCFG_DL_UART_0_init)
    __arm_cp.6_1                             0x000026b8   Number         4  ti_msp_dl_config.o(.text.SYSCFG_DL_UART_0_init)
    __arm_cp.6_2                             0x000026bc   Number         4  ti_msp_dl_config.o(.text.SYSCFG_DL_UART_0_init)
    __arm_cp.6_4                             0x000026c0   Number         4  ti_msp_dl_config.o(.text.SYSCFG_DL_UART_0_init)
    __arm_cp.6_5                             0x000026c4   Number         4  ti_msp_dl_config.o(.text.SYSCFG_DL_UART_0_init)
    __arm_cp.6_6                             0x000026c8   Number         4  ti_msp_dl_config.o(.text.SYSCFG_DL_UART_0_init)
    [Anonymous Symbol]                       0x000026cc   Section        0  ti_msp_dl_config.o(.text.SYSCFG_DL_init)
    __arm_cp.0_0                             0x000026f8   Number         4  ti_msp_dl_config.o(.text.SYSCFG_DL_init)
    [Anonymous Symbol]                       0x000026fc   Section        0  ti_msp_dl_config.o(.text.SYSCFG_DL_initPower)
    __arm_cp.1_0                             0x00002728   Number         4  ti_msp_dl_config.o(.text.SYSCFG_DL_initPower)
    __arm_cp.1_1                             0x0000272c   Number         4  ti_msp_dl_config.o(.text.SYSCFG_DL_initPower)
    __arm_cp.1_2                             0x00002730   Number         4  ti_msp_dl_config.o(.text.SYSCFG_DL_initPower)
    __arm_cp.1_3                             0x00002734   Number         4  ti_msp_dl_config.o(.text.SYSCFG_DL_initPower)
    __arm_cp.1_4                             0x00002738   Number         4  ti_msp_dl_config.o(.text.SYSCFG_DL_initPower)
    __arm_cp.1_5                             0x0000273c   Number         4  ti_msp_dl_config.o(.text.SYSCFG_DL_initPower)
    __arm_cp.1_6                             0x00002740   Number         4  ti_msp_dl_config.o(.text.SYSCFG_DL_initPower)
    [Anonymous Symbol]                       0x00002744   Section        0  main.o(.text.TIMA0_IRQHandler)
    __arm_cp.2_0                             0x00002768   Number         4  main.o(.text.TIMA0_IRQHandler)
    __arm_cp.2_1                             0x0000276c   Number         4  main.o(.text.TIMA0_IRQHandler)
    __arm_cp.2_2                             0x00002770   Number         4  main.o(.text.TIMA0_IRQHandler)
    [Anonymous Symbol]                       0x00002774   Section        0  bq769x2_protocol.o(.text.Temperature_Pin_Initialize)
    [Anonymous Symbol]                       0x000027e4   Section        0  main.o(.text.UART0_IRQHandler)
    __arm_cp.1_0                             0x000027f8   Number         4  main.o(.text.UART0_IRQHandler)
    [Anonymous Symbol]                       0x000027fc   Section        0  pc_protocol.o(.text.UART_FaultReset)
    __arm_cp.5_2                             0x00002838   Number         4  pc_protocol.o(.text.UART_FaultReset)
    [Anonymous Symbol]                       0x0000283c   Section        0  uart_comm.o(.text.UART_WriteArray)
    __arm_cp.0_0                             0x00002880   Number         4  uart_comm.o(.text.UART_WriteArray)
    __arm_cp.0_1                             0x00002884   Number         4  uart_comm.o(.text.UART_WriteArray)
    [Anonymous Symbol]                       0x00002888   Section        0  bq769x2_protocol.o(.text.VcellMode_Initialize)
    [Anonymous Symbol]                       0x00002984   Section        0  mymcucommbsw.o(.text.delayMS)
    [Anonymous Symbol]                       0x000029a0   Section        0  mymcucommbsw.o(.text.delayUS)
    [Anonymous Symbol]                       0x000029bc   Section        0  main.o(.text.main)
    __arm_cp.0_0                             0x00002a68   Number         4  main.o(.text.main)
    __arm_cp.0_1                             0x00002a6c   Number         4  main.o(.text.main)
    __arm_cp.0_2                             0x00002a70   Number         4  main.o(.text.main)
    __arm_cp.0_3                             0x00002a74   Number         4  main.o(.text.main)
    __arm_cp.0_4                             0x00002a78   Number         4  main.o(.text.main)
    __arm_cp.0_5                             0x00002a7c   Number         4  main.o(.text.main)
    __arm_cp.0_6                             0x00002a80   Number         4  main.o(.text.main)
    __arm_cp.0_7                             0x00002a84   Number         4  main.o(.text.main)
    __arm_cp.0_8                             0x00002a88   Number         4  main.o(.text.main)
    __arm_cp.0_9                             0x00002a8c   Number         4  main.o(.text.main)
    .text_divfast                            0x00002a90   Section      502  aeabi_sdivfast.o(.text_divfast)
    Long Thumb to Thumb Veneer to DL_FlashCTL_executeCommandFromRAM 0x00002c89   Thumb Code    12  anon$$obj.o(Veneer$$Code)
    x$fpl$fmul                               0x00002c94   Section      176  fmul.o(x$fpl$fmul)
    fdiv_tab                                 0x00002d44   Data          64  fdiv.o(.constdata)
    .constdata                               0x00002d44   Section       64  fdiv.o(.constdata)
    x$fpl$usenofp                            0x00002d44   Section        0  usenofp.o(x$fpl$usenofp)
    gDMA_CH0Config                           0x00002d84   Data          24  ti_msp_dl_config.o(.rodata.gDMA_CH0Config)
    [Anonymous Symbol]                       0x00002d84   Section        0  ti_msp_dl_config.o(.rodata.gDMA_CH0Config)
    gI2C_0ClockConfig                        0x00002d9c   Data           2  ti_msp_dl_config.o(.rodata.gI2C_0ClockConfig)
    [Anonymous Symbol]                       0x00002d9c   Section        0  ti_msp_dl_config.o(.rodata.gI2C_0ClockConfig)
    gLFCLKConfig                             0x00002d9e   Data           3  ti_msp_dl_config.o(.rodata.gLFCLKConfig)
    [Anonymous Symbol]                       0x00002d9e   Section        0  ti_msp_dl_config.o(.rodata.gLFCLKConfig)
    gTIMERClockConfig                        0x00002da1   Data           3  ti_msp_dl_config.o(.rodata.gTIMERClockConfig)
    [Anonymous Symbol]                       0x00002da1   Section        0  ti_msp_dl_config.o(.rodata.gTIMERClockConfig)
    gTIMERTimerConfig                        0x00002da4   Data          20  ti_msp_dl_config.o(.rodata.gTIMERTimerConfig)
    [Anonymous Symbol]                       0x00002da4   Section        0  ti_msp_dl_config.o(.rodata.gTIMERTimerConfig)
    gUART_0ClockConfig                       0x00002db8   Data           2  ti_msp_dl_config.o(.rodata.gUART_0ClockConfig)
    [Anonymous Symbol]                       0x00002db8   Section        0  ti_msp_dl_config.o(.rodata.gUART_0ClockConfig)
    gUART_0Config                            0x00002dba   Data          10  ti_msp_dl_config.o(.rodata.gUART_0Config)
    [Anonymous Symbol]                       0x00002dba   Section        0  ti_msp_dl_config.o(.rodata.gUART_0Config)
    DL_FlashCTL_executeCommandFromRAM        0x20200001   Thumb Code    52  dl_flashctl.o(.ramfunc)
    [Anonymous Symbol]                       0x20200000   Section        0  dl_flashctl.o(.ramfunc)
    __arm_cp.2_0                             0x20200030   Number         4  dl_flashctl.o(.ramfunc)
    .bss                                     0x20200038   Section       96  libspace.o(.bss)
    Heap_Mem                                 0x202002a8   Data           0  startup_mspm0g350x_uvision.o(HEAP)
    Stack_Mem                                0x202002a8   Data        1024  startup_mspm0g350x_uvision.o(STACK)
    HEAP                                     0x202002a8   Section        0  startup_mspm0g350x_uvision.o(HEAP)
    STACK                                    0x202002a8   Section     1024  startup_mspm0g350x_uvision.o(STACK)
    __initial_sp                             0x202006a8   Data           0  startup_mspm0g350x_uvision.o(STACK)

    Global Symbols

    Symbol Name                              Value     Ov Type        Size  Object(Section)

    BuildAttributes$$THM_ISAv3M$S$PE$A:L22$X:L11$S22$IEEE1$IW$~IW$USESV6$~STKCKD$USESV7$~SHL$OTIME$ROPI$EBA8$UX$STANDARDLIB$REQ8$PRES8$EABIv2 0x00000000   Number         0  anon$$obj.o ABSOLUTE
    __Vectors                                0x00000000   Data           4  startup_mspm0g350x_uvision.o(RESET)
    __ARM_exceptions_init                     - Undefined Weak Reference
    __alloca_initialize                       - Undefined Weak Reference
    __arm_preinit_                            - Undefined Weak Reference
    __arm_relocate_pie_                       - Undefined Weak Reference
    __cpp_initialize__aeabi_                  - Undefined Weak Reference
    __cxa_finalize                            - Undefined Weak Reference
    __rt_locale                               - Undefined Weak Reference
    __sigvec_lookup                           - Undefined Weak Reference
    _atexit_init                              - Undefined Weak Reference
    _call_atexit_fns                          - Undefined Weak Reference
    _clock_init                               - Undefined Weak Reference
    _fp_trap_init                             - Undefined Weak Reference
    _fp_trap_shutdown                         - Undefined Weak Reference
    _get_lc_collate                           - Undefined Weak Reference
    _get_lc_ctype                             - Undefined Weak Reference
    _get_lc_monetary                          - Undefined Weak Reference
    _get_lc_numeric                           - Undefined Weak Reference
    _get_lc_time                              - Undefined Weak Reference
    _getenv_init                              - Undefined Weak Reference
    _handle_redirection                       - Undefined Weak Reference
    _init_alloc                               - Undefined Weak Reference
    _init_user_alloc                          - Undefined Weak Reference
    _initio                                   - Undefined Weak Reference
    _rand_init                                - Undefined Weak Reference
    _signal_finish                            - Undefined Weak Reference
    _signal_init                              - Undefined Weak Reference
    _terminate_alloc                          - Undefined Weak Reference
    _terminate_user_alloc                     - Undefined Weak Reference
    _terminateio                              - Undefined Weak Reference
    __Vectors_End                            0x000000c0   Data           0  startup_mspm0g350x_uvision.o(RESET)
    __Vectors_Size                           0x000000c0   Number         0  startup_mspm0g350x_uvision.o ABSOLUTE
    __main                                   0x000000c1   Thumb Code     8  __main.o(!!!main)
    __scatterload                            0x000000c9   Thumb Code     0  __scatter.o(!!!scatter)
    __scatterload_rt2                        0x000000c9   Thumb Code    74  __scatter.o(!!!scatter)
    __scatterload_rt2_thumb_only             0x000000c9   Thumb Code     0  __scatter.o(!!!scatter)
    __scatterload_loop                       0x000000d3   Thumb Code     0  __scatter.o(!!!scatter)
    __scatterload_copy                       0x00000121   Thumb Code    26  __scatter_copy.o(!!handler_copy)
    __scatterload_null                       0x00000141   Thumb Code     2  __scatter.o(!!handler_null)
    __scatterload_zeroinit                   0x00000149   Thumb Code    28  __scatter_zi.o(!!handler_zi)
    __rt_lib_init                            0x00000165   Thumb Code     0  libinit.o(.ARM.Collect$$libinit$$00000000)
    __rt_lib_init_alloca_1                   0x00000167   Thumb Code     0  libinit2.o(.ARM.Collect$$libinit$$00000030)
    __rt_lib_init_argv_1                     0x00000167   Thumb Code     0  libinit2.o(.ARM.Collect$$libinit$$0000002E)
    __rt_lib_init_atexit_1                   0x00000167   Thumb Code     0  libinit2.o(.ARM.Collect$$libinit$$0000001D)
    __rt_lib_init_clock_1                    0x00000167   Thumb Code     0  libinit2.o(.ARM.Collect$$libinit$$00000023)
    __rt_lib_init_cpp_1                      0x00000167   Thumb Code     0  libinit2.o(.ARM.Collect$$libinit$$00000034)
    __rt_lib_init_exceptions_1               0x00000167   Thumb Code     0  libinit2.o(.ARM.Collect$$libinit$$00000032)
    __rt_lib_init_fp_1                       0x00000167   Thumb Code     0  libinit2.o(.ARM.Collect$$libinit$$00000002)
    __rt_lib_init_fp_trap_1                  0x00000167   Thumb Code     0  libinit2.o(.ARM.Collect$$libinit$$00000021)
    __rt_lib_init_getenv_1                   0x00000167   Thumb Code     0  libinit2.o(.ARM.Collect$$libinit$$00000025)
    __rt_lib_init_heap_1                     0x00000167   Thumb Code     0  libinit2.o(.ARM.Collect$$libinit$$0000000C)
    __rt_lib_init_lc_collate_1               0x00000167   Thumb Code     0  libinit2.o(.ARM.Collect$$libinit$$00000013)
    __rt_lib_init_lc_ctype_1                 0x00000167   Thumb Code     0  libinit2.o(.ARM.Collect$$libinit$$00000015)
    __rt_lib_init_lc_monetary_1              0x00000167   Thumb Code     0  libinit2.o(.ARM.Collect$$libinit$$00000017)
    __rt_lib_init_lc_numeric_1               0x00000167   Thumb Code     0  libinit2.o(.ARM.Collect$$libinit$$00000019)
    __rt_lib_init_lc_time_1                  0x00000167   Thumb Code     0  libinit2.o(.ARM.Collect$$libinit$$0000001B)
    __rt_lib_init_preinit_1                  0x00000167   Thumb Code     0  libinit2.o(.ARM.Collect$$libinit$$00000006)
    __rt_lib_init_rand_1                     0x00000167   Thumb Code     0  libinit2.o(.ARM.Collect$$libinit$$00000010)
    __rt_lib_init_relocate_pie_1             0x00000167   Thumb Code     0  libinit2.o(.ARM.Collect$$libinit$$00000004)
    __rt_lib_init_return                     0x00000167   Thumb Code     0  libinit2.o(.ARM.Collect$$libinit$$00000035)
    __rt_lib_init_signal_1                   0x00000167   Thumb Code     0  libinit2.o(.ARM.Collect$$libinit$$0000001F)
    __rt_lib_init_stdio_1                    0x00000167   Thumb Code     0  libinit2.o(.ARM.Collect$$libinit$$00000027)
    __rt_lib_init_user_alloc_1               0x00000167   Thumb Code     0  libinit2.o(.ARM.Collect$$libinit$$0000000E)
    __rt_lib_shutdown                        0x00000169   Thumb Code     0  libshutdown.o(.ARM.Collect$$libshutdown$$00000000)
    __rt_lib_shutdown_cpp_1                  0x0000016b   Thumb Code     0  libshutdown2.o(.ARM.Collect$$libshutdown$$00000002)
    __rt_lib_shutdown_fp_trap_1              0x0000016b   Thumb Code     0  libshutdown2.o(.ARM.Collect$$libshutdown$$00000007)
    __rt_lib_shutdown_heap_1                 0x0000016b   Thumb Code     0  libshutdown2.o(.ARM.Collect$$libshutdown$$0000000F)
    __rt_lib_shutdown_return                 0x0000016b   Thumb Code     0  libshutdown2.o(.ARM.Collect$$libshutdown$$00000010)
    __rt_lib_shutdown_signal_1               0x0000016b   Thumb Code     0  libshutdown2.o(.ARM.Collect$$libshutdown$$0000000A)
    __rt_lib_shutdown_stdio_1                0x0000016b   Thumb Code     0  libshutdown2.o(.ARM.Collect$$libshutdown$$00000004)
    __rt_lib_shutdown_user_alloc_1           0x0000016b   Thumb Code     0  libshutdown2.o(.ARM.Collect$$libshutdown$$0000000C)
    __rt_entry                               0x0000016d   Thumb Code     0  __rtentry.o(.ARM.Collect$$rtentry$$00000000)
    __rt_entry_presh_1                       0x0000016d   Thumb Code     0  __rtentry2.o(.ARM.Collect$$rtentry$$00000002)
    __rt_entry_sh                            0x0000016d   Thumb Code     0  __rtentry4.o(.ARM.Collect$$rtentry$$00000004)
    __rt_entry_li                            0x00000173   Thumb Code     0  __rtentry2.o(.ARM.Collect$$rtentry$$0000000A)
    __rt_entry_postsh_1                      0x00000173   Thumb Code     0  __rtentry2.o(.ARM.Collect$$rtentry$$00000009)
    __rt_entry_main                          0x00000177   Thumb Code     0  __rtentry2.o(.ARM.Collect$$rtentry$$0000000D)
    __rt_entry_postli_1                      0x00000177   Thumb Code     0  __rtentry2.o(.ARM.Collect$$rtentry$$0000000C)
    __rt_exit                                0x0000017f   Thumb Code     0  rtexit.o(.ARM.Collect$$rtexit$$00000000)
    __rt_exit_ls                             0x00000181   Thumb Code     0  rtexit2.o(.ARM.Collect$$rtexit$$00000003)
    __rt_exit_prels_1                        0x00000181   Thumb Code     0  rtexit2.o(.ARM.Collect$$rtexit$$00000002)
    __rt_exit_exit                           0x00000185   Thumb Code     0  rtexit2.o(.ARM.Collect$$rtexit$$00000004)
    __aeabi_memcpy4                          0x0000018d   Thumb Code    56  rt_memcpy.o(.emb_text)
    __aeabi_memcpy8                          0x0000018d   Thumb Code     0  rt_memcpy.o(.emb_text)
    Reset_Handler                            0x000001c5   Thumb Code     4  startup_mspm0g350x_uvision.o(.text)
    NMI_Handler                              0x000001c9   Thumb Code     2  startup_mspm0g350x_uvision.o(.text)
    HardFault_Handler                        0x000001cb   Thumb Code     2  startup_mspm0g350x_uvision.o(.text)
    SVC_Handler                              0x000001cd   Thumb Code     2  startup_mspm0g350x_uvision.o(.text)
    PendSV_Handler                           0x000001cf   Thumb Code     2  startup_mspm0g350x_uvision.o(.text)
    SysTick_Handler                          0x000001d1   Thumb Code     2  startup_mspm0g350x_uvision.o(.text)
    ADC0_IRQHandler                          0x000001d3   Thumb Code     0  startup_mspm0g350x_uvision.o(.text)
    ADC1_IRQHandler                          0x000001d3   Thumb Code     0  startup_mspm0g350x_uvision.o(.text)
    AES_IRQHandler                           0x000001d3   Thumb Code     0  startup_mspm0g350x_uvision.o(.text)
    CANFD0_IRQHandler                        0x000001d3   Thumb Code     0  startup_mspm0g350x_uvision.o(.text)
    DAC0_IRQHandler                          0x000001d3   Thumb Code     0  startup_mspm0g350x_uvision.o(.text)
    DMA_IRQHandler                           0x000001d3   Thumb Code     0  startup_mspm0g350x_uvision.o(.text)
    Default_Handler                          0x000001d3   Thumb Code     2  startup_mspm0g350x_uvision.o(.text)
    GROUP0_IRQHandler                        0x000001d3   Thumb Code     0  startup_mspm0g350x_uvision.o(.text)
    GROUP1_IRQHandler                        0x000001d3   Thumb Code     0  startup_mspm0g350x_uvision.o(.text)
    I2C0_IRQHandler                          0x000001d3   Thumb Code     0  startup_mspm0g350x_uvision.o(.text)
    RTC_IRQHandler                           0x000001d3   Thumb Code     0  startup_mspm0g350x_uvision.o(.text)
    SPI0_IRQHandler                          0x000001d3   Thumb Code     0  startup_mspm0g350x_uvision.o(.text)
    SPI1_IRQHandler                          0x000001d3   Thumb Code     0  startup_mspm0g350x_uvision.o(.text)
    TIMA1_IRQHandler                         0x000001d3   Thumb Code     0  startup_mspm0g350x_uvision.o(.text)
    TIMG0_IRQHandler                         0x000001d3   Thumb Code     0  startup_mspm0g350x_uvision.o(.text)
    TIMG12_IRQHandler                        0x000001d3   Thumb Code     0  startup_mspm0g350x_uvision.o(.text)
    TIMG6_IRQHandler                         0x000001d3   Thumb Code     0  startup_mspm0g350x_uvision.o(.text)
    TIMG7_IRQHandler                         0x000001d3   Thumb Code     0  startup_mspm0g350x_uvision.o(.text)
    TIMG8_IRQHandler                         0x000001d3   Thumb Code     0  startup_mspm0g350x_uvision.o(.text)
    UART1_IRQHandler                         0x000001d3   Thumb Code     0  startup_mspm0g350x_uvision.o(.text)
    UART2_IRQHandler                         0x000001d3   Thumb Code     0  startup_mspm0g350x_uvision.o(.text)
    UART3_IRQHandler                         0x000001d3   Thumb Code     0  startup_mspm0g350x_uvision.o(.text)
    __user_initial_stackheap                 0x000001d5   Thumb Code    10  startup_mspm0g350x_uvision.o(.text)
    __aeabi_memcpy                           0x000001f1   Thumb Code   130  rt_memcpy.o(.text)
    __rt_memcpy                              0x000001f1   Thumb Code     0  rt_memcpy.o(.text)
    _memset_w                                0x00000273   Thumb Code    26  rt_memclr.o(.text)
    _memset                                  0x0000028d   Thumb Code    30  rt_memclr.o(.text)
    __aeabi_memclr                           0x000002ab   Thumb Code     4  rt_memclr.o(.text)
    __rt_memclr                              0x000002ab   Thumb Code     0  rt_memclr.o(.text)
    __aeabi_memclr4                          0x000002af   Thumb Code     0  rt_memclr.o(.text)
    __aeabi_memclr8                          0x000002af   Thumb Code     0  rt_memclr.o(.text)
    __rt_memclr_w                            0x000002af   Thumb Code     4  rt_memclr.o(.text)
    __aeabi_uidivmod                         0x000002b5   Thumb Code    28  aeabi_sdivfast.o(.text)
    __aeabi_idivmod                          0x000002d1   Thumb Code   472  aeabi_sdivfast.o(.text)
    __use_two_region_memory                  0x000004ad   Thumb Code     2  heapauxi.o(.text)
    __rt_heap_escrow$2region                 0x000004af   Thumb Code     2  heapauxi.o(.text)
    __rt_heap_expand$2region                 0x000004b1   Thumb Code     2  heapauxi.o(.text)
    __aeabi_d2f                              0x000004b5   Thumb Code     0  d2f.o(.text)
    __truncdfsf2                             0x000004b5   Thumb Code     0  d2f.o(.text)
    _d2f                                     0x000004b5   Thumb Code   120  d2f.o(.text)
    __adddf3                                 0x00000829   Thumb Code     0  daddsub.o(.text)
    __aeabi_dadd                             0x00000829   Thumb Code     0  daddsub.o(.text)
    _dadd                                    0x00000829   Thumb Code    26  daddsub.o(.text)
    __aeabi_dsub                             0x00000843   Thumb Code     0  daddsub.o(.text)
    __subdf3                                 0x00000843   Thumb Code     0  daddsub.o(.text)
    _dsub                                    0x00000843   Thumb Code    22  daddsub.o(.text)
    __aeabi_drsub                            0x00000859   Thumb Code     0  daddsub.o(.text)
    _drsb                                    0x00000859   Thumb Code    28  daddsub.o(.text)
    __aeabi_i2d_normalise                    0x00000889   Thumb Code    66  dflti.o(.text)
    __aeabi_i2d                              0x000008cb   Thumb Code    16  dflti.o(.text)
    _dflt                                    0x000008cb   Thumb Code     0  dflti.o(.text)
    __aeabi_ui2d                             0x000008db   Thumb Code     6  dflti.o(.text)
    _dfltu                                   0x000008db   Thumb Code     0  dflti.o(.text)
    __aeabi_dmul                             0x000008e1   Thumb Code     0  dmul.o(.text)
    __muldf3                                 0x000008e1   Thumb Code     0  dmul.o(.text)
    _dmul                                    0x000008e1   Thumb Code   558  dmul.o(.text)
    __aeabi_fdiv                             0x00000b29   Thumb Code     0  fdiv.o(.text)
    __divsf3                                 0x00000b29   Thumb Code     0  fdiv.o(.text)
    _fdiv                                    0x00000b29   Thumb Code   334  fdiv.o(.text)
    _frdiv                                   0x00000c77   Thumb Code     8  fdiv.o(.text)
    __aeabi_f2iz                             0x00000c89   Thumb Code     0  ffixi.o(.text)
    _ffix                                    0x00000c89   Thumb Code    76  ffixi.o(.text)
    __aeabi_i2f_normalise                    0x00000cd5   Thumb Code    72  fflti.o(.text)
    __aeabi_i2f                              0x00000d1d   Thumb Code    16  fflti.o(.text)
    _fflt                                    0x00000d1d   Thumb Code     0  fflti.o(.text)
    __aeabi_ui2f                             0x00000d2d   Thumb Code     6  fflti.o(.text)
    _ffltu                                   0x00000d2d   Thumb Code     0  fflti.o(.text)
    __user_setup_stackheap                   0x00000d33   Thumb Code    62  sys_stackheap_outer.o(.text)
    exit                                     0x00000d71   Thumb Code    16  exit.o(.text)
    __user_libspace                          0x00000d81   Thumb Code     8  libspace.o(.text)
    __user_perproc_libspace                  0x00000d81   Thumb Code     0  libspace.o(.text)
    __user_perthread_libspace                0x00000d81   Thumb Code     0  libspace.o(.text)
    _sys_exit                                0x00000d89   Thumb Code     8  sys_exit.o(.text)
    __I$use$semihosting                      0x00000d95   Thumb Code     0  use_no_semi.o(.text)
    __use_no_semihosting_swi                 0x00000d95   Thumb Code     2  use_no_semi.o(.text)
    __semihosting_library_function           0x00000d97   Thumb Code     0  indicate_semi.o(.text)
    BMSCalTask                               0x00000d99   Thumb Code   760  b5_soc.o(.text.BMSCalTask)
    BMSCoulombTotalUpdate                    0x000010ad   Thumb Code   116  b5_soc.o(.text.BMSCoulombTotalUpdate)
    BMSInit                                  0x00001121   Thumb Code    52  b5_soc.o(.text.BMSInit)
    BMSSingleBatVolCheck                     0x00001165   Thumb Code    48  b5_soc.o(.text.BMSSingleBatVolCheck)
    BMSStartUp                               0x000011a1   Thumb Code   292  b5_soc.o(.text.BMSStartUp)
    BMSTask                                  0x000012e5   Thumb Code   120  b5_soc.o(.text.BMSTask)
    BMSWriteEETask                           0x00001369   Thumb Code   160  b5_soc.o(.text.BMSWriteEETask)
    BQ769x2_Init                             0x00001425   Thumb Code  1446  bq769x2_protocol.o(.text.BQ769x2_Init)
    BQ769x2_ReadAlarmStatus                  0x000019cd   Thumb Code    36  bq769x2_protocol.o(.text.BQ769x2_ReadAlarmStatus)
    BQ769x2_ReadAllTemperatures              0x000019f5   Thumb Code   216  bq769x2_protocol.o(.text.BQ769x2_ReadAllTemperatures)
    BQ769x2_ReadCurrent                      0x00001add   Thumb Code    36  bq769x2_protocol.o(.text.BQ769x2_ReadCurrent)
    BQ769x2_ReadFETStatus                    0x00001b01   Thumb Code    32  bq769x2_protocol.o(.text.BQ769x2_ReadFETStatus)
    BQ769x2_ReadSafetyStatus                 0x00001b25   Thumb Code   148  bq769x2_protocol.o(.text.BQ769x2_ReadSafetyStatus)
    BQ769x2_ReadVoltage                      0x00001bd9   Thumb Code    52  bq769x2_protocol.o(.text.BQ769x2_ReadVoltage)
    BQDataGet                                0x00001c11   Thumb Code   316  dataprocess.o(.text.BQDataGet)
    BoxCoulombCount                          0x00001d5d   Thumb Code   100  b5_soc.o(.text.BoxCoulombCount)
    CommandSubcommands                       0x00001dd5   Thumb Code    32  bq769x2_protocol.o(.text.CommandSubcommands)
    DL_Common_delayCycles                    0x00001df5   Thumb Code    10  dl_common.o(.text.DL_Common_delayCycles)
    DL_DMA_initChannel                       0x00001e01   Thumb Code    68  dl_dma.o(.text.DL_DMA_initChannel)
    DL_FlashCTL_eraseMemoryFromRAM           0x00001e45   Thumb Code    24  dl_flashctl.o(.text.DL_FlashCTL_eraseMemoryFromRAM)
    DL_FlashCTL_programMemory32WithECCGenerated 0x00001e5d   Thumb Code    28  dl_flashctl.o(.text.DL_FlashCTL_programMemory32WithECCGenerated)
    DL_FlashCTL_unprotectSector              0x00001e79   Thumb Code   240  dl_flashctl.o(.text.DL_FlashCTL_unprotectSector)
    DL_I2C_fillControllerTXFIFO              0x00001f69   Thumb Code    44  dl_i2c.o(.text.DL_I2C_fillControllerTXFIFO)
    DL_I2C_flushControllerRXFIFO             0x00001f95   Thumb Code    28  dl_i2c.o(.text.DL_I2C_flushControllerRXFIFO)
    DL_I2C_flushControllerTXFIFO             0x00001fb1   Thumb Code    40  dl_i2c.o(.text.DL_I2C_flushControllerTXFIFO)
    DL_I2C_setClockConfig                    0x00001fd9   Thumb Code    38  dl_i2c.o(.text.DL_I2C_setClockConfig)
    DL_SYSCTL_setLFCLKSourceLFXT             0x00002001   Thumb Code    80  dl_sysctl_mspm0g1x0x_g3x0x.o(.text.DL_SYSCTL_setLFCLKSourceLFXT)
    DL_Timer_initTimerMode                   0x00002051   Thumb Code   240  dl_timer.o(.text.DL_Timer_initTimerMode)
    DL_Timer_setClockConfig                  0x00002141   Thumb Code    28  dl_timer.o(.text.DL_Timer_setClockConfig)
    DL_UART_fillTXFIFO                       0x0000215d   Thumb Code    40  dl_uart.o(.text.DL_UART_fillTXFIFO)
    DL_UART_init                             0x00002185   Thumb Code    72  dl_uart.o(.text.DL_UART_init)
    DL_UART_setClockConfig                   0x000021cd   Thumb Code    18  dl_uart.o(.text.DL_UART_setClockConfig)
    FaultDetect                              0x000021e1   Thumb Code    64  faultprotect.o(.text.FaultDetect)
    FaultProtect_init                        0x00002235   Thumb Code     2  faultprotect.o(.text.FaultProtect_init)
    I2C1_IRQHandler                          0x00002239   Thumb Code    20  main.o(.text.I2C1_IRQHandler)
    I2C_ReadReg                              0x00002251   Thumb Code   252  i2c_comm.o(.text.I2C_ReadReg)
    I2C_WriteReg                             0x00002355   Thumb Code   160  i2c_comm.o(.text.I2C_WriteReg)
    PC_ProcessData                           0x00002401   Thumb Code   152  pc_protocol.o(.text.PC_ProcessData)
    PC_protocol_init                         0x000024a5   Thumb Code     8  pc_protocol.o(.text.PC_protocol_init)
    SYSCFG_DL_DMA_CH0_init                   0x000024b1   Thumb Code    16  ti_msp_dl_config.o(.text.SYSCFG_DL_DMA_CH0_init)
    SYSCFG_DL_DMA_init                       0x000024c9   Thumb Code     8  ti_msp_dl_config.o(.text.SYSCFG_DL_DMA_init)
    SYSCFG_DL_GPIO_init                      0x000024d1   Thumb Code    64  ti_msp_dl_config.o(.text.SYSCFG_DL_GPIO_init)
    SYSCFG_DL_I2C_0_init                     0x00002525   Thumb Code    76  ti_msp_dl_config.o(.text.SYSCFG_DL_I2C_0_init)
    SYSCFG_DL_SYSCTL_CLK_init                0x0000257d   Thumb Code    32  ti_msp_dl_config.o(.text.SYSCFG_DL_SYSCTL_CLK_init)
    SYSCFG_DL_SYSCTL_init                    0x000025a1   Thumb Code    60  ti_msp_dl_config.o(.text.SYSCFG_DL_SYSCTL_init)
    SYSCFG_DL_TIMER_init                     0x000025e9   Thumb Code    48  ti_msp_dl_config.o(.text.SYSCFG_DL_TIMER_init)
    SYSCFG_DL_UART_0_init                    0x00002631   Thumb Code   136  ti_msp_dl_config.o(.text.SYSCFG_DL_UART_0_init)
    SYSCFG_DL_init                           0x000026cd   Thumb Code    44  ti_msp_dl_config.o(.text.SYSCFG_DL_init)
    SYSCFG_DL_initPower                      0x000026fd   Thumb Code    44  ti_msp_dl_config.o(.text.SYSCFG_DL_initPower)
    TIMA0_IRQHandler                         0x00002745   Thumb Code    36  main.o(.text.TIMA0_IRQHandler)
    Temperature_Pin_Initialize               0x00002775   Thumb Code   110  bq769x2_protocol.o(.text.Temperature_Pin_Initialize)
    UART0_IRQHandler                         0x000027e5   Thumb Code    20  main.o(.text.UART0_IRQHandler)
    UART_FaultReset                          0x000027fd   Thumb Code    60  pc_protocol.o(.text.UART_FaultReset)
    UART_WriteArray                          0x0000283d   Thumb Code    68  uart_comm.o(.text.UART_WriteArray)
    VcellMode_Initialize                     0x00002889   Thumb Code   252  bq769x2_protocol.o(.text.VcellMode_Initialize)
    delayMS                                  0x00002985   Thumb Code    28  mymcucommbsw.o(.text.delayMS)
    delayUS                                  0x000029a1   Thumb Code    26  mymcucommbsw.o(.text.delayUS)
    main                                     0x000029bd   Thumb Code   172  main.o(.text.main)
    __aeabi_uidiv                            0x00002a91   Thumb Code    68  aeabi_sdivfast.o(.text_divfast)
    __aeabi_idiv                             0x00002ad5   Thumb Code   434  aeabi_sdivfast.o(.text_divfast)
    __aeabi_fmul                             0x00002c95   Thumb Code     0  fmul.o(x$fpl$fmul)
    _fmul                                    0x00002c95   Thumb Code   172  fmul.o(x$fpl$fmul)
    __I$use$fp                               0x00002d44   Number         0  usenofp.o(x$fpl$usenofp)
    packInfo                                 0x00002dc4   Data          22  batconfig.o(.rodata.packInfo)
    Region$$Table$$Base                      0x00002de0   Number         0  anon$$obj.o(Region$$Table)
    Region$$Table$$Limit                     0x00002e10   Number         0  anon$$obj.o(Region$$Table)
    SW_VER                                   0x20200034   Data           4  main.o(.data.SW_VER)
    __libspace_start                         0x20200038   Data          96  libspace.o(.bss)
    AlarmBits                                0x20200098   Data           2  bq769x2_protocol.o(.bss.AlarmBits)
    __temporary_stack_top$libspace           0x20200098   Data           0  libspace.o(.bss)
    BoxSOCEEBuffer                           0x2020009c   Data           4  b5_soc.o(.bss.BoxSOCEEBuffer)
    FET_Status                               0x202000a0   Data           1  bq769x2_protocol.o(.bss.FET_Status)
    I2C_dead                                 0x202000a1   Data           1  i2c_comm.o(.bss.I2C_dead)
    OCD_Fault                                0x202000a2   Data           1  bq769x2_protocol.o(.bss.OCD_Fault)
    OV_Fault                                 0x202000a3   Data           1  bq769x2_protocol.o(.bss.OV_Fault)
    Pack_Current                             0x202000a4   Data           2  bq769x2_protocol.o(.bss.Pack_Current)
    PcPointBuffer                            0x202000a6   Data          76  pc_protocol.o(.bss.PcPointBuffer)
    ProtectionsTriggered                     0x202000f2   Data           1  bq769x2_protocol.o(.bss.ProtectionsTriggered)
    RX_data                                  0x202000f3   Data           2  bq769x2_protocol.o(.bss.RX_data)
    RecBuffer                                0x202000f8   Data           8  pc_protocol.o(.bss.RecBuffer)
    SCD_Fault                                0x20200100   Data           1  bq769x2_protocol.o(.bss.SCD_Fault)
    SendBuffer                               0x20200101   Data           8  pc_protocol.o(.bss.SendBuffer)
    SingleBatSOCEEReadBuffer                 0x2020010c   Data          32  b5_soc.o(.bss.SingleBatSOCEEReadBuffer)
    SingleBatSOCEEWriteBuffer                0x2020012c   Data          32  b5_soc.o(.bss.SingleBatSOCEEWriteBuffer)
    SingleBatTempEEWriteBuffer               0x2020014c   Data          16  b5_soc.o(.bss.SingleBatTempEEWriteBuffer)
    Temperature                              0x2020015c   Data          16  bq769x2_protocol.o(.bss.Temperature)
    UART_Fault                               0x2020016c   Data           1  pc_protocol.o(.bss.UART_Fault)
    UV_Fault                                 0x2020016d   Data           1  bq769x2_protocol.o(.bss.UV_Fault)
    batBMS                                   0x20200170   Data          64  b5_soc.o(.bss.batBMS)
    boxBMS                                   0x202001b0   Data          24  b5_soc.o(.bss.boxBMS)
    boxInfo                                  0x202001c8   Data          24  b5_soc.o(.bss.boxInfo)
    dC                                       0x202001e0   Data           4  b5_soc.o(.bss.dC)
    gTIMERBackup                             0x202001e4   Data         188  ti_msp_dl_config.o(.bss.gTIMERBackup)
    value_SafetyStatusA                      0x202002a0   Data           1  bq769x2_protocol.o(.bss.value_SafetyStatusA)
    value_SafetyStatusB                      0x202002a1   Data           1  bq769x2_protocol.o(.bss.value_SafetyStatusB)
    value_SafetyStatusC                      0x202002a2   Data           1  bq769x2_protocol.o(.bss.value_SafetyStatusC)
    writeEEcnt                               0x202002a4   Data           2  b5_soc.o(.bss.writeEEcnt)



==============================================================================

Memory Map of the image

  Image Entry point : 0x000000c1

  Load Region LR_IROM1 (Base: 0x00000000, Size: 0x00002e48, Max: 0x00020000, ABSOLUTE)

    Execution Region ER_IROM1 (Exec base: 0x00000000, Load base: 0x00000000, Size: 0x00002e10, Max: 0x00020000, ABSOLUTE)

    Exec Addr    Load Addr    Size         Type   Attr      Idx    E Section Name        Object

    0x00000000   0x00000000   0x000000c0   Data   RO           43    RESET               startup_mspm0g350x_uvision.o
    0x000000c0   0x000000c0   0x00000008   Code   RO          719  * !!!main             c_p.l(__main.o)
    0x000000c8   0x000000c8   0x00000054   Code   RO          914    !!!scatter          c_p.l(__scatter.o)
    0x0000011c   0x0000011c   0x00000004   PAD
    0x00000120   0x00000120   0x0000001a   Code   RO          918    !!handler_copy      c_p.l(__scatter_copy.o)
    0x0000013a   0x0000013a   0x00000006   PAD
    0x00000140   0x00000140   0x00000002   Code   RO          915    !!handler_null      c_p.l(__scatter.o)
    0x00000142   0x00000142   0x00000006   PAD
    0x00000148   0x00000148   0x0000001c   Code   RO          920    !!handler_zi        c_p.l(__scatter_zi.o)
    0x00000164   0x00000164   0x00000002   Code   RO          775    .ARM.Collect$$libinit$$00000000  c_p.l(libinit.o)
    0x00000166   0x00000166   0x00000000   Code   RO          789    .ARM.Collect$$libinit$$00000002  c_p.l(libinit2.o)
    0x00000166   0x00000166   0x00000000   Code   RO          791    .ARM.Collect$$libinit$$00000004  c_p.l(libinit2.o)
    0x00000166   0x00000166   0x00000000   Code   RO          793    .ARM.Collect$$libinit$$00000006  c_p.l(libinit2.o)
    0x00000166   0x00000166   0x00000000   Code   RO          796    .ARM.Collect$$libinit$$0000000C  c_p.l(libinit2.o)
    0x00000166   0x00000166   0x00000000   Code   RO          798    .ARM.Collect$$libinit$$0000000E  c_p.l(libinit2.o)
    0x00000166   0x00000166   0x00000000   Code   RO          800    .ARM.Collect$$libinit$$00000010  c_p.l(libinit2.o)
    0x00000166   0x00000166   0x00000000   Code   RO          803    .ARM.Collect$$libinit$$00000013  c_p.l(libinit2.o)
    0x00000166   0x00000166   0x00000000   Code   RO          805    .ARM.Collect$$libinit$$00000015  c_p.l(libinit2.o)
    0x00000166   0x00000166   0x00000000   Code   RO          807    .ARM.Collect$$libinit$$00000017  c_p.l(libinit2.o)
    0x00000166   0x00000166   0x00000000   Code   RO          809    .ARM.Collect$$libinit$$00000019  c_p.l(libinit2.o)
    0x00000166   0x00000166   0x00000000   Code   RO          811    .ARM.Collect$$libinit$$0000001B  c_p.l(libinit2.o)
    0x00000166   0x00000166   0x00000000   Code   RO          813    .ARM.Collect$$libinit$$0000001D  c_p.l(libinit2.o)
    0x00000166   0x00000166   0x00000000   Code   RO          815    .ARM.Collect$$libinit$$0000001F  c_p.l(libinit2.o)
    0x00000166   0x00000166   0x00000000   Code   RO          817    .ARM.Collect$$libinit$$00000021  c_p.l(libinit2.o)
    0x00000166   0x00000166   0x00000000   Code   RO          819    .ARM.Collect$$libinit$$00000023  c_p.l(libinit2.o)
    0x00000166   0x00000166   0x00000000   Code   RO          821    .ARM.Collect$$libinit$$00000025  c_p.l(libinit2.o)
    0x00000166   0x00000166   0x00000000   Code   RO          823    .ARM.Collect$$libinit$$00000027  c_p.l(libinit2.o)
    0x00000166   0x00000166   0x00000000   Code   RO          827    .ARM.Collect$$libinit$$0000002E  c_p.l(libinit2.o)
    0x00000166   0x00000166   0x00000000   Code   RO          829    .ARM.Collect$$libinit$$00000030  c_p.l(libinit2.o)
    0x00000166   0x00000166   0x00000000   Code   RO          831    .ARM.Collect$$libinit$$00000032  c_p.l(libinit2.o)
    0x00000166   0x00000166   0x00000000   Code   RO          833    .ARM.Collect$$libinit$$00000034  c_p.l(libinit2.o)
    0x00000166   0x00000166   0x00000002   Code   RO          834    .ARM.Collect$$libinit$$00000035  c_p.l(libinit2.o)
    0x00000168   0x00000168   0x00000002   Code   RO          869    .ARM.Collect$$libshutdown$$00000000  c_p.l(libshutdown.o)
    0x0000016a   0x0000016a   0x00000000   Code   RO          897    .ARM.Collect$$libshutdown$$00000002  c_p.l(libshutdown2.o)
    0x0000016a   0x0000016a   0x00000000   Code   RO          899    .ARM.Collect$$libshutdown$$00000004  c_p.l(libshutdown2.o)
    0x0000016a   0x0000016a   0x00000000   Code   RO          902    .ARM.Collect$$libshutdown$$00000007  c_p.l(libshutdown2.o)
    0x0000016a   0x0000016a   0x00000000   Code   RO          905    .ARM.Collect$$libshutdown$$0000000A  c_p.l(libshutdown2.o)
    0x0000016a   0x0000016a   0x00000000   Code   RO          907    .ARM.Collect$$libshutdown$$0000000C  c_p.l(libshutdown2.o)
    0x0000016a   0x0000016a   0x00000000   Code   RO          910    .ARM.Collect$$libshutdown$$0000000F  c_p.l(libshutdown2.o)
    0x0000016a   0x0000016a   0x00000002   Code   RO          911    .ARM.Collect$$libshutdown$$00000010  c_p.l(libshutdown2.o)
    0x0000016c   0x0000016c   0x00000000   Code   RO          738    .ARM.Collect$$rtentry$$00000000  c_p.l(__rtentry.o)
    0x0000016c   0x0000016c   0x00000000   Code   RO          745    .ARM.Collect$$rtentry$$00000002  c_p.l(__rtentry2.o)
    0x0000016c   0x0000016c   0x00000006   Code   RO          757    .ARM.Collect$$rtentry$$00000004  c_p.l(__rtentry4.o)
    0x00000172   0x00000172   0x00000000   Code   RO          747    .ARM.Collect$$rtentry$$00000009  c_p.l(__rtentry2.o)
    0x00000172   0x00000172   0x00000004   Code   RO          748    .ARM.Collect$$rtentry$$0000000A  c_p.l(__rtentry2.o)
    0x00000176   0x00000176   0x00000000   Code   RO          750    .ARM.Collect$$rtentry$$0000000C  c_p.l(__rtentry2.o)
    0x00000176   0x00000176   0x00000008   Code   RO          751    .ARM.Collect$$rtentry$$0000000D  c_p.l(__rtentry2.o)
    0x0000017e   0x0000017e   0x00000002   Code   RO          780    .ARM.Collect$$rtexit$$00000000  c_p.l(rtexit.o)
    0x00000180   0x00000180   0x00000000   Code   RO          840    .ARM.Collect$$rtexit$$00000002  c_p.l(rtexit2.o)
    0x00000180   0x00000180   0x00000004   Code   RO          841    .ARM.Collect$$rtexit$$00000003  c_p.l(rtexit2.o)
    0x00000184   0x00000184   0x00000006   Code   RO          842    .ARM.Collect$$rtexit$$00000004  c_p.l(rtexit2.o)
    0x0000018a   0x0000018a   0x00000002   PAD
    0x0000018c   0x0000018c   0x00000038   Code   RO          703    .emb_text           c_p.l(rt_memcpy.o)
    0x000001c4   0x000001c4   0x0000002c   Code   RO           44    .text               startup_mspm0g350x_uvision.o
    0x000001f0   0x000001f0   0x00000082   Code   RO          704    .text               c_p.l(rt_memcpy.o)
    0x00000272   0x00000272   0x00000040   Code   RO          707    .text               c_p.l(rt_memclr.o)
    0x000002b2   0x000002b2   0x00000002   PAD
    0x000002b4   0x000002b4   0x000001f8   Code   RO          709    .text               c_p.l(aeabi_sdivfast.o)
    0x000004ac   0x000004ac   0x00000006   Code   RO          717    .text               c_p.l(heapauxi.o)
    0x000004b2   0x000004b2   0x00000002   PAD
    0x000004b4   0x000004b4   0x0000007c   Code   RO          721    .text               fz_ps.l(d2f.o)
    0x00000530   0x00000530   0x00000358   Code   RO          723    .text               fz_ps.l(daddsub.o)
    0x00000888   0x00000888   0x00000058   Code   RO          725    .text               fz_ps.l(dflti.o)
    0x000008e0   0x000008e0   0x00000248   Code   RO          727    .text               fz_ps.l(dmul.o)
    0x00000b28   0x00000b28   0x00000160   Code   RO          729    .text               fz_ps.l(fdiv.o)
    0x00000c88   0x00000c88   0x0000004c   Code   RO          732    .text               fz_ps.l(ffixi.o)
    0x00000cd4   0x00000cd4   0x0000005e   Code   RO          734    .text               fz_ps.l(fflti.o)
    0x00000d32   0x00000d32   0x0000003e   Code   RO          761    .text               c_p.l(sys_stackheap_outer.o)
    0x00000d70   0x00000d70   0x00000010   Code   RO          764    .text               c_p.l(exit.o)
    0x00000d80   0x00000d80   0x00000008   Code   RO          776    .text               c_p.l(libspace.o)
    0x00000d88   0x00000d88   0x0000000c   Code   RO          835    .text               c_p.l(sys_exit.o)
    0x00000d94   0x00000d94   0x00000002   Code   RO          858    .text               c_p.l(use_no_semi.o)
    0x00000d96   0x00000d96   0x00000000   Code   RO          860    .text               c_p.l(indicate_semi.o)
    0x00000d96   0x00000d96   0x00000002   PAD
    0x00000d98   0x00000d98   0x00000314   Code   RO          262    .text.BMSCalTask    b5_soc.o
    0x000010ac   0x000010ac   0x00000074   Code   RO          264    .text.BMSCoulombTotalUpdate  b5_soc.o
    0x00001120   0x00001120   0x00000044   Code   RO          254    .text.BMSInit       b5_soc.o
    0x00001164   0x00001164   0x0000003c   Code   RO          282    .text.BMSSingleBatVolCheck  b5_soc.o
    0x000011a0   0x000011a0   0x00000144   Code   RO          258    .text.BMSStartUp    b5_soc.o
    0x000012e4   0x000012e4   0x00000084   Code   RO          256    .text.BMSTask       b5_soc.o
    0x00001368   0x00001368   0x000000bc   Code   RO          266    .text.BMSWriteEETask  b5_soc.o
    0x00001424   0x00001424   0x000005a6   Code   RO          103    .text.BQ769x2_Init  bq769x2_protocol.o
    0x000019ca   0x000019ca   0x00000002   PAD
    0x000019cc   0x000019cc   0x00000028   Code   RO          109    .text.BQ769x2_ReadAlarmStatus  bq769x2_protocol.o
    0x000019f4   0x000019f4   0x000000e8   Code   RO          125    .text.BQ769x2_ReadAllTemperatures  bq769x2_protocol.o
    0x00001adc   0x00001adc   0x00000024   Code   RO          121    .text.BQ769x2_ReadCurrent  bq769x2_protocol.o
    0x00001b00   0x00001b00   0x00000024   Code   RO          115    .text.BQ769x2_ReadFETStatus  bq769x2_protocol.o
    0x00001b24   0x00001b24   0x000000b4   Code   RO          111    .text.BQ769x2_ReadSafetyStatus  bq769x2_protocol.o
    0x00001bd8   0x00001bd8   0x00000038   Code   RO          117    .text.BQ769x2_ReadVoltage  bq769x2_protocol.o
    0x00001c10   0x00001c10   0x0000014c   Code   RO          232    .text.BQDataGet     dataprocess.o
    0x00001d5c   0x00001d5c   0x00000078   Code   RO          278    .text.BoxCoulombCount  b5_soc.o
    0x00001dd4   0x00001dd4   0x00000020   Code   RO           97    .text.CommandSubcommands  bq769x2_protocol.o
    0x00001df4   0x00001df4   0x0000000a   Code   RO          322    .text.DL_Common_delayCycles  driverlib.a(dl_common.o)
    0x00001dfe   0x00001dfe   0x00000002   PAD
    0x00001e00   0x00001e00   0x00000044   Code   RO          331    .text.DL_DMA_initChannel  driverlib.a(dl_dma.o)
    0x00001e44   0x00001e44   0x00000018   Code   RO          343    .text.DL_FlashCTL_eraseMemoryFromRAM  driverlib.a(dl_flashctl.o)
    0x00001e5c   0x00001e5c   0x0000001c   Code   RO          393    .text.DL_FlashCTL_programMemory32WithECCGenerated  driverlib.a(dl_flashctl.o)
    0x00001e78   0x00001e78   0x000000f0   Code   RO          419    .text.DL_FlashCTL_unprotectSector  driverlib.a(dl_flashctl.o)
    0x00001f68   0x00001f68   0x0000002c   Code   RO          505    .text.DL_I2C_fillControllerTXFIFO  driverlib.a(dl_i2c.o)
    0x00001f94   0x00001f94   0x0000001c   Code   RO          509    .text.DL_I2C_flushControllerRXFIFO  driverlib.a(dl_i2c.o)
    0x00001fb0   0x00001fb0   0x00000028   Code   RO          507    .text.DL_I2C_flushControllerTXFIFO  driverlib.a(dl_i2c.o)
    0x00001fd8   0x00001fd8   0x00000026   Code   RO          501    .text.DL_I2C_setClockConfig  driverlib.a(dl_i2c.o)
    0x00001ffe   0x00001ffe   0x00000002   PAD
    0x00002000   0x00002000   0x00000050   Code   RO          672    .text.DL_SYSCTL_setLFCLKSourceLFXT  driverlib.a(dl_sysctl_mspm0g1x0x_g3x0x.o)
    0x00002050   0x00002050   0x000000f0   Code   RO          537    .text.DL_Timer_initTimerMode  driverlib.a(dl_timer.o)
    0x00002140   0x00002140   0x0000001c   Code   RO          533    .text.DL_Timer_setClockConfig  driverlib.a(dl_timer.o)
    0x0000215c   0x0000215c   0x00000028   Code   RO          652    .text.DL_UART_fillTXFIFO  driverlib.a(dl_uart.o)
    0x00002184   0x00002184   0x00000048   Code   RO          630    .text.DL_UART_init  driverlib.a(dl_uart.o)
    0x000021cc   0x000021cc   0x00000012   Code   RO          632    .text.DL_UART_setClockConfig  driverlib.a(dl_uart.o)
    0x000021de   0x000021de   0x00000002   PAD
    0x000021e0   0x000021e0   0x00000054   Code   RO          245    .text.FaultDetect   faultprotect.o
    0x00002234   0x00002234   0x00000002   Code   RO          243    .text.FaultProtect_init  faultprotect.o
    0x00002236   0x00002236   0x00000002   PAD
    0x00002238   0x00002238   0x00000018   Code   RO           57    .text.I2C1_IRQHandler  main.o
    0x00002250   0x00002250   0x00000104   Code   RO           73    .text.I2C_ReadReg   i2c_comm.o
    0x00002354   0x00002354   0x000000ac   Code   RO           71    .text.I2C_WriteReg  i2c_comm.o
    0x00002400   0x00002400   0x000000a4   Code   RO          179    .text.PC_ProcessData  pc_protocol.o
    0x000024a4   0x000024a4   0x0000000c   Code   RO          185    .text.PC_protocol_init  pc_protocol.o
    0x000024b0   0x000024b0   0x00000018   Code   RO           24    .text.SYSCFG_DL_DMA_CH0_init  ti_msp_dl_config.o
    0x000024c8   0x000024c8   0x00000008   Code   RO           16    .text.SYSCFG_DL_DMA_init  ti_msp_dl_config.o
    0x000024d0   0x000024d0   0x00000054   Code   RO            6    .text.SYSCFG_DL_GPIO_init  ti_msp_dl_config.o
    0x00002524   0x00002524   0x00000058   Code   RO           12    .text.SYSCFG_DL_I2C_0_init  ti_msp_dl_config.o
    0x0000257c   0x0000257c   0x00000024   Code   RO           18    .text.SYSCFG_DL_SYSCTL_CLK_init  ti_msp_dl_config.o
    0x000025a0   0x000025a0   0x00000048   Code   RO            8    .text.SYSCFG_DL_SYSCTL_init  ti_msp_dl_config.o
    0x000025e8   0x000025e8   0x00000048   Code   RO           10    .text.SYSCFG_DL_TIMER_init  ti_msp_dl_config.o
    0x00002630   0x00002630   0x0000009c   Code   RO           14    .text.SYSCFG_DL_UART_0_init  ti_msp_dl_config.o
    0x000026cc   0x000026cc   0x00000030   Code   RO            2    .text.SYSCFG_DL_init  ti_msp_dl_config.o
    0x000026fc   0x000026fc   0x00000048   Code   RO            4    .text.SYSCFG_DL_initPower  ti_msp_dl_config.o
    0x00002744   0x00002744   0x00000030   Code   RO           55    .text.TIMA0_IRQHandler  main.o
    0x00002774   0x00002774   0x0000006e   Code   RO          105    .text.Temperature_Pin_Initialize  bq769x2_protocol.o
    0x000027e2   0x000027e2   0x00000002   PAD
    0x000027e4   0x000027e4   0x00000018   Code   RO           53    .text.UART0_IRQHandler  main.o
    0x000027fc   0x000027fc   0x00000040   Code   RO          187    .text.UART_FaultReset  pc_protocol.o
    0x0000283c   0x0000283c   0x0000004c   Code   RO          167    .text.UART_WriteArray  uart_comm.o
    0x00002888   0x00002888   0x000000fc   Code   RO          107    .text.VcellMode_Initialize  bq769x2_protocol.o
    0x00002984   0x00002984   0x0000001c   Code   RO          218    .text.delayMS       mymcucommbsw.o
    0x000029a0   0x000029a0   0x0000001a   Code   RO          220    .text.delayUS       mymcucommbsw.o
    0x000029ba   0x000029ba   0x00000002   PAD
    0x000029bc   0x000029bc   0x000000d4   Code   RO           51    .text.main          main.o
    0x00002a90   0x00002a90   0x000001f6   Code   RO          710    .text_divfast       c_p.l(aeabi_sdivfast.o)
    0x00002c86   0x00002c86   0x00000002   PAD
    0x00002c88   0x00002c88   0x0000000c   Ven    RO          922    Veneer$$Code        anon$$obj.o
    0x00002c94   0x00002c94   0x000000b0   Code   RO          736    x$fpl$fmul          fz_ps.l(fmul.o)
    0x00002d44   0x00002d44   0x00000000   Code   RO          743    x$fpl$usenofp       fz_ps.l(usenofp.o)
    0x00002d44   0x00002d44   0x00000040   Data   RO          730    .constdata          fz_ps.l(fdiv.o)
    0x00002d84   0x00002d84   0x00000018   Data   RO           33    .rodata.gDMA_CH0Config  ti_msp_dl_config.o
    0x00002d9c   0x00002d9c   0x00000002   Data   RO           30    .rodata.gI2C_0ClockConfig  ti_msp_dl_config.o
    0x00002d9e   0x00002d9e   0x00000003   Data   RO           27    .rodata.gLFCLKConfig  ti_msp_dl_config.o
    0x00002da1   0x00002da1   0x00000003   Data   RO           28    .rodata.gTIMERClockConfig  ti_msp_dl_config.o
    0x00002da4   0x00002da4   0x00000014   Data   RO           29    .rodata.gTIMERTimerConfig  ti_msp_dl_config.o
    0x00002db8   0x00002db8   0x00000002   Data   RO           31    .rodata.gUART_0ClockConfig  ti_msp_dl_config.o
    0x00002dba   0x00002dba   0x0000000a   Data   RO           32    .rodata.gUART_0Config  ti_msp_dl_config.o
    0x00002dc4   0x00002dc4   0x00000016   Data   RO          316    .rodata.packInfo    batconfig.o
    0x00002dda   0x00002dda   0x00000006   PAD
    0x00002de0   0x00002de0   0x00000030   Data   RO          913    Region$$Table       anon$$obj.o


    Execution Region RW_IRAM2 (Exec base: 0x20200000, Load base: 0x00002e10, Size: 0x000006a8, Max: 0x00008000, ABSOLUTE)

    Exec Addr    Load Addr    Size         Type   Attr      Idx    E Section Name        Object

    0x20200000   0x00002e10   0x00000034   Code   RO          345    .ramfunc            driverlib.a(dl_flashctl.o)
    0x20200034   0x00002e44   0x00000004   Data   RW           59    .data.SW_VER        main.o
    0x20200038        -       0x00000060   Zero   RW          777    .bss                c_p.l(libspace.o)
    0x20200098        -       0x00000002   Zero   RW          135    .bss.AlarmBits      bq769x2_protocol.o
    0x2020009a   0x00002e48   0x00000002   PAD
    0x2020009c        -       0x00000004   Zero   RW          294    .bss.BoxSOCEEBuffer  b5_soc.o
    0x202000a0        -       0x00000001   Zero   RW          154    .bss.FET_Status     bq769x2_protocol.o
    0x202000a1        -       0x00000001   Zero   RW           76    .bss.I2C_dead       i2c_comm.o
    0x202000a2        -       0x00000001   Zero   RW          139    .bss.OCD_Fault      bq769x2_protocol.o
    0x202000a3        -       0x00000001   Zero   RW          137    .bss.OV_Fault       bq769x2_protocol.o
    0x202000a4        -       0x00000002   Zero   RW          134    .bss.Pack_Current   bq769x2_protocol.o
    0x202000a6        -       0x0000004c   Zero   RW          191    .bss.PcPointBuffer  pc_protocol.o
    0x202000f2        -       0x00000001   Zero   RW          140    .bss.ProtectionsTriggered  bq769x2_protocol.o
    0x202000f3        -       0x00000002   Zero   RW          147    .bss.RX_data        bq769x2_protocol.o
    0x202000f5   0x00002e48   0x00000003   PAD
    0x202000f8        -       0x00000008   Zero   RW          189    .bss.RecBuffer      pc_protocol.o
    0x20200100        -       0x00000001   Zero   RW          138    .bss.SCD_Fault      bq769x2_protocol.o
    0x20200101        -       0x00000008   Zero   RW          190    .bss.SendBuffer     pc_protocol.o
    0x20200109   0x00002e48   0x00000003   PAD
    0x2020010c        -       0x00000020   Zero   RW          298    .bss.SingleBatSOCEEReadBuffer  b5_soc.o
    0x2020012c        -       0x00000020   Zero   RW          299    .bss.SingleBatSOCEEWriteBuffer  b5_soc.o
    0x2020014c        -       0x00000010   Zero   RW          300    .bss.SingleBatTempEEWriteBuffer  b5_soc.o
    0x2020015c        -       0x00000010   Zero   RW          130    .bss.Temperature    bq769x2_protocol.o
    0x2020016c        -       0x00000001   Zero   RW          193    .bss.UART_Fault     pc_protocol.o
    0x2020016d        -       0x00000001   Zero   RW          136    .bss.UV_Fault       bq769x2_protocol.o
    0x2020016e   0x00002e48   0x00000002   PAD
    0x20200170        -       0x00000040   Zero   RW          306    .bss.batBMS         b5_soc.o
    0x202001b0        -       0x00000018   Zero   RW          304    .bss.boxBMS         b5_soc.o
    0x202001c8        -       0x00000018   Zero   RW          305    .bss.boxInfo        b5_soc.o
    0x202001e0        -       0x00000004   Zero   RW          302    .bss.dC             b5_soc.o
    0x202001e4        -       0x000000bc   Zero   RW           26    .bss.gTIMERBackup   ti_msp_dl_config.o
    0x202002a0        -       0x00000001   Zero   RW          148    .bss.value_SafetyStatusA  bq769x2_protocol.o
    0x202002a1        -       0x00000001   Zero   RW          149    .bss.value_SafetyStatusB  bq769x2_protocol.o
    0x202002a2        -       0x00000001   Zero   RW          150    .bss.value_SafetyStatusC  bq769x2_protocol.o
    0x202002a3   0x00002e48   0x00000001   PAD
    0x202002a4        -       0x00000002   Zero   RW          301    .bss.writeEEcnt     b5_soc.o
    0x202002a6   0x00002e48   0x00000002   PAD
    0x202002a8        -       0x00000000   Zero   RW           42    HEAP                startup_mspm0g350x_uvision.o
    0x202002a8        -       0x00000400   Zero   RW           41    STACK               startup_mspm0g350x_uvision.o



  Load Region LR_BCR (Base: 0x41c00000, Size: 0x00000000, Max: 0x00000100, ABSOLUTE)

    Execution Region BCR_CONFIG (Exec base: 0x41c00000, Load base: 0x41c00000, Size: 0x00000000, Max: 0x00000080, ABSOLUTE)

    **** No section assigned to this execution region ****



  Load Region LR_BSL (Base: 0x41c00100, Size: 0x00000000, Max: 0x00000100, ABSOLUTE)

    Execution Region BSL_CONFIG (Exec base: 0x41c00100, Load base: 0x41c00100, Size: 0x00000000, Max: 0x00000080, ABSOLUTE)

    **** No section assigned to this execution region ****


==============================================================================

Image component sizes


      Code (inc. data)   RO Data    RW Data    ZI Data      Debug   Object Name

      1796        148          0          0        202      13271   b5_soc.o
         0          0         22          0          0        771   batconfig.o
      2420         60          0          0         31      23578   bq769x2_protocol.o
       332         16          0          0          0       4539   dataprocess.o
        86         20          0          0          0       1260   faultprotect.o
       432         20          0          0          1       7508   i2c_comm.o
       308         60          0          4          0      17668   main.o
        54          0          0          0          0       9697   mymcucommbsw.o
       240         20          0          0         93       6394   pc_protocol.o
        44         18        192          0       1024        672   startup_mspm0g350x_uvision.o
       660        132         64          0        188      34734   ti_msp_dl_config.o
        76          8          0          0          0       2922   uart_comm.o

    ----------------------------------------------------------------------
      6468        506        332          4       1552     123014   Object Totals
        12          4         48          0          0          0   (incl. Generated)
         8          0          6          0         13          0   (incl. Padding)

    ----------------------------------------------------------------------

      Code (inc. data)   RO Data    RW Data    ZI Data      Debug   Library Member Name

         8          0          0          0          0         68   __main.o
         0          0          0          0          0          0   __rtentry.o
        12          0          0          0          0          0   __rtentry2.o
         6          0          0          0          0          0   __rtentry4.o
        86         10          0          0          0          0   __scatter.o
        26          0          0          0          0          0   __scatter_copy.o
        28          0          0          0          0          0   __scatter_zi.o
      1006          4          0          0          0        184   aeabi_sdivfast.o
        16          0          0          0          0         68   exit.o
         6          0          0          0          0        136   heapauxi.o
         0          0          0          0          0          0   indicate_semi.o
         2          0          0          0          0          0   libinit.o
         2          0          0          0          0          0   libinit2.o
         2          0          0          0          0          0   libshutdown.o
         2          0          0          0          0          0   libshutdown2.o
         8          4          0          0         96         68   libspace.o
        64          0          0          0          0        108   rt_memclr.o
       186          0          0          0          0        144   rt_memcpy.o
         2          0          0          0          0          0   rtexit.o
        10          0          0          0          0          0   rtexit2.o
        12          4          0          0          0         60   sys_exit.o
        62          0          0          0          0         80   sys_stackheap_outer.o
         2          0          0          0          0         68   use_no_semi.o
        10          0          0          0          0        803   dl_common.o
        68          4          0          0          0       4505   dl_dma.o
       344         24          0          0          0      63542   dl_flashctl.o
       150          4          0          0          0       8590   dl_i2c.o
        80         16          0          0          0      18491   dl_sysctl_mspm0g1x0x_g3x0x.o
       268        160          0          0          0      39888   dl_timer.o
       130         12          0          0          0      14128   dl_uart.o
       124          4          0          0          0         72   d2f.o
       856         20          0          0          0        208   daddsub.o
        88          0          0          0          0         92   dflti.o
       584         26          0          0          0         84   dmul.o
       352         10         64          0          0         92   fdiv.o
        76          0          0          0          0         68   ffixi.o
        94          0          0          0          0         92   fflti.o
       176          4          0          0          0         80   fmul.o
         0          0          0          0          0          0   usenofp.o

    ----------------------------------------------------------------------
      4980        310         64          0         96     151719   Library Totals
        32          4          0          0          0          0   (incl. Padding)

    ----------------------------------------------------------------------

      Code (inc. data)   RO Data    RW Data    ZI Data      Debug   Library Name

      1548         22          0          0         96        984   c_p.l
      1050        220          0          0          0     149947   driverlib.a
      2350         64         64          0          0        788   fz_ps.l

    ----------------------------------------------------------------------
      4980        310         64          0         96     151719   Library Totals

    ----------------------------------------------------------------------

==============================================================================


      Code (inc. data)   RO Data    RW Data    ZI Data      Debug   

     11448        816        396          4       1648     273785   Grand Totals
     11448        816        396          4       1648     273785   ELF Image Totals
     11448        816        396          4          0          0   ROM Totals

==============================================================================

    Total RO  Size (Code + RO Data)                11844 (  11.57kB)
    Total RW  Size (RW Data + ZI Data)              1652 (   1.61kB)
    Total ROM Size (Code + RO Data + RW Data)      11848 (  11.57kB)

==============================================================================

